panels 0/6 elapsed=20.0s
panels 1/6 elapsed=24.0s
panels 2/6 elapsed=27.3s
panels 3/6 elapsed=35.7s
panels 4/6 elapsed=40.4s
panels 5/6 elapsed=44.3s
panels 6/6 elapsed=48.2s
/SSD_2/pid-mcm-implementation/experiments/runs/physiology_semantic_tokenizer/data_quality_audit/20260918_hbo_hbr_calibration_pilot_v1/source_snapshot/experiments/scripts/evaluate_hbo_hbr_calibration.py:440: FutureWarning: Downcasting object dtype arrays on .fillna, .ffill, .bfill is deprecated and will change in a future version. Call result.infer_objects(copy=False) instead. To opt-in to the future behavior, set `pd.set_option('future.no_silent_downcasting', True)`
  good=g[g.status=='completed']; valid=good[good.intervals_valid.fillna(False)] if len(good) else good
/SSD_2/pid-mcm-implementation/experiments/runs/physiology_semantic_tokenizer/data_quality_audit/20260918_hbo_hbr_calibration_pilot_v1/source_snapshot/experiments/scripts/evaluate_hbo_hbr_calibration.py:440: FutureWarning: Downcasting object dtype arrays on .fillna, .ffill, .bfill is deprecated and will change in a future version. Call result.infer_objects(copy=False) instead. To opt-in to the future behavior, set `pd.set_option('future.no_silent_downcasting', True)`
  good=g[g.status=='completed']; valid=good[good.intervals_valid.fillna(False)] if len(good) else good
/SSD_2/pid-mcm-implementation/experiments/runs/physiology_semantic_tokenizer/data_quality_audit/20260918_hbo_hbr_calibration_pilot_v1/source_snapshot/experiments/scripts/evaluate_hbo_hbr_calibration.py:440: FutureWarning: Downcasting object dtype arrays on .fillna, .ffill, .bfill is deprecated and will change in a future version. Call result.infer_objects(copy=False) instead. To opt-in to the future behavior, set `pd.set_option('future.no_silent_downcasting', True)`
  good=g[g.status=='completed']; valid=good[good.intervals_valid.fillna(False)] if len(good) else good
/SSD_2/pid-mcm-implementation/experiments/runs/physiology_semantic_tokenizer/data_quality_audit/20260918_hbo_hbr_calibration_pilot_v1/source_snapshot/experiments/scripts/evaluate_hbo_hbr_calibration.py:440: FutureWarning: Downcasting object dtype arrays on .fillna, .ffill, .bfill is deprecated and will change in a future version. Call result.infer_objects(copy=False) instead. To opt-in to the future behavior, set `pd.set_option('future.no_silent_downcasting', True)`
  good=g[g.status=='completed']; valid=good[good.intervals_valid.fillna(False)] if len(good) else good
/SSD_2/pid-mcm-implementation/experiments/runs/physiology_semantic_tokenizer/data_quality_audit/20260918_hbo_hbr_calibration_pilot_v1/source_snapshot/experiments/scripts/evaluate_hbo_hbr_calibration.py:440: FutureWarning: Downcasting object dtype arrays on .fillna, .ffill, .bfill is deprecated and will change in a future version. Call result.infer_objects(copy=False) instead. To opt-in to the future behavior, set `pd.set_option('future.no_silent_downcasting', True)`
  good=g[g.status=='completed']; valid=good[good.intervals_valid.fillna(False)] if len(good) else good
/SSD_2/pid-mcm-implementation/experiments/runs/physiology_semantic_tokenizer/data_quality_audit/20260918_hbo_hbr_calibration_pilot_v1/source_snapshot/experiments/scripts/evaluate_hbo_hbr_calibration.py:440: FutureWarning: Downcasting object dtype arrays on .fillna, .ffill, .bfill is deprecated and will change in a future version. Call result.infer_objects(copy=False) instead. To opt-in to the future behavior, set `pd.set_option('future.no_silent_downcasting', True)`
  good=g[g.status=='completed']; valid=good[good.intervals_valid.fillna(False)] if len(good) else good
Traceback (most recent call last):
  File "/SSD_2/pid-mcm-implementation/.venv/lib/python3.12/site-packages/pandas/compat/_optional.py", line 135, in import_optional_dependency
    module = importlib.import_module(name)
             ^^^^^^^^^^^^^^^^^^^^^^^^^^^^^
  File "/home/uais0/anaconda3/lib/python3.12/importlib/__init__.py", line 90, in import_module
    return _bootstrap._gcd_import(name[level:], package, level)
           ^^^^^^^^^^^^^^^^^^^^^^^^^^^^^^^^^^^^^^^^^^^^^^^^^^^^
  File "<frozen importlib._bootstrap>", line 1387, in _gcd_import
  File "<frozen importlib._bootstrap>", line 1360, in _find_and_load
  File "<frozen importlib._bootstrap>", line 1324, in _find_and_load_unlocked
ModuleNotFoundError: No module named 'tabulate'

During handling of the above exception, another exception occurred:

Traceback (most recent call last):
  File "/SSD_2/pid-mcm-implementation/experiments/runs/physiology_semantic_tokenizer/data_quality_audit/20260918_hbo_hbr_calibration_pilot_v1/source_snapshot/experiments/scripts/evaluate_hbo_hbr_calibration.py", line 558, in <module>
    if __name__=='__main__':main()
                            ^^^^^^
  File "/SSD_2/pid-mcm-implementation/experiments/runs/physiology_semantic_tokenizer/data_quality_audit/20260918_hbo_hbr_calibration_pilot_v1/source_snapshot/experiments/scripts/evaluate_hbo_hbr_calibration.py", line 551, in main
    summary=finish(out,tasks,cfg)
            ^^^^^^^^^^^^^^^^^^^^^
  File "/SSD_2/pid-mcm-implementation/experiments/runs/physiology_semantic_tokenizer/data_quality_audit/20260918_hbo_hbr_calibration_pilot_v1/source_snapshot/experiments/scripts/evaluate_hbo_hbr_calibration.py", line 474, in finish
    table=pd.DataFrame(summaries)[columns].to_markdown(index=False,floatfmt='.4g')
          ^^^^^^^^^^^^^^^^^^^^^^^^^^^^^^^^^^^^^^^^^^^^^^^^^^^^^^^^^^^^^^^^^^^^^^^^
  File "/SSD_2/pid-mcm-implementation/.venv/lib/python3.12/site-packages/pandas/util/_decorators.py", line 333, in wrapper
    return func(*args, **kwargs)
           ^^^^^^^^^^^^^^^^^^^^^
  File "/SSD_2/pid-mcm-implementation/.venv/lib/python3.12/site-packages/pandas/core/frame.py", line 2988, in to_markdown
    tabulate = import_optional_dependency("tabulate")
               ^^^^^^^^^^^^^^^^^^^^^^^^^^^^^^^^^^^^^^
  File "/SSD_2/pid-mcm-implementation/.venv/lib/python3.12/site-packages/pandas/compat/_optional.py", line 138, in import_optional_dependency
    raise ImportError(msg)
ImportError: Missing optional dependency 'tabulate'.  Use pip or conda to install tabulate.
