panels 0/168 elapsed=20.3s
panels 1/168 elapsed=33.4s
panels 2/168 elapsed=37.6s
panels 3/168 elapsed=39.0s
panels 4/168 elapsed=40.7s
panels 5/168 elapsed=42.5s
panels 6/168 elapsed=44.0s
panels 7/168 elapsed=44.0s
panels 8/168 elapsed=45.2s
panels 9/168 elapsed=45.3s
panels 10/168 elapsed=45.6s
panels 11/168 elapsed=46.1s
panels 12/168 elapsed=46.8s
panels 13/168 elapsed=47.1s
panels 14/168 elapsed=48.5s
panels 15/168 elapsed=48.6s
panels 16/168 elapsed=49.2s
panels 17/168 elapsed=49.3s
panels 18/168 elapsed=50.1s
panels 19/168 elapsed=52.9s
panels 20/168 elapsed=53.1s
panels 21/168 elapsed=53.7s
panels 22/168 elapsed=54.8s
panels 23/168 elapsed=55.6s
panels 24/168 elapsed=56.1s
panels 25/168 elapsed=56.4s
panels 26/168 elapsed=56.5s
panels 27/168 elapsed=57.3s
panels 28/168 elapsed=58.2s
panels 29/168 elapsed=58.4s
panels 30/168 elapsed=58.8s
panels 31/168 elapsed=59.6s
panels 32/168 elapsed=59.6s
panels 33/168 elapsed=60.4s
panels 34/168 elapsed=60.7s
panels 35/168 elapsed=61.0s
panels 36/168 elapsed=61.0s
panels 37/168 elapsed=61.2s
panels 38/168 elapsed=61.3s
panels 39/168 elapsed=61.5s
panels 40/168 elapsed=63.8s
panels 41/168 elapsed=64.9s
panels 42/168 elapsed=66.2s
panels 43/168 elapsed=67.2s
panels 44/168 elapsed=67.2s
panels 45/168 elapsed=70.8s
panels 46/168 elapsed=70.9s
panels 47/168 elapsed=76.3s
panels 48/168 elapsed=77.1s
panels 49/168 elapsed=88.3s
panels 50/168 elapsed=89.8s
panels 51/168 elapsed=89.8s
panels 52/168 elapsed=91.8s
panels 53/168 elapsed=92.3s
panels 54/168 elapsed=94.8s
panels 55/168 elapsed=95.5s
panels 56/168 elapsed=95.8s
panels 57/168 elapsed=96.1s
panels 58/168 elapsed=97.7s
panels 59/168 elapsed=97.8s
panels 60/168 elapsed=98.7s
panels 61/168 elapsed=99.3s
panels 62/168 elapsed=102.8s
panels 63/168 elapsed=102.9s
panels 64/168 elapsed=105.3s
panels 65/168 elapsed=106.3s
panels 66/168 elapsed=106.4s
panels 67/168 elapsed=106.4s
panels 68/168 elapsed=108.4s
panels 69/168 elapsed=108.8s
panels 70/168 elapsed=108.9s
panels 71/168 elapsed=108.9s
panels 72/168 elapsed=109.3s
panels 73/168 elapsed=109.8s
panels 74/168 elapsed=109.9s
panels 75/168 elapsed=112.1s
panels 76/168 elapsed=112.7s
panels 77/168 elapsed=116.4s
panels 78/168 elapsed=117.4s
panels 79/168 elapsed=117.5s
panels 80/168 elapsed=118.2s
panels 81/168 elapsed=121.0s
panels 82/168 elapsed=123.1s
panels 83/168 elapsed=123.3s
panels 84/168 elapsed=123.5s
panels 85/168 elapsed=123.7s
panels 86/168 elapsed=125.6s
panels 87/168 elapsed=125.8s
panels 88/168 elapsed=125.8s
panels 89/168 elapsed=132.7s
panels 90/168 elapsed=133.2s
panels 91/168 elapsed=134.9s
panels 92/168 elapsed=135.1s
panels 93/168 elapsed=135.7s
panels 94/168 elapsed=135.8s
panels 95/168 elapsed=137.2s
panels 96/168 elapsed=137.4s
panels 97/168 elapsed=142.7s
panels 98/168 elapsed=143.4s
panels 99/168 elapsed=143.7s
panels 100/168 elapsed=143.9s
panels 101/168 elapsed=145.1s
panels 102/168 elapsed=146.4s
panels 103/168 elapsed=148.6s
panels 104/168 elapsed=149.3s
panels 105/168 elapsed=149.4s
panels 106/168 elapsed=149.9s
panels 107/168 elapsed=150.2s
panels 108/168 elapsed=153.0s
panels 109/168 elapsed=153.0s
panels 110/168 elapsed=154.5s
panels 111/168 elapsed=155.4s
panels 112/168 elapsed=156.5s
panels 113/168 elapsed=157.0s
panels 114/168 elapsed=158.9s
panels 115/168 elapsed=160.1s
panels 116/168 elapsed=164.8s
panels 117/168 elapsed=171.2s
panels 118/168 elapsed=172.6s
panels 119/168 elapsed=172.9s
panels 120/168 elapsed=173.1s
panels 121/168 elapsed=173.1s
panels 122/168 elapsed=173.4s
panels 123/168 elapsed=174.4s
panels 124/168 elapsed=174.8s
panels 125/168 elapsed=175.4s
panels 126/168 elapsed=175.8s
panels 127/168 elapsed=175.8s
panels 128/168 elapsed=177.8s
panels 129/168 elapsed=178.6s
panels 130/168 elapsed=179.0s
panels 131/168 elapsed=179.6s
panels 132/168 elapsed=179.7s
panels 133/168 elapsed=180.6s
panels 134/168 elapsed=182.1s
panels 135/168 elapsed=182.4s
panels 136/168 elapsed=182.4s
panels 137/168 elapsed=184.7s
panels 138/168 elapsed=185.0s
panels 139/168 elapsed=188.3s
panels 140/168 elapsed=189.5s
panels 141/168 elapsed=191.0s
panels 142/168 elapsed=191.8s
panels 143/168 elapsed=194.2s
panels 144/168 elapsed=194.9s
panels 145/168 elapsed=195.5s
panels 146/168 elapsed=196.3s
panels 147/168 elapsed=197.1s
panels 148/168 elapsed=197.5s
panels 149/168 elapsed=197.6s
panels 150/168 elapsed=198.8s
panels 151/168 elapsed=198.9s
panels 152/168 elapsed=200.2s
panels 153/168 elapsed=200.6s
panels 154/168 elapsed=200.7s
panels 155/168 elapsed=202.0s
panels 156/168 elapsed=202.3s
panels 157/168 elapsed=202.8s
panels 158/168 elapsed=204.5s
panels 159/168 elapsed=206.3s
panels 160/168 elapsed=208.5s
panels 161/168 elapsed=210.1s
panels 162/168 elapsed=210.9s
panels 163/168 elapsed=212.6s
panels 164/168 elapsed=213.3s
panels 165/168 elapsed=216.0s
panels 166/168 elapsed=217.6s
panels 167/168 elapsed=228.9s
panels 168/168 elapsed=231.3s
{
  "experiment_id": "HBO-HBR-INDEPENDENT-CALIBRATION-v1",
  "tasks_total": 168,
  "tasks_completed": 168,
  "fits_total": 1008,
  "fits_completed": 997,
  "primary": "paired_effective_combination_and_unaligned_driver_recovery",
  "C_status": "not_started_independent_measured_calibration_not_established",
  "D_status": "not_started_C_positive_evidence_required",
  "verdict": "screen_requires_recovery_coverage_and_independent_information_review_not_teacher_qualification"
}
