/SSD_2/pid-mcm-implementation/.venv/lib/python3.12/site-packages/numpy/lib/_nanfunctions_impl.py:1213: RuntimeWarning: Mean of empty slice
  return np.nanmean(a, axis, out=out, keepdims=keepdims)
/SSD_2/pid-mcm-implementation/.venv/lib/python3.12/site-packages/numpy/lib/_nanfunctions_impl.py:1213: RuntimeWarning: Mean of empty slice
  return np.nanmean(a, axis, out=out, keepdims=keepdims)
/SSD_2/pid-mcm-implementation/.venv/lib/python3.12/site-packages/numpy/lib/_nanfunctions_impl.py:1213: RuntimeWarning: Mean of empty slice
  return np.nanmean(a, axis, out=out, keepdims=keepdims)
/SSD_2/pid-mcm-implementation/.venv/lib/python3.12/site-packages/numpy/lib/_nanfunctions_impl.py:1213: RuntimeWarning: Mean of empty slice
  return np.nanmean(a, axis, out=out, keepdims=keepdims)
/SSD_2/pid-mcm-implementation/.venv/lib/python3.12/site-packages/numpy/lib/_nanfunctions_impl.py:1213: RuntimeWarning: Mean of empty slice
  return np.nanmean(a, axis, out=out, keepdims=keepdims)
/SSD_2/pid-mcm-implementation/.venv/lib/python3.12/site-packages/numpy/lib/_nanfunctions_impl.py:1213: RuntimeWarning: Mean of empty slice
  return np.nanmean(a, axis, out=out, keepdims=keepdims)
/SSD_2/pid-mcm-implementation/.venv/lib/python3.12/site-packages/numpy/lib/_nanfunctions_impl.py:1213: RuntimeWarning: Mean of empty slice
  return np.nanmean(a, axis, out=out, keepdims=keepdims)
/SSD_2/pid-mcm-implementation/.venv/lib/python3.12/site-packages/numpy/lib/_nanfunctions_impl.py:1213: RuntimeWarning: Mean of empty slice
  return np.nanmean(a, axis, out=out, keepdims=keepdims)
/SSD_2/pid-mcm-implementation/.venv/lib/python3.12/site-packages/numpy/lib/_nanfunctions_impl.py:1213: RuntimeWarning: Mean of empty slice
  return np.nanmean(a, axis, out=out, keepdims=keepdims)
/SSD_2/pid-mcm-implementation/.venv/lib/python3.12/site-packages/numpy/lib/_nanfunctions_impl.py:1213: RuntimeWarning: Mean of empty slice
  return np.nanmean(a, axis, out=out, keepdims=keepdims)
/SSD_2/pid-mcm-implementation/.venv/lib/python3.12/site-packages/numpy/lib/_nanfunctions_impl.py:1213: RuntimeWarning: Mean of empty slice
  return np.nanmean(a, axis, out=out, keepdims=keepdims)
/SSD_2/pid-mcm-implementation/.venv/lib/python3.12/site-packages/numpy/lib/_nanfunctions_impl.py:1213: RuntimeWarning: Mean of empty slice
  return np.nanmean(a, axis, out=out, keepdims=keepdims)
/SSD_2/pid-mcm-implementation/.venv/lib/python3.12/site-packages/numpy/lib/_nanfunctions_impl.py:1213: RuntimeWarning: Mean of empty slice
  return np.nanmean(a, axis, out=out, keepdims=keepdims)
/SSD_2/pid-mcm-implementation/.venv/lib/python3.12/site-packages/numpy/lib/_nanfunctions_impl.py:1213: RuntimeWarning: Mean of empty slice
  return np.nanmean(a, axis, out=out, keepdims=keepdims)
/SSD_2/pid-mcm-implementation/.venv/lib/python3.12/site-packages/numpy/lib/_nanfunctions_impl.py:1213: RuntimeWarning: Mean of empty slice
  return np.nanmean(a, axis, out=out, keepdims=keepdims)
/SSD_2/pid-mcm-implementation/.venv/lib/python3.12/site-packages/numpy/lib/_nanfunctions_impl.py:1213: RuntimeWarning: Mean of empty slice
  return np.nanmean(a, axis, out=out, keepdims=keepdims)
/SSD_2/pid-mcm-implementation/.venv/lib/python3.12/site-packages/numpy/lib/_nanfunctions_impl.py:1213: RuntimeWarning: Mean of empty slice
  return np.nanmean(a, axis, out=out, keepdims=keepdims)
/SSD_2/pid-mcm-implementation/.venv/lib/python3.12/site-packages/numpy/lib/_nanfunctions_impl.py:1213: RuntimeWarning: Mean of empty slice
  return np.nanmean(a, axis, out=out, keepdims=keepdims)
/SSD_2/pid-mcm-implementation/.venv/lib/python3.12/site-packages/numpy/lib/_nanfunctions_impl.py:1213: RuntimeWarning: Mean of empty slice
  return np.nanmean(a, axis, out=out, keepdims=keepdims)
/SSD_2/pid-mcm-implementation/.venv/lib/python3.12/site-packages/numpy/lib/_nanfunctions_impl.py:1213: RuntimeWarning: Mean of empty slice
  return np.nanmean(a, axis, out=out, keepdims=keepdims)
/SSD_2/pid-mcm-implementation/.venv/lib/python3.12/site-packages/numpy/lib/_nanfunctions_impl.py:1213: RuntimeWarning: Mean of empty slice
  return np.nanmean(a, axis, out=out, keepdims=keepdims)
/SSD_2/pid-mcm-implementation/.venv/lib/python3.12/site-packages/numpy/lib/_nanfunctions_impl.py:1213: RuntimeWarning: Mean of empty slice
  return np.nanmean(a, axis, out=out, keepdims=keepdims)
/SSD_2/pid-mcm-implementation/.venv/lib/python3.12/site-packages/numpy/lib/_nanfunctions_impl.py:1213: RuntimeWarning: Mean of empty slice
  return np.nanmean(a, axis, out=out, keepdims=keepdims)
/SSD_2/pid-mcm-implementation/.venv/lib/python3.12/site-packages/numpy/lib/_nanfunctions_impl.py:1213: RuntimeWarning: Mean of empty slice
  return np.nanmean(a, axis, out=out, keepdims=keepdims)
/SSD_2/pid-mcm-implementation/.venv/lib/python3.12/site-packages/numpy/lib/_nanfunctions_impl.py:1213: RuntimeWarning: Mean of empty slice
  return np.nanmean(a, axis, out=out, keepdims=keepdims)
/SSD_2/pid-mcm-implementation/.venv/lib/python3.12/site-packages/numpy/lib/_nanfunctions_impl.py:1213: RuntimeWarning: Mean of empty slice
  return np.nanmean(a, axis, out=out, keepdims=keepdims)
/SSD_2/pid-mcm-implementation/.venv/lib/python3.12/site-packages/numpy/lib/_nanfunctions_impl.py:1213: RuntimeWarning: Mean of empty slice
  return np.nanmean(a, axis, out=out, keepdims=keepdims)
/SSD_2/pid-mcm-implementation/.venv/lib/python3.12/site-packages/numpy/lib/_nanfunctions_impl.py:1213: RuntimeWarning: Mean of empty slice
  return np.nanmean(a, axis, out=out, keepdims=keepdims)
/SSD_2/pid-mcm-implementation/.venv/lib/python3.12/site-packages/numpy/lib/_nanfunctions_impl.py:1213: RuntimeWarning: Mean of empty slice
  return np.nanmean(a, axis, out=out, keepdims=keepdims)
/SSD_2/pid-mcm-implementation/.venv/lib/python3.12/site-packages/numpy/lib/_nanfunctions_impl.py:1213: RuntimeWarning: Mean of empty slice
  return np.nanmean(a, axis, out=out, keepdims=keepdims)
/SSD_2/pid-mcm-implementation/.venv/lib/python3.12/site-packages/numpy/lib/_nanfunctions_impl.py:1213: RuntimeWarning: Mean of empty slice
  return np.nanmean(a, axis, out=out, keepdims=keepdims)
/SSD_2/pid-mcm-implementation/.venv/lib/python3.12/site-packages/numpy/lib/_nanfunctions_impl.py:1213: RuntimeWarning: Mean of empty slice
  return np.nanmean(a, axis, out=out, keepdims=keepdims)
/SSD_2/pid-mcm-implementation/.venv/lib/python3.12/site-packages/numpy/lib/_nanfunctions_impl.py:1213: RuntimeWarning: Mean of empty slice
  return np.nanmean(a, axis, out=out, keepdims=keepdims)
/SSD_2/pid-mcm-implementation/.venv/lib/python3.12/site-packages/numpy/lib/_nanfunctions_impl.py:1213: RuntimeWarning: Mean of empty slice
  return np.nanmean(a, axis, out=out, keepdims=keepdims)
/SSD_2/pid-mcm-implementation/.venv/lib/python3.12/site-packages/numpy/lib/_nanfunctions_impl.py:1213: RuntimeWarning: Mean of empty slice
  return np.nanmean(a, axis, out=out, keepdims=keepdims)
/SSD_2/pid-mcm-implementation/.venv/lib/python3.12/site-packages/numpy/lib/_nanfunctions_impl.py:1213: RuntimeWarning: Mean of empty slice
  return np.nanmean(a, axis, out=out, keepdims=keepdims)
/SSD_2/pid-mcm-implementation/.venv/lib/python3.12/site-packages/numpy/lib/_nanfunctions_impl.py:1213: RuntimeWarning: Mean of empty slice
  return np.nanmean(a, axis, out=out, keepdims=keepdims)
/SSD_2/pid-mcm-implementation/.venv/lib/python3.12/site-packages/numpy/lib/_nanfunctions_impl.py:1213: RuntimeWarning: Mean of empty slice
  return np.nanmean(a, axis, out=out, keepdims=keepdims)
/SSD_2/pid-mcm-implementation/.venv/lib/python3.12/site-packages/numpy/lib/_nanfunctions_impl.py:1213: RuntimeWarning: Mean of empty slice
  return np.nanmean(a, axis, out=out, keepdims=keepdims)
/SSD_2/pid-mcm-implementation/.venv/lib/python3.12/site-packages/numpy/lib/_nanfunctions_impl.py:1213: RuntimeWarning: Mean of empty slice
  return np.nanmean(a, axis, out=out, keepdims=keepdims)
/SSD_2/pid-mcm-implementation/experiments/scripts/render_shared_driver_parameter_stability.py:225: UserWarning: Glyph 8315 (\N{SUPERSCRIPT MINUS}) missing from font(s) Noto Sans CJK JP.
  fig.legend(handles=handles,loc='upper center',ncol=4,fontsize=12);fig.tight_layout(rect=(0,0,1,.89))
/SSD_2/pid-mcm-implementation/experiments/scripts/render_shared_driver_parameter_stability.py:69: UserWarning: Glyph 8315 (\N{SUPERSCRIPT MINUS}) missing from font(s) Noto Sans CJK JP.
  fig.savefig(path,dpi=220,bbox_inches='tight');plt.close(fig);return path
/SSD_2/pid-mcm-implementation/experiments/scripts/render_shared_driver_parameter_stability.py:225: UserWarning: Glyph 8315 (\N{SUPERSCRIPT MINUS}) missing from font(s) Noto Sans CJK JP.
  fig.legend(handles=handles,loc='upper center',ncol=4,fontsize=12);fig.tight_layout(rect=(0,0,1,.89))
/SSD_2/pid-mcm-implementation/experiments/scripts/render_shared_driver_parameter_stability.py:69: UserWarning: Glyph 8315 (\N{SUPERSCRIPT MINUS}) missing from font(s) Noto Sans CJK JP.
  fig.savefig(path,dpi=220,bbox_inches='tight');plt.close(fig);return path
/SSD_2/pid-mcm-implementation/experiments/scripts/render_shared_driver_parameter_stability.py:225: UserWarning: Glyph 8315 (\N{SUPERSCRIPT MINUS}) missing from font(s) Noto Sans CJK JP.
  fig.legend(handles=handles,loc='upper center',ncol=4,fontsize=12);fig.tight_layout(rect=(0,0,1,.89))
/SSD_2/pid-mcm-implementation/experiments/scripts/render_shared_driver_parameter_stability.py:69: UserWarning: Glyph 8315 (\N{SUPERSCRIPT MINUS}) missing from font(s) Noto Sans CJK JP.
  fig.savefig(path,dpi=220,bbox_inches='tight');plt.close(fig);return path
{"slides": 101, "pdf_pages": 101, "unique_bitmap_figures": 32, "pptx": "/SSD_2/pid-mcm-implementation/docs/report/20261010_parameter_stability_v1/PARAMETER_STABILITY.pptx", "pdf": "/SSD_2/pid-mcm-implementation/docs/report/20261010_parameter_stability_v1/PARAMETER_STABILITY.pdf"}
