synthetic 289/384 P3__l1__s03 failed
synthetic 290/384 P3__l0__s18 completed
synthetic 291/384 P3__l1__s12 completed
synthetic 292/384 P3__l0__s25 completed
synthetic 293/384 P3__l0__s19 completed
synthetic 294/384 P3__l0__s12 completed
synthetic 295/384 P3__l0__s11 completed
synthetic 296/384 P3__l0__s01 completed
synthetic 297/384 P3__l0__s22 completed
synthetic 298/384 P3__l0__s00 completed
synthetic 299/384 P3__l0__s21 completed
synthetic 300/384 P3__l0__s02 completed
synthetic 301/384 P3__l1__s11 completed
synthetic 302/384 P3__l0__s27 completed
synthetic 303/384 P3__l1__s13 completed
synthetic 304/384 P3__l1__s15 completed
synthetic 305/384 P3__l1__s16 completed
synthetic 306/384 P3__l0__s23 completed
synthetic 307/384 P3__l0__s26 completed
synthetic 308/384 P3__l0__s03 completed
synthetic 309/384 P3__l2__s03 failed
synthetic 310/384 P3__l1__s04 completed
synthetic 311/384 P3__l0__s28 completed
synthetic 312/384 P3__l0__s05 completed
synthetic 313/384 P3__l0__s04 completed
synthetic 314/384 P3__l0__s30 completed
synthetic 315/384 P3__l0__s31 completed
synthetic 316/384 P3__l0__s29 completed
synthetic 317/384 P3__l0__s07 completed
synthetic 318/384 P3__l0__s08 completed
synthetic 319/384 P3__l0__s09 completed
synthetic 320/384 P3__l0__s06 completed
synthetic 321/384 P3__l0__s10 completed
synthetic 322/384 P3__l0__s24 completed
synthetic 323/384 P3__l1__s05 completed
synthetic 324/384 P3__l0__s13 completed
synthetic 325/384 P3__l0__s14 completed
synthetic 326/384 P3__l1__s14 completed
synthetic 327/384 P3__l0__s15 completed
synthetic 328/384 P3__l1__s00 completed
synthetic 329/384 P3__l1__s01 completed
synthetic 330/384 P3__l1__s06 completed
synthetic 331/384 P3__l0__s20 completed
synthetic 332/384 P3__l0__s16 completed
synthetic 333/384 P3__l1__s08 completed
synthetic 334/384 P3__l1__s10 completed
synthetic 335/384 P3__l0__s17 completed
synthetic 336/384 P3__l1__s07 completed
synthetic 337/384 P3__l1__s09 completed
synthetic 338/384 P3__l1__s02 completed
synthetic 339/384 P3__l1__s17 completed
synthetic 340/384 P3__l1__s19 completed
synthetic 341/384 P3__l1__s20 completed
synthetic 342/384 P3__l1__s18 completed
synthetic 343/384 P3__l1__s21 completed
synthetic 344/384 P3__l1__s22 completed
synthetic 345/384 P3__l1__s23 completed
synthetic 346/384 P3__l1__s25 completed
synthetic 347/384 P3__l1__s24 completed
synthetic 348/384 P3__l1__s31 completed
synthetic 349/384 P3__l1__s28 completed
synthetic 350/384 P3__l1__s30 completed
synthetic 351/384 P3__l1__s29 completed
synthetic 352/384 P3__l1__s26 completed
synthetic 353/384 P3__l1__s27 completed
synthetic 354/384 P3__l2__s05 completed
synthetic 355/384 P3__l2__s00 completed
synthetic 356/384 P3__l2__s07 completed
synthetic 357/384 P3__l2__s10 completed
synthetic 358/384 P3__l2__s04 completed
synthetic 359/384 P3__l2__s12 completed
synthetic 360/384 P3__l2__s06 completed
synthetic 361/384 P3__l2__s13 completed
synthetic 362/384 P3__l2__s09 completed
synthetic 363/384 P3__l2__s15 completed
synthetic 364/384 P3__l2__s14 completed
synthetic 365/384 P3__l2__s11 completed
synthetic 366/384 P3__l2__s08 completed
synthetic 367/384 P3__l2__s17 completed
synthetic 368/384 P3__l2__s01 completed
synthetic 369/384 P3__l2__s02 completed
synthetic 370/384 P3__l2__s22 completed
synthetic 371/384 P3__l2__s24 completed
synthetic 372/384 P3__l2__s26 completed
synthetic 373/384 P3__l2__s20 completed
synthetic 374/384 P3__l2__s19 completed
synthetic 375/384 P3__l2__s23 completed
synthetic 376/384 P3__l2__s16 completed
synthetic 377/384 P3__l2__s30 completed
synthetic 378/384 P3__l2__s29 completed
synthetic 379/384 P3__l2__s25 completed
synthetic 380/384 P3__l2__s28 completed
synthetic 381/384 P3__l2__s21 completed
synthetic 382/384 P3__l2__s18 completed
synthetic 383/384 P3__l2__s27 completed
synthetic 384/384 P3__l2__s31 completed
development 265/330 eeg_fnirs_single_trial__subject_11__motor__P3__N0 completed
development 266/330 simultaneous_eeg_nirs__VP009__posterior__P3__N0 completed
development 267/330 visual_cognitive_motivation__S03__prefrontal__montage1__P3__N0 completed
development 268/330 simultaneous_eeg_nirs__VP013__posterior__P3__N0 completed
development 269/330 eeg_fnirs_single_trial__subject_19__motor__P3__N0 completed
development 270/330 simultaneous_eeg_nirs__VP003__motor__P3__N0 completed
development 271/330 simultaneous_eeg_nirs__VP013__prefrontal__P3__N0 completed
development 272/330 visual_cognitive_motivation__S03__prefrontal__montage0__P3__N0 completed
development 273/330 simultaneous_eeg_nirs__VP019__posterior__P3__N0 completed
development 274/330 eeg_fnirs_single_trial__subject_05__motor__P3__N0 completed
development 275/330 eeg_fnirs_single_trial__subject_08__prefrontal__P3__N0 completed
development 276/330 simultaneous_eeg_nirs__VP020__posterior__P3__N0 completed
development 277/330 simultaneous_eeg_nirs__VP009__prefrontal__P3__N0 completed
development 278/330 simultaneous_eeg_nirs__VP003__posterior__P3__N0 completed
development 279/330 simultaneous_eeg_nirs__VP009__motor__P3__N0 completed
development 280/330 eeg_fnirs_single_trial__subject_24__motor__P3__N0 completed
development 281/330 eeg_fnirs_single_trial__subject_11__posterior__P3__N0 completed
development 282/330 simultaneous_eeg_nirs__VP019__prefrontal__P3__N0 completed
development 283/330 simultaneous_eeg_nirs__VP006__prefrontal__P3__N0 completed
development 284/330 visual_cognitive_motivation__S01__posterior__montage1__P3__N0 completed
development 285/330 eeg_fnirs_single_trial__subject_28__prefrontal__P3__N0 completed
development 286/330 simultaneous_eeg_nirs__VP006__motor__P3__N0 completed
development 287/330 eeg_fnirs_single_trial__subject_05__posterior__P3__N0 completed
development 288/330 visual_cognitive_motivation__S01__motor__P3__N0 completed
development 289/330 visual_cognitive_motivation__S01__prefrontal__montage1__P3__N0 completed
development 290/330 eeg_fnirs_single_trial__subject_24__posterior__P3__N0 completed
development 291/330 eeg_fnirs_single_trial__subject_28__posterior__P3__N0 completed
development 292/330 eeg_fnirs_single_trial__subject_08__motor__P3__N0 completed
development 293/330 visual_cognitive_motivation__S03__motor__P3__N0 completed
development 294/330 eeg_fnirs_single_trial__subject_11__prefrontal__P3__N0 completed
development 295/330 simultaneous_eeg_nirs__VP019__motor__P3__N0 completed
development 296/330 eeg_fnirs_single_trial__subject_24__prefrontal__P3__N0 completed
development 297/330 eeg_fnirs_single_trial__subject_19__prefrontal__P3__N0 completed
development 298/330 eeg_fnirs_single_trial__subject_28__motor__P3__N0 completed
development 299/330 simultaneous_eeg_nirs__VP013__motor__P3__N0 completed
development 300/330 simultaneous_eeg_nirs__VP006__posterior__P3__N0 completed
development 301/330 eeg_fnirs_single_trial__subject_19__posterior__P3__N0 completed
development 302/330 visual_cognitive_motivation__S05__prefrontal__montage0__P3__N0 completed
development 303/330 eeg_fnirs_single_trial__subject_05__prefrontal__P3__N0 completed
development 304/330 visual_cognitive_motivation__S05__motor__P3__N0 completed
development 305/330 visual_cognitive_motivation__S05__posterior__montage0__P3__N0 completed
development 306/330 visual_cognitive_motivation__S03__posterior__montage1__P3__N0 completed
development 307/330 simultaneous_eeg_nirs__VP003__prefrontal__P3__N0 completed
development 308/330 visual_cognitive_motivation__S16__posterior__montage1__P3__N0 completed
development 309/330 visual_cognitive_motivation__S01__posterior__montage0__P3__N0 completed
development 310/330 visual_cognitive_motivation__S13__prefrontal__montage1__P3__N0 completed
development 311/330 visual_cognitive_motivation__S13__motor__P3__N0 completed
development 312/330 visual_cognitive_motivation__S03__posterior__montage0__P3__N0 completed
development 313/330 visual_cognitive_motivation__S16__motor__P3__N0 completed
development 314/330 simultaneous_eeg_nirs__VP020__motor__P3__N0 completed
development 315/330 eeg_fnirs_single_trial__subject_08__posterior__P3__N0 completed
development 316/330 visual_cognitive_motivation__S01__prefrontal__montage0__P3__N0 completed
development 317/330 visual_cognitive_motivation__S16__prefrontal__montage1__P3__N0 completed
development 318/330 simultaneous_eeg_nirs__VP020__prefrontal__P3__N0 completed
development 319/330 visual_cognitive_motivation__S13__prefrontal__montage0__P3__N0 completed
development 320/330 visual_cognitive_motivation__S06__prefrontal__montage0__P3__N0 completed
development 321/330 visual_cognitive_motivation__S06__motor__P3__N0 completed
development 322/330 visual_cognitive_motivation__S06__posterior__montage1__P3__N0 completed
development 323/330 visual_cognitive_motivation__S05__posterior__montage1__P3__N0 completed
development 324/330 visual_cognitive_motivation__S05__prefrontal__montage1__P3__N0 completed
development 325/330 visual_cognitive_motivation__S13__posterior__montage1__P3__N0 completed
development 326/330 visual_cognitive_motivation__S16__posterior__montage0__P3__N0 completed
development 327/330 visual_cognitive_motivation__S06__posterior__montage0__P3__N0 completed
development 328/330 visual_cognitive_motivation__S13__posterior__montage0__P3__N0 completed
development 329/330 visual_cognitive_motivation__S16__prefrontal__montage0__P3__N0 completed
development 330/330 visual_cognitive_motivation__S06__prefrontal__montage1__P3__N0 completed
crossfit 1/66 eeg_fnirs_single_trial__subject_05__motor completed
crossfit 2/66 visual_cognitive_motivation__S03__prefrontal__montage1 completed
crossfit 3/66 visual_cognitive_motivation__S05__motor completed
crossfit 4/66 visual_cognitive_motivation__S05__posterior__montage0 completed
crossfit 5/66 eeg_fnirs_single_trial__subject_19__posterior completed
crossfit 6/66 eeg_fnirs_single_trial__subject_08__motor completed
crossfit 7/66 simultaneous_eeg_nirs__VP006__motor completed
crossfit 8/66 eeg_fnirs_single_trial__subject_05__posterior completed
crossfit 9/66 simultaneous_eeg_nirs__VP009__prefrontal completed
crossfit 10/66 simultaneous_eeg_nirs__VP013__motor completed
crossfit 11/66 eeg_fnirs_single_trial__subject_24__motor completed
crossfit 12/66 simultaneous_eeg_nirs__VP013__posterior completed
crossfit 13/66 eeg_fnirs_single_trial__subject_08__prefrontal completed
crossfit 14/66 simultaneous_eeg_nirs__VP009__posterior completed
crossfit 15/66 simultaneous_eeg_nirs__VP020__prefrontal completed
crossfit 16/66 eeg_fnirs_single_trial__subject_08__posterior completed
crossfit 17/66 eeg_fnirs_single_trial__subject_11__motor completed
crossfit 18/66 simultaneous_eeg_nirs__VP019__prefrontal completed
crossfit 19/66 simultaneous_eeg_nirs__VP013__prefrontal completed
crossfit 20/66 simultaneous_eeg_nirs__VP019__motor completed
crossfit 21/66 eeg_fnirs_single_trial__subject_19__prefrontal completed
crossfit 22/66 simultaneous_eeg_nirs__VP019__posterior completed
crossfit 23/66 eeg_fnirs_single_trial__subject_11__prefrontal completed
crossfit 24/66 eeg_fnirs_single_trial__subject_11__posterior completed
crossfit 25/66 eeg_fnirs_single_trial__subject_19__motor completed
crossfit 26/66 simultaneous_eeg_nirs__VP020__motor completed
crossfit 27/66 simultaneous_eeg_nirs__VP006__posterior completed
crossfit 28/66 visual_cognitive_motivation__S01__posterior__montage0 completed
crossfit 29/66 visual_cognitive_motivation__S01__posterior__montage1 completed
crossfit 30/66 eeg_fnirs_single_trial__subject_05__prefrontal completed
crossfit 31/66 simultaneous_eeg_nirs__VP020__posterior completed
crossfit 32/66 visual_cognitive_motivation__S03__posterior__montage0 completed
crossfit 33/66 simultaneous_eeg_nirs__VP009__motor completed
crossfit 34/66 visual_cognitive_motivation__S03__posterior__montage1 completed
crossfit 35/66 simultaneous_eeg_nirs__VP006__prefrontal completed
crossfit 36/66 eeg_fnirs_single_trial__subject_24__posterior completed
crossfit 37/66 eeg_fnirs_single_trial__subject_28__posterior completed
crossfit 38/66 simultaneous_eeg_nirs__VP003__motor completed
crossfit 39/66 eeg_fnirs_single_trial__subject_24__prefrontal completed
crossfit 40/66 visual_cognitive_motivation__S01__prefrontal__montage1 completed
crossfit 41/66 simultaneous_eeg_nirs__VP003__posterior completed
crossfit 42/66 visual_cognitive_motivation__S03__prefrontal__montage0 completed
crossfit 43/66 eeg_fnirs_single_trial__subject_28__prefrontal completed
crossfit 44/66 visual_cognitive_motivation__S01__prefrontal__montage0 completed
crossfit 45/66 simultaneous_eeg_nirs__VP003__prefrontal completed
crossfit 46/66 visual_cognitive_motivation__S01__motor completed
crossfit 47/66 visual_cognitive_motivation__S03__motor completed
crossfit 48/66 eeg_fnirs_single_trial__subject_28__motor completed
crossfit 49/66 visual_cognitive_motivation__S06__motor completed
crossfit 50/66 visual_cognitive_motivation__S05__posterior__montage1 completed
crossfit 51/66 visual_cognitive_motivation__S06__posterior__montage0 completed
crossfit 52/66 visual_cognitive_motivation__S13__posterior__montage0 completed
crossfit 53/66 visual_cognitive_motivation__S06__prefrontal__montage0 completed
crossfit 54/66 visual_cognitive_motivation__S13__motor completed
crossfit 55/66 visual_cognitive_motivation__S13__prefrontal__montage1 completed
crossfit 56/66 visual_cognitive_motivation__S13__prefrontal__montage0 completed
crossfit 57/66 visual_cognitive_motivation__S16__posterior__montage1 completed
crossfit 58/66 visual_cognitive_motivation__S05__prefrontal__montage0 completed
crossfit 59/66 visual_cognitive_motivation__S16__motor completed
crossfit 60/66 visual_cognitive_motivation__S16__prefrontal__montage1 completed
crossfit 61/66 visual_cognitive_motivation__S16__posterior__montage0 completed
crossfit 62/66 visual_cognitive_motivation__S06__prefrontal__montage1 completed
crossfit 63/66 visual_cognitive_motivation__S13__posterior__montage1 completed
crossfit 64/66 visual_cognitive_motivation__S06__posterior__montage1 completed
crossfit 65/66 visual_cognitive_motivation__S16__prefrontal__montage0 completed
crossfit 66/66 visual_cognitive_motivation__S05__prefrontal__montage1 completed
calibration 1/11 visual_cognitive_motivation__posterior__montage1 failed
