prepare 5/245 eeg_fnirs_single_trial__subject_02__posterior completed
prepare 6/245 eeg_fnirs_single_trial__subject_03__posterior completed
prepare 7/245 eeg_fnirs_single_trial__subject_04__posterior completed
prepare 8/245 eeg_fnirs_single_trial__subject_04__prefrontal completed
prepare 9/245 eeg_fnirs_single_trial__subject_04__motor completed
prepare 10/245 eeg_fnirs_single_trial__subject_02__prefrontal completed
prepare 11/245 eeg_fnirs_single_trial__subject_07__motor completed
prepare 12/245 eeg_fnirs_single_trial__subject_07__posterior completed
prepare 13/245 eeg_fnirs_single_trial__subject_03__motor completed
prepare 14/245 eeg_fnirs_single_trial__subject_05__posterior completed
prepare 15/245 eeg_fnirs_single_trial__subject_06__posterior completed
prepare 16/245 eeg_fnirs_single_trial__subject_06__prefrontal completed
prepare 17/245 eeg_fnirs_single_trial__subject_05__prefrontal completed
prepare 18/245 eeg_fnirs_single_trial__subject_05__motor completed
prepare 19/245 eeg_fnirs_single_trial__subject_03__prefrontal completed
prepare 20/245 eeg_fnirs_single_trial__subject_06__motor completed
prepare 21/245 eeg_fnirs_single_trial__subject_07__prefrontal completed
prepare 22/245 eeg_fnirs_single_trial__subject_08__motor completed
prepare 23/245 eeg_fnirs_single_trial__subject_08__prefrontal completed
prepare 24/245 eeg_fnirs_single_trial__subject_08__posterior completed
prepare 25/245 eeg_fnirs_single_trial__subject_10__motor completed
prepare 26/245 eeg_fnirs_single_trial__subject_10__posterior completed
prepare 27/245 eeg_fnirs_single_trial__subject_10__prefrontal completed
prepare 28/245 eeg_fnirs_single_trial__subject_09__prefrontal completed
prepare 29/245 eeg_fnirs_single_trial__subject_09__posterior completed
prepare 30/245 eeg_fnirs_single_trial__subject_11__posterior completed
prepare 31/245 eeg_fnirs_single_trial__subject_09__motor completed
prepare 32/245 eeg_fnirs_single_trial__subject_12__motor completed
prepare 33/245 eeg_fnirs_single_trial__subject_12__posterior completed
prepare 34/245 eeg_fnirs_single_trial__subject_12__prefrontal completed
prepare 35/245 eeg_fnirs_single_trial__subject_11__prefrontal completed
prepare 36/245 eeg_fnirs_single_trial__subject_11__motor completed
prepare 37/245 eeg_fnirs_single_trial__subject_13__motor completed
prepare 38/245 eeg_fnirs_single_trial__subject_14__motor completed
prepare 39/245 eeg_fnirs_single_trial__subject_14__posterior completed
prepare 40/245 eeg_fnirs_single_trial__subject_14__prefrontal completed
prepare 41/245 eeg_fnirs_single_trial__subject_13__posterior completed
prepare 42/245 eeg_fnirs_single_trial__subject_15__prefrontal completed
prepare 43/245 eeg_fnirs_single_trial__subject_15__motor completed
prepare 44/245 eeg_fnirs_single_trial__subject_15__posterior completed
prepare 45/245 eeg_fnirs_single_trial__subject_16__motor completed
prepare 46/245 eeg_fnirs_single_trial__subject_13__prefrontal completed
prepare 47/245 eeg_fnirs_single_trial__subject_16__posterior completed
prepare 48/245 eeg_fnirs_single_trial__subject_16__prefrontal completed
prepare 49/245 eeg_fnirs_single_trial__subject_17__motor completed
prepare 50/245 eeg_fnirs_single_trial__subject_17__prefrontal completed
prepare 51/245 eeg_fnirs_single_trial__subject_17__posterior completed
prepare 52/245 eeg_fnirs_single_trial__subject_18__motor completed
prepare 53/245 eeg_fnirs_single_trial__subject_20__motor completed
prepare 54/245 eeg_fnirs_single_trial__subject_20__posterior completed
prepare 55/245 eeg_fnirs_single_trial__subject_20__prefrontal completed
prepare 56/245 eeg_fnirs_single_trial__subject_18__prefrontal completed
prepare 57/245 eeg_fnirs_single_trial__subject_19__motor completed
prepare 58/245 eeg_fnirs_single_trial__subject_19__posterior completed
prepare 59/245 eeg_fnirs_single_trial__subject_19__prefrontal completed
prepare 60/245 eeg_fnirs_single_trial__subject_21__motor completed
prepare 61/245 eeg_fnirs_single_trial__subject_21__posterior completed
prepare 62/245 eeg_fnirs_single_trial__subject_18__posterior completed
prepare 63/245 eeg_fnirs_single_trial__subject_21__prefrontal completed
prepare 64/245 eeg_fnirs_single_trial__subject_22__motor completed
prepare 65/245 eeg_fnirs_single_trial__subject_22__posterior completed
prepare 66/245 eeg_fnirs_single_trial__subject_22__prefrontal completed
prepare 67/245 eeg_fnirs_single_trial__subject_23__motor completed
prepare 68/245 eeg_fnirs_single_trial__subject_23__posterior completed
prepare 69/245 eeg_fnirs_single_trial__subject_23__prefrontal completed
prepare 70/245 eeg_fnirs_single_trial__subject_24__motor completed
prepare 71/245 eeg_fnirs_single_trial__subject_24__posterior completed
prepare 72/245 eeg_fnirs_single_trial__subject_24__prefrontal completed
prepare 73/245 eeg_fnirs_single_trial__subject_25__posterior completed
prepare 74/245 eeg_fnirs_single_trial__subject_25__motor completed
prepare 75/245 eeg_fnirs_single_trial__subject_25__prefrontal completed
prepare 76/245 eeg_fnirs_single_trial__subject_26__posterior completed
prepare 77/245 eeg_fnirs_single_trial__subject_27__motor completed
prepare 78/245 eeg_fnirs_single_trial__subject_26__prefrontal completed
prepare 79/245 eeg_fnirs_single_trial__subject_26__motor completed
prepare 80/245 eeg_fnirs_single_trial__subject_27__posterior completed
prepare 81/245 eeg_fnirs_single_trial__subject_27__prefrontal completed
prepare 82/245 eeg_fnirs_single_trial__subject_28__motor completed
prepare 83/245 eeg_fnirs_single_trial__subject_28__posterior completed
prepare 84/245 eeg_fnirs_single_trial__subject_28__prefrontal completed
prepare 85/245 simultaneous_eeg_nirs__VP001__motor completed
prepare 86/245 simultaneous_eeg_nirs__VP001__posterior completed
prepare 87/245 simultaneous_eeg_nirs__VP001__prefrontal completed
prepare 88/245 simultaneous_eeg_nirs__VP002__motor completed
prepare 89/245 simultaneous_eeg_nirs__VP002__posterior completed
prepare 90/245 simultaneous_eeg_nirs__VP002__prefrontal completed
prepare 91/245 simultaneous_eeg_nirs__VP003__motor completed
prepare 92/245 simultaneous_eeg_nirs__VP003__posterior completed
prepare 93/245 simultaneous_eeg_nirs__VP003__prefrontal completed
prepare 94/245 simultaneous_eeg_nirs__VP004__motor completed
prepare 95/245 simultaneous_eeg_nirs__VP004__posterior completed
prepare 96/245 simultaneous_eeg_nirs__VP004__prefrontal completed
prepare 97/245 simultaneous_eeg_nirs__VP005__motor completed
prepare 98/245 simultaneous_eeg_nirs__VP005__prefrontal completed
prepare 99/245 simultaneous_eeg_nirs__VP006__motor completed
prepare 100/245 simultaneous_eeg_nirs__VP005__posterior completed
prepare 101/245 simultaneous_eeg_nirs__VP006__posterior completed
prepare 102/245 simultaneous_eeg_nirs__VP007__motor completed
prepare 103/245 simultaneous_eeg_nirs__VP006__prefrontal completed
prepare 104/245 simultaneous_eeg_nirs__VP007__posterior completed
prepare 105/245 simultaneous_eeg_nirs__VP007__prefrontal completed
prepare 106/245 simultaneous_eeg_nirs__VP008__motor completed
prepare 107/245 simultaneous_eeg_nirs__VP008__prefrontal completed
prepare 108/245 simultaneous_eeg_nirs__VP008__posterior completed
prepare 109/245 simultaneous_eeg_nirs__VP009__motor completed
prepare 110/245 simultaneous_eeg_nirs__VP009__posterior completed
prepare 111/245 simultaneous_eeg_nirs__VP009__prefrontal completed
prepare 112/245 simultaneous_eeg_nirs__VP010__motor completed
prepare 113/245 simultaneous_eeg_nirs__VP010__posterior completed
prepare 114/245 simultaneous_eeg_nirs__VP010__prefrontal completed
prepare 115/245 simultaneous_eeg_nirs__VP011__posterior completed
prepare 116/245 simultaneous_eeg_nirs__VP011__prefrontal completed
prepare 117/245 simultaneous_eeg_nirs__VP011__motor completed
prepare 118/245 simultaneous_eeg_nirs__VP012__motor completed
prepare 119/245 simultaneous_eeg_nirs__VP012__posterior completed
prepare 120/245 simultaneous_eeg_nirs__VP012__prefrontal completed
prepare 121/245 simultaneous_eeg_nirs__VP013__motor completed
prepare 122/245 simultaneous_eeg_nirs__VP013__posterior completed
prepare 123/245 eeg_fnirs_single_trial__subject_29__motor completed
prepare 124/245 eeg_fnirs_single_trial__subject_29__prefrontal completed
prepare 125/245 eeg_fnirs_single_trial__subject_29__posterior completed
prepare 126/245 simultaneous_eeg_nirs__VP013__prefrontal completed
prepare 127/245 simultaneous_eeg_nirs__VP014__motor completed
prepare 128/245 simultaneous_eeg_nirs__VP014__posterior completed
prepare 129/245 simultaneous_eeg_nirs__VP014__prefrontal completed
prepare 130/245 simultaneous_eeg_nirs__VP015__posterior completed
prepare 131/245 simultaneous_eeg_nirs__VP015__prefrontal completed
prepare 132/245 simultaneous_eeg_nirs__VP015__motor completed
prepare 133/245 simultaneous_eeg_nirs__VP016__motor completed
prepare 134/245 simultaneous_eeg_nirs__VP016__posterior completed
prepare 135/245 simultaneous_eeg_nirs__VP016__prefrontal completed
prepare 136/245 simultaneous_eeg_nirs__VP018__motor completed
prepare 137/245 simultaneous_eeg_nirs__VP018__posterior completed
prepare 138/245 simultaneous_eeg_nirs__VP017__motor completed
prepare 139/245 simultaneous_eeg_nirs__VP018__prefrontal completed
prepare 140/245 simultaneous_eeg_nirs__VP017__prefrontal completed
prepare 141/245 simultaneous_eeg_nirs__VP017__posterior completed
prepare 142/245 simultaneous_eeg_nirs__VP019__motor completed
prepare 143/245 simultaneous_eeg_nirs__VP019__prefrontal completed
prepare 144/245 simultaneous_eeg_nirs__VP019__posterior completed
prepare 145/245 simultaneous_eeg_nirs__VP020__motor completed
prepare 146/245 simultaneous_eeg_nirs__VP020__posterior completed
prepare 147/245 simultaneous_eeg_nirs__VP020__prefrontal completed
prepare 148/245 simultaneous_eeg_nirs__VP021__motor completed
prepare 149/245 simultaneous_eeg_nirs__VP021__posterior completed
prepare 150/245 simultaneous_eeg_nirs__VP022__motor completed
prepare 151/245 simultaneous_eeg_nirs__VP022__posterior completed
prepare 152/245 simultaneous_eeg_nirs__VP022__prefrontal completed
prepare 153/245 simultaneous_eeg_nirs__VP021__prefrontal completed
prepare 154/245 simultaneous_eeg_nirs__VP023__posterior completed
prepare 155/245 simultaneous_eeg_nirs__VP023__motor completed
prepare 156/245 simultaneous_eeg_nirs__VP023__prefrontal completed
prepare 157/245 simultaneous_eeg_nirs__VP024__motor completed
prepare 158/245 simultaneous_eeg_nirs__VP024__posterior completed
prepare 159/245 simultaneous_eeg_nirs__VP024__prefrontal completed
prepare 160/245 simultaneous_eeg_nirs__VP025__motor completed
prepare 161/245 simultaneous_eeg_nirs__VP025__posterior completed
prepare 162/245 simultaneous_eeg_nirs__VP025__prefrontal completed
prepare 163/245 simultaneous_eeg_nirs__VP026__posterior completed
prepare 164/245 simultaneous_eeg_nirs__VP026__motor completed
prepare 165/245 simultaneous_eeg_nirs__VP026__prefrontal completed
prepare 166/245 visual_cognitive_motivation__S01__motor completed
prepare 167/245 visual_cognitive_motivation__S01__posterior__montage0 completed
prepare 168/245 visual_cognitive_motivation__S01__posterior__montage1 completed
prepare 169/245 visual_cognitive_motivation__S01__prefrontal__montage1 completed
prepare 170/245 visual_cognitive_motivation__S01__prefrontal__montage0 completed
prepare 171/245 visual_cognitive_motivation__S02__posterior__montage1 completed
prepare 172/245 visual_cognitive_motivation__S02__posterior__montage0 completed
prepare 173/245 visual_cognitive_motivation__S02__motor completed
prepare 174/245 visual_cognitive_motivation__S02__prefrontal__montage0 completed
prepare 175/245 visual_cognitive_motivation__S02__prefrontal__montage1 completed
prepare 176/245 visual_cognitive_motivation__S03__prefrontal__montage0 completed
prepare 177/245 visual_cognitive_motivation__S03__prefrontal__montage1 completed
prepare 178/245 visual_cognitive_motivation__S03__motor completed
prepare 179/245 visual_cognitive_motivation__S03__posterior__montage0 completed
prepare 180/245 visual_cognitive_motivation__S03__posterior__montage1 completed
prepare 181/245 visual_cognitive_motivation__S04__motor completed
prepare 182/245 visual_cognitive_motivation__S06__posterior__montage0 completed
prepare 183/245 visual_cognitive_motivation__S06__prefrontal__montage0 completed
prepare 184/245 visual_cognitive_motivation__S06__posterior__montage1 completed
prepare 185/245 visual_cognitive_motivation__S06__motor completed
prepare 186/245 visual_cognitive_motivation__S06__prefrontal__montage1 completed
prepare 187/245 visual_cognitive_motivation__S04__posterior__montage0 completed
prepare 188/245 visual_cognitive_motivation__S04__posterior__montage1 completed
prepare 189/245 visual_cognitive_motivation__S04__prefrontal__montage0 completed
prepare 190/245 visual_cognitive_motivation__S04__prefrontal__montage1 completed
prepare 191/245 visual_cognitive_motivation__S05__motor completed
prepare 192/245 visual_cognitive_motivation__S05__posterior__montage1 completed
prepare 193/245 visual_cognitive_motivation__S05__prefrontal__montage1 completed
prepare 194/245 visual_cognitive_motivation__S07__motor completed
prepare 195/245 visual_cognitive_motivation__S05__prefrontal__montage0 completed
prepare 196/245 visual_cognitive_motivation__S07__posterior__montage0 completed
prepare 197/245 visual_cognitive_motivation__S05__posterior__montage0 completed
prepare 198/245 visual_cognitive_motivation__S07__posterior__montage1 completed
prepare 199/245 visual_cognitive_motivation__S07__prefrontal__montage0 completed
prepare 200/245 visual_cognitive_motivation__S07__prefrontal__montage1 completed
prepare 201/245 visual_cognitive_motivation__S08__motor completed
prepare 202/245 visual_cognitive_motivation__S08__posterior__montage0 completed
prepare 203/245 visual_cognitive_motivation__S08__prefrontal__montage0 completed
prepare 204/245 visual_cognitive_motivation__S08__prefrontal__montage1 completed
prepare 205/245 visual_cognitive_motivation__S08__posterior__montage1 completed
prepare 206/245 visual_cognitive_motivation__S09__motor completed
prepare 207/245 visual_cognitive_motivation__S09__posterior__montage0 completed
prepare 208/245 visual_cognitive_motivation__S09__prefrontal__montage1 completed
prepare 209/245 visual_cognitive_motivation__S09__posterior__montage1 completed
prepare 210/245 visual_cognitive_motivation__S10__posterior__montage0 completed
prepare 211/245 visual_cognitive_motivation__S10__motor completed
prepare 212/245 visual_cognitive_motivation__S09__prefrontal__montage0 completed
prepare 213/245 visual_cognitive_motivation__S10__posterior__montage1 completed
prepare 214/245 visual_cognitive_motivation__S10__prefrontal__montage1 completed
prepare 215/245 visual_cognitive_motivation__S10__prefrontal__montage0 completed
prepare 216/245 visual_cognitive_motivation__S11__posterior__montage0 completed
prepare 217/245 visual_cognitive_motivation__S11__posterior__montage1 completed
prepare 218/245 visual_cognitive_motivation__S11__motor completed
prepare 219/245 visual_cognitive_motivation__S11__prefrontal__montage0 completed
prepare 220/245 visual_cognitive_motivation__S11__prefrontal__montage1 completed
prepare 221/245 visual_cognitive_motivation__S12__motor completed
prepare 222/245 visual_cognitive_motivation__S12__posterior__montage0 completed
prepare 223/245 visual_cognitive_motivation__S12__posterior__montage1 completed
prepare 224/245 visual_cognitive_motivation__S12__prefrontal__montage0 completed
prepare 225/245 visual_cognitive_motivation__S12__prefrontal__montage1 completed
prepare 226/245 visual_cognitive_motivation__S13__motor completed
prepare 227/245 visual_cognitive_motivation__S13__posterior__montage0 completed
prepare 228/245 visual_cognitive_motivation__S13__prefrontal__montage0 completed
prepare 229/245 visual_cognitive_motivation__S13__posterior__montage1 completed
prepare 230/245 visual_cognitive_motivation__S13__prefrontal__montage1 completed
prepare 231/245 visual_cognitive_motivation__S14__motor completed
prepare 232/245 visual_cognitive_motivation__S14__posterior__montage0 completed
prepare 233/245 visual_cognitive_motivation__S14__prefrontal__montage0 completed
prepare 234/245 visual_cognitive_motivation__S14__posterior__montage1 completed
prepare 235/245 visual_cognitive_motivation__S14__prefrontal__montage1 completed
prepare 236/245 visual_cognitive_motivation__S15__motor completed
prepare 237/245 visual_cognitive_motivation__S15__posterior__montage0 completed
prepare 238/245 visual_cognitive_motivation__S15__posterior__montage1 completed
prepare 239/245 visual_cognitive_motivation__S15__prefrontal__montage0 completed
prepare 240/245 visual_cognitive_motivation__S15__prefrontal__montage1 completed
prepare 241/245 visual_cognitive_motivation__S16__motor completed
prepare 242/245 visual_cognitive_motivation__S16__posterior__montage1 completed
prepare 243/245 visual_cognitive_motivation__S16__prefrontal__montage0 completed
prepare 244/245 visual_cognitive_motivation__S16__posterior__montage0 completed
prepare 245/245 visual_cognitive_motivation__S16__prefrontal__montage1 completed
synthetic 4/288 P1_tau__l0__s23 completed
synthetic 5/288 P1_tau__l0__s04 completed
synthetic 6/288 P1_tau__l0__s15 completed
synthetic 7/288 P1_tau__l1__s04 completed
synthetic 8/288 P1_tau__l0__s09 completed
synthetic 9/288 P1_tau__l0__s29 completed
synthetic 10/288 P1_tau__l0__s20 completed
synthetic 11/288 P1_tau__l0__s28 completed
synthetic 12/288 P1_tau__l1__s09 completed
synthetic 13/288 P1_tau__l0__s26 completed
synthetic 14/288 P1_tau__l0__s05 completed
synthetic 15/288 P1_tau__l0__s30 completed
synthetic 16/288 P1_tau__l0__s31 completed
synthetic 17/288 P1_tau__l1__s12 completed
synthetic 18/288 P1_tau__l0__s06 completed
synthetic 19/288 P1_tau__l1__s07 completed
synthetic 20/288 P1_tau__l0__s07 completed
synthetic 21/288 P1_tau__l0__s08 completed
synthetic 22/288 P1_tau__l0__s16 completed
synthetic 23/288 P1_tau__l0__s10 completed
synthetic 24/288 P1_tau__l0__s03 completed
synthetic 25/288 P1_tau__l0__s25 completed
synthetic 26/288 P1_tau__l1__s03 completed
synthetic 27/288 P1_tau__l1__s16 completed
synthetic 28/288 P1_tau__l1__s01 completed
synthetic 29/288 P1_tau__l1__s02 completed
synthetic 30/288 P1_tau__l1__s05 completed
synthetic 31/288 P1_tau__l1__s00 completed
synthetic 32/288 P1_tau__l1__s06 completed
synthetic 33/288 P1_tau__l0__s11 completed
synthetic 34/288 P1_tau__l0__s12 completed
synthetic 35/288 P1_tau__l0__s13 completed
synthetic 36/288 P1_tau__l0__s17 completed
synthetic 37/288 P1_tau__l0__s14 completed
synthetic 38/288 P1_tau__l1__s15 completed
synthetic 39/288 P1_tau__l0__s18 completed
synthetic 40/288 P1_tau__l0__s21 completed
synthetic 41/288 P1_tau__l0__s19 completed
synthetic 42/288 P1_tau__l1__s08 completed
synthetic 43/288 P1_tau__l1__s11 completed
synthetic 44/288 P1_tau__l0__s22 completed
synthetic 45/288 P1_tau__l0__s27 completed
synthetic 46/288 P1_tau__l1__s13 completed
synthetic 47/288 P1_tau__l1__s10 completed
synthetic 48/288 P1_tau__l1__s18 completed
synthetic 49/288 P1_tau__l1__s14 completed
synthetic 50/288 P1_tau__l0__s24 completed
synthetic 51/288 P1_tau__l1__s17 completed
synthetic 52/288 P1_tau__l1__s19 completed
synthetic 53/288 P1_tau__l1__s20 completed
synthetic 54/288 P1_tau__l1__s23 completed
synthetic 55/288 P1_tau__l1__s26 completed
synthetic 56/288 P1_tau__l1__s27 completed
synthetic 57/288 P1_tau__l1__s21 completed
synthetic 58/288 P1_tau__l1__s24 completed
synthetic 59/288 P1_tau__l2__s02 completed
synthetic 60/288 P1_tau__l1__s30 completed
synthetic 61/288 P1_tau__l1__s28 completed
synthetic 62/288 P1_tau__l2__s05 completed
synthetic 63/288 P1_tau__l1__s29 completed
synthetic 64/288 P1_tau__l2__s00 completed
synthetic 65/288 P1_tau__l2__s04 completed
synthetic 66/288 P1_tau__l1__s25 completed
synthetic 67/288 P1_tau__l2__s12 completed
synthetic 68/288 P1_tau__l1__s31 completed
synthetic 69/288 P1_tau__l1__s22 completed
synthetic 70/288 P1_tau__l2__s06 completed
synthetic 71/288 P1_tau__l2__s01 completed
synthetic 72/288 P1_tau__l2__s15 completed
synthetic 73/288 P1_tau__l2__s13 completed
synthetic 74/288 P1_tau__l2__s07 completed
synthetic 75/288 P1_tau__l2__s09 completed
synthetic 76/288 P1_tau__l2__s10 completed
synthetic 77/288 P1_tau__l2__s08 completed
synthetic 78/288 P1_tau__l2__s19 completed
synthetic 79/288 P1_tau__l2__s11 completed
synthetic 80/288 P1_tau__l2__s14 completed
synthetic 81/288 P1_tau__l2__s22 completed
synthetic 82/288 P1_tau__l2__s17 completed
synthetic 83/288 P1_tau__l2__s03 completed
synthetic 84/288 P1_tau__l2__s23 completed
synthetic 85/288 P1_beta__l1__s03 failed
synthetic 86/288 P1_tau__l2__s21 completed
synthetic 87/288 P1_tau__l2__s16 completed
synthetic 88/288 P1_tau__l2__s24 completed
synthetic 89/288 P1_tau__l2__s18 completed
synthetic 90/288 P1_tau__l2__s20 completed
synthetic 91/288 P1_tau__l2__s31 completed
synthetic 92/288 P1_tau__l2__s26 completed
synthetic 93/288 P1_tau__l2__s28 completed
synthetic 94/288 P1_tau__l2__s30 completed
synthetic 95/288 P1_tau__l2__s27 completed
synthetic 96/288 P1_beta__l0__s01 completed
synthetic 97/288 P1_beta__l0__s00 completed
synthetic 98/288 P1_tau__l2__s29 completed
synthetic 99/288 P1_tau__l2__s25 completed
synthetic 100/288 P1_beta__l0__s02 completed
synthetic 101/288 P1_beta__l0__s06 completed
synthetic 102/288 P1_beta__l0__s07 completed
synthetic 103/288 P1_beta__l0__s05 completed
synthetic 104/288 P1_beta__l0__s03 completed
synthetic 105/288 P1_beta__l0__s04 completed
synthetic 106/288 P1_beta__l0__s09 completed
synthetic 107/288 P1_beta__l0__s13 completed
synthetic 108/288 P1_beta__l0__s18 completed
synthetic 109/288 P1_beta__l0__s08 completed
synthetic 110/288 P1_beta__l0__s10 completed
synthetic 111/288 P1_beta__l0__s15 completed
synthetic 112/288 P1_beta__l0__s20 completed
synthetic 113/288 P1_beta__l0__s16 completed
synthetic 114/288 P1_beta__l0__s12 completed
synthetic 115/288 P1_beta__l0__s22 completed
synthetic 116/288 P1_beta__l0__s11 completed
synthetic 117/288 P1_beta__l2__s03 failed
synthetic 118/288 P1_beta__l0__s14 completed
synthetic 119/288 P1_beta__l0__s21 completed
synthetic 120/288 P1_beta__l0__s19 completed
synthetic 121/288 P1_beta__l0__s24 completed
synthetic 122/288 P1_beta__l0__s29 completed
synthetic 123/288 P1_beta__l0__s17 completed
synthetic 124/288 P1_beta__l1__s00 completed
synthetic 125/288 P1_beta__l0__s23 completed
synthetic 126/288 P1_beta__l0__s25 completed
synthetic 127/288 P1_beta__l0__s27 completed
synthetic 128/288 P1_beta__l0__s26 completed
synthetic 129/288 P1_beta__l0__s28 completed
synthetic 130/288 P1_beta__l1__s04 completed
synthetic 131/288 P1_beta__l0__s31 completed
synthetic 132/288 P1_beta__l0__s30 completed
synthetic 133/288 P1_beta__l1__s07 completed
synthetic 134/288 P1_beta__l1__s06 completed
synthetic 135/288 P1_beta__l1__s01 completed
synthetic 136/288 P1_beta__l1__s09 completed
synthetic 137/288 P1_beta__l1__s10 completed
synthetic 138/288 P1_beta__l1__s12 completed
synthetic 139/288 P1_beta__l1__s14 completed
synthetic 140/288 P1_beta__l1__s08 completed
synthetic 141/288 P1_beta__l1__s11 completed
synthetic 142/288 P1_beta__l1__s13 completed
synthetic 143/288 P1_beta__l1__s05 completed
synthetic 144/288 P1_beta__l1__s16 completed
synthetic 145/288 P1_beta__l1__s15 completed
synthetic 146/288 P1_beta__l1__s17 completed
synthetic 147/288 P1_beta__l1__s19 completed
synthetic 148/288 P1_beta__l1__s18 completed
synthetic 149/288 P1_beta__l1__s02 completed
synthetic 150/288 P1_beta__l1__s20 completed
synthetic 151/288 P1_beta__l1__s21 completed
synthetic 152/288 P1_beta__l1__s22 completed
synthetic 153/288 P1_beta__l1__s26 completed
synthetic 154/288 P1_beta__l1__s30 completed
synthetic 155/288 P1_beta__l1__s24 completed
synthetic 156/288 P1_beta__l1__s31 completed
synthetic 157/288 P1_beta__l1__s23 completed
synthetic 158/288 P1_beta__l1__s25 completed
synthetic 159/288 P1_beta__l2__s00 completed
synthetic 160/288 P1_beta__l2__s05 completed
synthetic 161/288 P1_beta__l2__s06 completed
synthetic 162/288 P1_beta__l1__s27 completed
synthetic 163/288 P1_beta__l1__s29 completed
synthetic 164/288 P1_beta__l1__s28 completed
synthetic 165/288 P2__l0__s00 completed
synthetic 166/288 P2__l0__s01 completed
synthetic 167/288 P2__l0__s02 completed
synthetic 168/288 P1_beta__l2__s04 completed
synthetic 169/288 P1_beta__l2__s01 completed
synthetic 170/288 P1_beta__l2__s11 completed
synthetic 171/288 P1_beta__l2__s02 completed
synthetic 172/288 P1_beta__l2__s07 completed
synthetic 173/288 P2__l0__s03 completed
synthetic 174/288 P1_beta__l2__s09 completed
synthetic 175/288 P1_beta__l2__s08 completed
synthetic 176/288 P1_beta__l2__s16 completed
synthetic 177/288 P1_beta__l2__s10 completed
synthetic 178/288 P1_beta__l2__s17 completed
synthetic 179/288 P1_beta__l2__s20 completed
synthetic 180/288 P1_beta__l2__s12 completed
synthetic 181/288 P2__l1__s03 failed
synthetic 182/288 P1_beta__l2__s15 completed
synthetic 183/288 P1_beta__l2__s13 completed
synthetic 184/288 P1_beta__l2__s14 completed
synthetic 185/288 P1_beta__l2__s19 completed
synthetic 186/288 P1_beta__l2__s23 completed
synthetic 187/288 P1_beta__l2__s25 completed
synthetic 188/288 P2__l0__s04 completed
synthetic 189/288 P1_beta__l2__s28 completed
synthetic 190/288 P1_beta__l2__s26 completed
synthetic 191/288 P1_beta__l2__s18 completed
synthetic 192/288 P1_beta__l2__s30 completed
synthetic 193/288 P1_beta__l2__s22 completed
synthetic 194/288 P1_beta__l2__s21 completed
synthetic 195/288 P1_beta__l2__s27 completed
synthetic 196/288 P1_beta__l2__s24 completed
synthetic 197/288 P1_beta__l2__s29 completed
synthetic 198/288 P1_beta__l2__s31 completed
synthetic 199/288 P2__l0__s05 completed
synthetic 200/288 P2__l0__s06 completed
synthetic 201/288 P2__l0__s07 completed
synthetic 202/288 P2__l0__s09 completed
synthetic 203/288 P2__l0__s11 completed
synthetic 204/288 P2__l0__s14 completed
synthetic 205/288 P2__l0__s10 completed
synthetic 206/288 P2__l0__s13 completed
synthetic 207/288 P2__l0__s12 completed
synthetic 208/288 P2__l0__s08 completed
synthetic 209/288 P2__l0__s18 completed
synthetic 210/288 P2__l0__s16 completed
synthetic 211/288 P2__l0__s20 completed
synthetic 212/288 P2__l0__s23 completed
synthetic 213/288 P2__l2__s03 failed
synthetic 214/288 P2__l0__s17 completed
synthetic 215/288 P2__l0__s26 completed
synthetic 216/288 P2__l0__s15 completed
synthetic 217/288 P2__l0__s19 completed
synthetic 218/288 P2__l0__s29 completed
synthetic 219/288 P2__l0__s22 completed
synthetic 220/288 P2__l0__s25 completed
synthetic 221/288 P2__l0__s21 completed
synthetic 222/288 P2__l0__s24 completed
synthetic 223/288 P2__l0__s31 completed
synthetic 224/288 P2__l0__s27 completed
synthetic 225/288 P2__l0__s30 completed
synthetic 226/288 P2__l1__s04 completed
synthetic 227/288 P2__l0__s28 completed
synthetic 228/288 P2__l1__s13 completed
synthetic 229/288 P2__l1__s12 completed
synthetic 230/288 P2__l1__s09 completed
synthetic 231/288 P2__l1__s08 completed
synthetic 232/288 P2__l1__s06 completed
synthetic 233/288 P2__l1__s05 completed
synthetic 234/288 P2__l1__s11 completed
synthetic 235/288 P2__l1__s10 completed
synthetic 236/288 P2__l1__s01 completed
synthetic 237/288 P2__l1__s16 completed
synthetic 238/288 P2__l1__s07 completed
synthetic 239/288 P2__l1__s00 completed
synthetic 240/288 P2__l1__s15 completed
synthetic 241/288 P2__l1__s14 completed
synthetic 242/288 P2__l1__s02 completed
synthetic 243/288 P2__l1__s20 completed
synthetic 244/288 P2__l1__s18 completed
synthetic 245/288 P2__l1__s19 completed
synthetic 246/288 P2__l1__s17 completed
synthetic 247/288 P2__l1__s21 completed
synthetic 248/288 P2__l1__s22 completed
synthetic 249/288 P2__l1__s23 completed
synthetic 250/288 P2__l1__s25 completed
synthetic 251/288 P2__l1__s24 completed
synthetic 252/288 P2__l1__s27 completed
synthetic 253/288 P2__l1__s26 completed
synthetic 254/288 P2__l1__s28 completed
synthetic 255/288 P2__l1__s30 completed
synthetic 256/288 P2__l1__s31 completed
synthetic 257/288 P2__l2__s07 completed
synthetic 258/288 P2__l2__s09 completed
synthetic 259/288 P2__l2__s04 completed
synthetic 260/288 P2__l2__s05 completed
synthetic 261/288 P2__l2__s14 completed
synthetic 262/288 P2__l2__s12 completed
synthetic 263/288 P2__l2__s06 completed
synthetic 264/288 P2__l2__s10 completed
synthetic 265/288 P2__l2__s00 completed
synthetic 266/288 P2__l2__s15 completed
synthetic 267/288 P2__l2__s13 completed
synthetic 268/288 P2__l2__s11 completed
synthetic 269/288 P2__l2__s08 completed
synthetic 270/288 P2__l2__s19 completed
synthetic 271/288 P2__l2__s02 completed
synthetic 272/288 P2__l2__s17 completed
synthetic 273/288 P2__l2__s01 completed
synthetic 274/288 P2__l1__s29 completed
synthetic 275/288 P2__l2__s25 completed
synthetic 276/288 P2__l2__s22 completed
synthetic 277/288 P2__l2__s18 completed
synthetic 278/288 P2__l2__s24 completed
synthetic 279/288 P2__l2__s26 completed
synthetic 280/288 P2__l2__s20 completed
synthetic 281/288 P2__l2__s29 completed
synthetic 282/288 P2__l2__s23 completed
synthetic 283/288 P2__l2__s28 completed
synthetic 284/288 P2__l2__s27 completed
synthetic 285/288 P2__l2__s16 completed
synthetic 286/288 P2__l2__s21 completed
synthetic 287/288 P2__l2__s31 completed
synthetic 288/288 P2__l2__s30 completed
development 1/264 eeg_fnirs_single_trial__subject_05__motor__P0__N0 completed
development 2/264 eeg_fnirs_single_trial__subject_05__posterior__P1_beta__N0 failed
development 3/264 eeg_fnirs_single_trial__subject_11__posterior__P0__N0 completed
development 4/264 eeg_fnirs_single_trial__subject_11__motor__P0__N0 completed
development 5/264 eeg_fnirs_single_trial__subject_05__posterior__P0__N0 completed
development 6/264 eeg_fnirs_single_trial__subject_11__prefrontal__P0__N0 completed
development 7/264 eeg_fnirs_single_trial__subject_05__prefrontal__P0__N0 completed
development 8/264 eeg_fnirs_single_trial__subject_05__prefrontal__P1_beta__N0 failed
development 9/264 eeg_fnirs_single_trial__subject_19__motor__P0__N0 completed
development 10/264 eeg_fnirs_single_trial__subject_08__motor__P0__N0 completed
development 11/264 eeg_fnirs_single_trial__subject_19__posterior__P0__N0 completed
development 12/264 eeg_fnirs_single_trial__subject_08__prefrontal__P0__N0 completed
development 13/264 eeg_fnirs_single_trial__subject_19__prefrontal__P0__N0 completed
development 14/264 eeg_fnirs_single_trial__subject_08__posterior__P0__N0 completed
development 15/264 eeg_fnirs_single_trial__subject_11__motor__P2__N0 completed
development 16/264 eeg_fnirs_single_trial__subject_19__posterior__P2__N0 completed
development 17/264 eeg_fnirs_single_trial__subject_11__prefrontal__P2__N0 completed
development 18/264 eeg_fnirs_single_trial__subject_08__prefrontal__P2__N0 completed
development 19/264 eeg_fnirs_single_trial__subject_11__motor__P1_beta__N0 completed
development 20/264 eeg_fnirs_single_trial__subject_19__motor__P2__N0 completed
development 21/264 eeg_fnirs_single_trial__subject_11__prefrontal__P1_tau__N0 completed
development 22/264 eeg_fnirs_single_trial__subject_19__motor__P1_beta__N0 completed
development 23/264 eeg_fnirs_single_trial__subject_11__posterior__P2__N0 completed
development 24/264 eeg_fnirs_single_trial__subject_05__motor__P1_tau__N0 completed
development 25/264 eeg_fnirs_single_trial__subject_11__posterior__P1_tau__N0 completed
development 26/264 eeg_fnirs_single_trial__subject_11__prefrontal__P1_beta__N0 completed
development 27/264 eeg_fnirs_single_trial__subject_28__motor__P1_beta__N0 failed
development 28/264 eeg_fnirs_single_trial__subject_19__motor__P1_tau__N0 completed
development 29/264 eeg_fnirs_single_trial__subject_28__posterior__P1_beta__N0 failed
development 30/264 eeg_fnirs_single_trial__subject_11__posterior__P1_beta__N0 completed
development 31/264 eeg_fnirs_single_trial__subject_19__prefrontal__P1_tau__N0 completed
development 32/264 eeg_fnirs_single_trial__subject_24__motor__P0__N0 completed
development 33/264 eeg_fnirs_single_trial__subject_08__motor__P1_tau__N0 completed
development 34/264 eeg_fnirs_single_trial__subject_19__posterior__P1_tau__N0 completed
development 35/264 eeg_fnirs_single_trial__subject_05__motor__P1_beta__N0 completed
development 36/264 eeg_fnirs_single_trial__subject_08__posterior__P1_tau__N0 completed
development 37/264 eeg_fnirs_single_trial__subject_08__motor__P1_beta__N0 completed
development 38/264 eeg_fnirs_single_trial__subject_08__posterior__P1_beta__N0 completed
development 39/264 eeg_fnirs_single_trial__subject_11__motor__P1_tau__N0 completed
development 40/264 eeg_fnirs_single_trial__subject_24__posterior__P0__N0 completed
development 41/264 eeg_fnirs_single_trial__subject_08__prefrontal__P1_tau__N0 completed
development 42/264 eeg_fnirs_single_trial__subject_05__posterior__P1_tau__N0 completed
development 43/264 eeg_fnirs_single_trial__subject_24__prefrontal__P0__N0 completed
development 44/264 eeg_fnirs_single_trial__subject_08__prefrontal__P1_beta__N0 completed
development 45/264 eeg_fnirs_single_trial__subject_19__posterior__P1_beta__N0 completed
development 46/264 eeg_fnirs_single_trial__subject_05__prefrontal__P1_tau__N0 completed
development 47/264 eeg_fnirs_single_trial__subject_19__prefrontal__P1_beta__N0 completed
development 48/264 eeg_fnirs_single_trial__subject_28__motor__P0__N0 completed
development 49/264 eeg_fnirs_single_trial__subject_24__posterior__P2__N0 completed
development 50/264 eeg_fnirs_single_trial__subject_28__posterior__P0__N0 completed
development 51/264 eeg_fnirs_single_trial__subject_28__prefrontal__P0__N0 completed
development 52/264 eeg_fnirs_single_trial__subject_19__prefrontal__P2__N0 completed
development 53/264 eeg_fnirs_single_trial__subject_08__motor__P2__N0 completed
development 54/264 eeg_fnirs_single_trial__subject_05__posterior__P2__N0 completed
development 55/264 eeg_fnirs_single_trial__subject_24__motor__P1_beta__N0 completed
development 56/264 simultaneous_eeg_nirs__VP003__motor__P0__N0 completed
development 57/264 eeg_fnirs_single_trial__subject_24__motor__P1_tau__N0 completed
development 58/264 eeg_fnirs_single_trial__subject_05__motor__P2__N0 completed
development 59/264 eeg_fnirs_single_trial__subject_24__posterior__P1_tau__N0 completed
development 60/264 eeg_fnirs_single_trial__subject_08__posterior__P2__N0 completed
development 61/264 eeg_fnirs_single_trial__subject_24__prefrontal__P2__N0 completed
development 62/264 simultaneous_eeg_nirs__VP003__posterior__P0__N0 completed
development 63/264 eeg_fnirs_single_trial__subject_24__prefrontal__P1_tau__N0 completed
development 64/264 eeg_fnirs_single_trial__subject_24__posterior__P1_beta__N0 completed
development 65/264 eeg_fnirs_single_trial__subject_05__prefrontal__P2__N0 completed
development 66/264 simultaneous_eeg_nirs__VP003__prefrontal__P0__N0 completed
development 67/264 eeg_fnirs_single_trial__subject_24__motor__P2__N0 completed
development 68/264 simultaneous_eeg_nirs__VP006__motor__P0__N0 completed
development 69/264 eeg_fnirs_single_trial__subject_28__motor__P1_tau__N0 completed
development 70/264 eeg_fnirs_single_trial__subject_28__prefrontal__P2__N0 completed
development 71/264 simultaneous_eeg_nirs__VP006__posterior__P0__N0 completed
development 72/264 eeg_fnirs_single_trial__subject_28__motor__P2__N0 completed
development 73/264 eeg_fnirs_single_trial__subject_28__posterior__P1_tau__N0 completed
development 74/264 eeg_fnirs_single_trial__subject_24__prefrontal__P1_beta__N0 completed
development 75/264 simultaneous_eeg_nirs__VP006__prefrontal__P0__N0 completed
development 76/264 simultaneous_eeg_nirs__VP003__posterior__P2__N0 completed
development 77/264 simultaneous_eeg_nirs__VP003__motor__P2__N0 completed
development 78/264 eeg_fnirs_single_trial__subject_28__posterior__P2__N0 completed
development 79/264 eeg_fnirs_single_trial__subject_28__prefrontal__P1_beta__N0 completed
development 80/264 simultaneous_eeg_nirs__VP009__motor__P0__N0 completed
development 81/264 eeg_fnirs_single_trial__subject_28__prefrontal__P1_tau__N0 completed
development 82/264 simultaneous_eeg_nirs__VP003__motor__P1_beta__N0 completed
development 83/264 simultaneous_eeg_nirs__VP003__motor__P1_tau__N0 completed
development 84/264 simultaneous_eeg_nirs__VP003__posterior__P1_beta__N0 completed
development 85/264 simultaneous_eeg_nirs__VP009__posterior__P0__N0 completed
development 86/264 simultaneous_eeg_nirs__VP003__prefrontal__P1_beta__N0 completed
development 87/264 simultaneous_eeg_nirs__VP006__motor__P2__N0 completed
development 88/264 simultaneous_eeg_nirs__VP006__motor__P1_beta__N0 completed
development 89/264 simultaneous_eeg_nirs__VP006__posterior__P2__N0 completed
development 90/264 simultaneous_eeg_nirs__VP009__prefrontal__P0__N0 completed
development 91/264 simultaneous_eeg_nirs__VP006__posterior__P1_beta__N0 completed
development 92/264 simultaneous_eeg_nirs__VP013__motor__P0__N0 completed
development 93/264 simultaneous_eeg_nirs__VP006__motor__P1_tau__N0 completed
development 94/264 simultaneous_eeg_nirs__VP006__posterior__P1_tau__N0 completed
development 95/264 simultaneous_eeg_nirs__VP003__prefrontal__P1_tau__N0 completed
development 96/264 simultaneous_eeg_nirs__VP013__posterior__P0__N0 completed
development 97/264 simultaneous_eeg_nirs__VP006__prefrontal__P2__N0 completed
development 98/264 simultaneous_eeg_nirs__VP013__prefrontal__P0__N0 completed
development 99/264 simultaneous_eeg_nirs__VP006__prefrontal__P1_beta__N0 completed
development 100/264 simultaneous_eeg_nirs__VP019__motor__P0__N0 completed
development 101/264 simultaneous_eeg_nirs__VP003__posterior__P1_tau__N0 completed
development 102/264 simultaneous_eeg_nirs__VP009__posterior__P2__N0 completed
development 103/264 simultaneous_eeg_nirs__VP006__prefrontal__P1_tau__N0 completed
development 104/264 simultaneous_eeg_nirs__VP019__posterior__P0__N0 completed
development 105/264 simultaneous_eeg_nirs__VP020__prefrontal__P1_beta__N0 failed
development 106/264 simultaneous_eeg_nirs__VP019__prefrontal__P0__N0 completed
development 107/264 simultaneous_eeg_nirs__VP013__motor__P1_tau__N0 completed
development 108/264 simultaneous_eeg_nirs__VP009__posterior__P1_beta__N0 completed
development 109/264 simultaneous_eeg_nirs__VP009__prefrontal__P1_tau__N0 completed
development 110/264 simultaneous_eeg_nirs__VP009__posterior__P1_tau__N0 completed
development 111/264 simultaneous_eeg_nirs__VP020__motor__P0__N0 completed
development 112/264 simultaneous_eeg_nirs__VP009__motor__P1_tau__N0 completed
development 113/264 simultaneous_eeg_nirs__VP013__posterior__P2__N0 completed
development 114/264 simultaneous_eeg_nirs__VP013__posterior__P1_beta__N0 completed
development 115/264 simultaneous_eeg_nirs__VP009__prefrontal__P1_beta__N0 completed
development 116/264 simultaneous_eeg_nirs__VP020__posterior__P0__N0 completed
development 117/264 simultaneous_eeg_nirs__VP013__motor__P1_beta__N0 completed
development 118/264 visual_cognitive_motivation__S01__motor__P0__N0 completed
development 119/264 simultaneous_eeg_nirs__VP003__prefrontal__P2__N0 completed
development 120/264 simultaneous_eeg_nirs__VP013__prefrontal__P1_beta__N0 completed
development 121/264 simultaneous_eeg_nirs__VP013__prefrontal__P2__N0 completed
development 122/264 simultaneous_eeg_nirs__VP013__posterior__P1_tau__N0 completed
development 123/264 simultaneous_eeg_nirs__VP009__motor__P1_beta__N0 completed
development 124/264 simultaneous_eeg_nirs__VP019__motor__P1_beta__N0 completed
development 125/264 simultaneous_eeg_nirs__VP013__prefrontal__P1_tau__N0 completed
development 126/264 simultaneous_eeg_nirs__VP019__prefrontal__P2__N0 completed
development 127/264 visual_cognitive_motivation__S01__prefrontal__montage0__P1_beta__N0 failed
development 128/264 simultaneous_eeg_nirs__VP019__motor__P1_tau__N0 completed
development 129/264 simultaneous_eeg_nirs__VP009__motor__P2__N0 completed
development 130/264 simultaneous_eeg_nirs__VP020__prefrontal__P0__N0 completed
development 131/264 simultaneous_eeg_nirs__VP009__prefrontal__P2__N0 completed
development 132/264 simultaneous_eeg_nirs__VP019__motor__P2__N0 completed
development 133/264 simultaneous_eeg_nirs__VP013__motor__P2__N0 completed
development 134/264 simultaneous_eeg_nirs__VP019__posterior__P1_tau__N0 completed
development 135/264 simultaneous_eeg_nirs__VP019__posterior__P2__N0 completed
development 136/264 visual_cognitive_motivation__S01__posterior__montage1__P0__N0 completed
development 137/264 visual_cognitive_motivation__S01__posterior__montage0__P0__N0 completed
development 138/264 simultaneous_eeg_nirs__VP019__prefrontal__P1_tau__N0 completed
development 139/264 visual_cognitive_motivation__S01__motor__P2__N0 completed
development 140/264 simultaneous_eeg_nirs__VP020__motor__P1_tau__N0 completed
development 141/264 simultaneous_eeg_nirs__VP020__posterior__P1_beta__N0 completed
development 142/264 simultaneous_eeg_nirs__VP020__posterior__P1_tau__N0 completed
development 143/264 simultaneous_eeg_nirs__VP019__posterior__P1_beta__N0 completed
development 144/264 visual_cognitive_motivation__S01__prefrontal__montage0__P0__N0 completed
development 145/264 simultaneous_eeg_nirs__VP020__prefrontal__P2__N0 completed
development 146/264 visual_cognitive_motivation__S01__prefrontal__montage1__P0__N0 completed
development 147/264 simultaneous_eeg_nirs__VP019__prefrontal__P1_beta__N0 completed
development 148/264 simultaneous_eeg_nirs__VP020__motor__P1_beta__N0 completed
development 149/264 visual_cognitive_motivation__S01__posterior__montage0__P1_beta__N0 completed
development 150/264 visual_cognitive_motivation__S03__motor__P0__N0 completed
development 151/264 visual_cognitive_motivation__S03__posterior__montage0__P0__N0 completed
development 152/264 visual_cognitive_motivation__S01__motor__P1_tau__N0 completed
development 153/264 visual_cognitive_motivation__S03__posterior__montage1__P0__N0 completed
development 154/264 visual_cognitive_motivation__S01__posterior__montage0__P1_tau__N0 completed
development 155/264 visual_cognitive_motivation__S01__motor__P1_beta__N0 completed
development 156/264 simultaneous_eeg_nirs__VP020__prefrontal__P1_tau__N0 completed
development 157/264 visual_cognitive_motivation__S01__posterior__montage1__P2__N0 completed
development 158/264 visual_cognitive_motivation__S03__prefrontal__montage0__P0__N0 completed
development 159/264 visual_cognitive_motivation__S03__posterior__montage0__P2__N0 completed
development 160/264 visual_cognitive_motivation__S03__prefrontal__montage1__P0__N0 completed
development 161/264 simultaneous_eeg_nirs__VP020__posterior__P2__N0 completed
development 162/264 visual_cognitive_motivation__S01__posterior__montage1__P1_beta__N0 completed
development 163/264 visual_cognitive_motivation__S01__prefrontal__montage0__P2__N0 completed
development 164/264 visual_cognitive_motivation__S05__motor__P0__N0 completed
development 165/264 visual_cognitive_motivation__S01__prefrontal__montage1__P1_tau__N0 completed
development 166/264 visual_cognitive_motivation__S01__posterior__montage1__P1_tau__N0 completed
development 167/264 visual_cognitive_motivation__S03__posterior__montage0__P1_tau__N0 completed
development 168/264 visual_cognitive_motivation__S01__prefrontal__montage0__P1_tau__N0 completed
development 169/264 simultaneous_eeg_nirs__VP020__motor__P2__N0 completed
development 170/264 visual_cognitive_motivation__S01__posterior__montage0__P2__N0 completed
development 171/264 visual_cognitive_motivation__S03__posterior__montage0__P1_beta__N0 completed
development 172/264 visual_cognitive_motivation__S05__posterior__montage0__P0__N0 completed
development 173/264 visual_cognitive_motivation__S03__motor__P1_tau__N0 completed
development 174/264 visual_cognitive_motivation__S01__prefrontal__montage1__P1_beta__N0 completed
development 175/264 visual_cognitive_motivation__S05__posterior__montage1__P0__N0 completed
development 176/264 visual_cognitive_motivation__S05__motor__P1_beta__N0 failed
development 177/264 visual_cognitive_motivation__S03__prefrontal__montage0__P2__N0 completed
development 178/264 visual_cognitive_motivation__S03__posterior__montage1__P2__N0 completed
development 179/264 visual_cognitive_motivation__S03__posterior__montage1__P1_tau__N0 completed
development 180/264 visual_cognitive_motivation__S05__prefrontal__montage0__P0__N0 completed
development 181/264 visual_cognitive_motivation__S03__motor__P1_beta__N0 completed
development 182/264 visual_cognitive_motivation__S06__posterior__montage1__P1_beta__N0 failed
development 183/264 visual_cognitive_motivation__S03__prefrontal__montage1__P2__N0 completed
development 184/264 visual_cognitive_motivation__S03__prefrontal__montage0__P1_tau__N0 completed
development 185/264 visual_cognitive_motivation__S06__prefrontal__montage1__P1_beta__N0 failed
development 186/264 visual_cognitive_motivation__S03__prefrontal__montage0__P1_beta__N0 completed
development 187/264 visual_cognitive_motivation__S05__prefrontal__montage1__P0__N0 completed
development 188/264 visual_cognitive_motivation__S01__prefrontal__montage1__P2__N0 completed
development 189/264 visual_cognitive_motivation__S03__posterior__montage1__P1_beta__N0 completed
development 190/264 visual_cognitive_motivation__S06__motor__P0__N0 completed
development 191/264 visual_cognitive_motivation__S03__prefrontal__montage1__P1_tau__N0 completed
development 192/264 visual_cognitive_motivation__S05__posterior__montage0__P1_beta__N0 completed
development 193/264 visual_cognitive_motivation__S05__posterior__montage0__P1_tau__N0 completed
development 194/264 visual_cognitive_motivation__S05__prefrontal__montage1__P1_beta__N0 failed
development 195/264 visual_cognitive_motivation__S03__prefrontal__montage1__P1_beta__N0 completed
development 196/264 visual_cognitive_motivation__S03__motor__P2__N0 completed
development 197/264 visual_cognitive_motivation__S05__motor__P1_tau__N0 completed
development 198/264 visual_cognitive_motivation__S06__posterior__montage0__P0__N0 completed
development 199/264 visual_cognitive_motivation__S05__posterior__montage1__P1_tau__N0 completed
development 200/264 visual_cognitive_motivation__S05__posterior__montage1__P2__N0 completed
development 201/264 visual_cognitive_motivation__S05__prefrontal__montage0__P2__N0 completed
development 202/264 visual_cognitive_motivation__S06__posterior__montage1__P0__N0 completed
development 203/264 visual_cognitive_motivation__S06__prefrontal__montage0__P0__N0 completed
development 204/264 visual_cognitive_motivation__S06__prefrontal__montage1__P0__N0 completed
development 205/264 visual_cognitive_motivation__S05__prefrontal__montage0__P1_tau__N0 completed
development 206/264 visual_cognitive_motivation__S05__prefrontal__montage0__P1_beta__N0 completed
development 207/264 visual_cognitive_motivation__S13__motor__P0__N0 completed
development 208/264 visual_cognitive_motivation__S13__posterior__montage0__P0__N0 completed
development 209/264 visual_cognitive_motivation__S06__motor__P2__N0 completed
development 210/264 visual_cognitive_motivation__S05__prefrontal__montage1__P2__N0 completed
development 211/264 visual_cognitive_motivation__S05__prefrontal__montage1__P1_tau__N0 completed
development 212/264 visual_cognitive_motivation__S06__motor__P1_tau__N0 completed
development 213/264 visual_cognitive_motivation__S06__posterior__montage0__P2__N0 completed
development 214/264 visual_cognitive_motivation__S06__posterior__montage0__P1_beta__N0 completed
development 215/264 visual_cognitive_motivation__S06__posterior__montage0__P1_tau__N0 completed
development 216/264 visual_cognitive_motivation__S05__posterior__montage1__P1_beta__N0 completed
development 217/264 visual_cognitive_motivation__S05__motor__P2__N0 completed
development 218/264 visual_cognitive_motivation__S13__posterior__montage1__P0__N0 completed
development 219/264 visual_cognitive_motivation__S06__prefrontal__montage1__P2__N0 completed
development 220/264 visual_cognitive_motivation__S13__prefrontal__montage0__P0__N0 completed
development 221/264 visual_cognitive_motivation__S06__posterior__montage1__P1_tau__N0 completed
development 222/264 visual_cognitive_motivation__S13__prefrontal__montage1__P0__N0 completed
development 223/264 visual_cognitive_motivation__S06__prefrontal__montage0__P2__N0 completed
development 224/264 visual_cognitive_motivation__S06__motor__P1_beta__N0 completed
development 225/264 visual_cognitive_motivation__S13__motor__P2__N0 completed
development 226/264 visual_cognitive_motivation__S06__prefrontal__montage0__P1_tau__N0 completed
development 227/264 visual_cognitive_motivation__S16__motor__P0__N0 completed
development 228/264 visual_cognitive_motivation__S05__posterior__montage0__P2__N0 completed
development 229/264 visual_cognitive_motivation__S16__prefrontal__montage0__P1_beta__N0 failed
development 230/264 visual_cognitive_motivation__S06__prefrontal__montage1__P1_tau__N0 completed
development 231/264 visual_cognitive_motivation__S13__posterior__montage0__P1_tau__N0 completed
development 232/264 visual_cognitive_motivation__S06__prefrontal__montage0__P1_beta__N0 completed
development 233/264 visual_cognitive_motivation__S16__posterior__montage0__P0__N0 completed
development 234/264 visual_cognitive_motivation__S13__prefrontal__montage1__P2__N0 completed
development 235/264 visual_cognitive_motivation__S13__posterior__montage0__P1_beta__N0 completed
development 236/264 visual_cognitive_motivation__S13__motor__P1_beta__N0 completed
development 237/264 visual_cognitive_motivation__S16__posterior__montage1__P0__N0 completed
development 238/264 visual_cognitive_motivation__S06__posterior__montage1__P2__N0 completed
development 239/264 visual_cognitive_motivation__S13__motor__P1_tau__N0 completed
development 240/264 visual_cognitive_motivation__S13__prefrontal__montage0__P2__N0 completed
development 241/264 visual_cognitive_motivation__S13__prefrontal__montage1__P1_tau__N0 completed
development 242/264 visual_cognitive_motivation__S13__prefrontal__montage0__P1_tau__N0 completed
development 243/264 visual_cognitive_motivation__S13__posterior__montage1__P1_tau__N0 completed
development 244/264 visual_cognitive_motivation__S13__prefrontal__montage1__P1_beta__N0 completed
development 245/264 visual_cognitive_motivation__S13__prefrontal__montage0__P1_beta__N0 completed
development 246/264 visual_cognitive_motivation__S16__prefrontal__montage1__P0__N0 completed
development 247/264 visual_cognitive_motivation__S13__posterior__montage1__P1_beta__N0 completed
development 248/264 visual_cognitive_motivation__S16__prefrontal__montage0__P0__N0 completed
development 249/264 visual_cognitive_motivation__S16__motor__P1_tau__N0 completed
development 250/264 visual_cognitive_motivation__S13__posterior__montage1__P2__N0 completed
development 251/264 visual_cognitive_motivation__S16__posterior__montage0__P1_tau__N0 completed
development 252/264 visual_cognitive_motivation__S16__motor__P2__N0 completed
development 253/264 visual_cognitive_motivation__S16__motor__P1_beta__N0 completed
development 254/264 visual_cognitive_motivation__S16__posterior__montage1__P1_tau__N0 completed
development 255/264 visual_cognitive_motivation__S16__posterior__montage1__P1_beta__N0 completed
development 256/264 visual_cognitive_motivation__S16__prefrontal__montage1__P1_tau__N0 completed
development 257/264 visual_cognitive_motivation__S16__prefrontal__montage1__P1_beta__N0 completed
development 258/264 visual_cognitive_motivation__S16__prefrontal__montage0__P1_tau__N0 completed
development 259/264 visual_cognitive_motivation__S16__posterior__montage1__P2__N0 completed
development 260/264 visual_cognitive_motivation__S16__posterior__montage0__P1_beta__N0 completed
development 261/264 visual_cognitive_motivation__S13__posterior__montage0__P2__N0 completed
development 262/264 visual_cognitive_motivation__S16__posterior__montage0__P2__N0 completed
development 263/264 visual_cognitive_motivation__S16__prefrontal__montage0__P2__N0 completed
development 264/264 visual_cognitive_motivation__S16__prefrontal__montage1__P2__N0 completed
