{"stage": "synthetic", "completed": 1, "expected": 32, "last_key": "mixed_rest_r5", "error": null, "elapsed_s": 253.20704375579953, "estimated_remaining_s": 7849.418390844017}
{"stage": "synthetic", "completed": 2, "expected": 32, "last_key": "mixed_nonrest_r4", "error": null, "elapsed_s": 253.61797794001177, "estimated_remaining_s": 3804.269688797649}
{"stage": "synthetic", "completed": 3, "expected": 32, "last_key": "mixed_nonrest_r0", "error": null, "elapsed_s": 254.37533928919584, "estimated_remaining_s": 2458.961621767065}
{"stage": "synthetic", "completed": 4, "expected": 32, "last_key": "slow_rest_r6", "error": null, "elapsed_s": 255.87734482903033, "estimated_remaining_s": 1791.1414195140824}
{"stage": "synthetic", "completed": 5, "expected": 32, "last_key": "mixed_rest_r0", "error": null, "elapsed_s": 259.98000066913664, "estimated_remaining_s": 1403.8920078830793}
{"stage": "synthetic", "completed": 6, "expected": 32, "last_key": "mixed_nonrest_r1", "error": null, "elapsed_s": 260.20645967591554, "estimated_remaining_s": 1127.5613293363713}
{"stage": "synthetic", "completed": 7, "expected": 32, "last_key": "slow_rest_r5", "error": null, "elapsed_s": 261.4621587768197, "estimated_remaining_s": 933.7934275257534}
{"stage": "synthetic", "completed": 8, "expected": 32, "last_key": "mixed_nonrest_r6", "error": null, "elapsed_s": 261.49736045114696, "estimated_remaining_s": 784.4920835243538}
{"stage": "synthetic", "completed": 9, "expected": 32, "last_key": "mixed_rest_r7", "error": null, "elapsed_s": 261.5643369979225, "estimated_remaining_s": 668.4421968660317}
{"stage": "synthetic", "completed": 10, "expected": 32, "last_key": "slow_nonrest_r0", "error": null, "elapsed_s": 262.4636766430922, "estimated_remaining_s": 577.4200903522782}
{"stage": "synthetic", "completed": 11, "expected": 32, "last_key": "slow_rest_r7", "error": null, "elapsed_s": 262.91490762494504, "estimated_remaining_s": 501.92846209593966}
{"stage": "synthetic", "completed": 12, "expected": 32, "last_key": "slow_nonrest_r2", "error": null, "elapsed_s": 262.9644245952368, "estimated_remaining_s": 438.2740423517923}
{"stage": "synthetic", "completed": 13, "expected": 32, "last_key": "slow_rest_r0", "error": null, "elapsed_s": 263.50064154481515, "estimated_remaining_s": 385.1163234610755}
{"stage": "synthetic", "completed": 14, "expected": 32, "last_key": "mixed_rest_r6", "error": null, "elapsed_s": 263.61411508498713, "estimated_remaining_s": 338.93243492301553}
{"stage": "synthetic", "completed": 15, "expected": 32, "last_key": "slow_nonrest_r7", "error": null, "elapsed_s": 264.32589805405587, "estimated_remaining_s": 299.5693522193159}
{"stage": "synthetic", "completed": 16, "expected": 32, "last_key": "mixed_nonrest_r7", "error": null, "elapsed_s": 264.8810740490444, "estimated_remaining_s": 264.88107505906373}
{"stage": "synthetic", "completed": 17, "expected": 32, "last_key": "slow_nonrest_r5", "error": null, "elapsed_s": 266.842988523189, "estimated_remaining_s": 235.4496964986217}
{"stage": "synthetic", "completed": 18, "expected": 32, "last_key": "slow_rest_r3", "error": null, "elapsed_s": 266.9954377221875, "estimated_remaining_s": 207.66311905595163}
{"stage": "synthetic", "completed": 19, "expected": 32, "last_key": "mixed_nonrest_r3", "error": null, "elapsed_s": 267.97660955321044, "estimated_remaining_s": 183.35241775856795}
{"stage": "synthetic", "completed": 20, "expected": 32, "last_key": "mixed_rest_r1", "error": null, "elapsed_s": 268.13735041115433, "estimated_remaining_s": 160.8824108345434}
{"stage": "synthetic", "completed": 21, "expected": 32, "last_key": "slow_rest_r4", "error": null, "elapsed_s": 268.4324198528193, "estimated_remaining_s": 140.6074585362249}
{"stage": "synthetic", "completed": 22, "expected": 32, "last_key": "mixed_nonrest_r5", "error": null, "elapsed_s": 269.8651094781235, "estimated_remaining_s": 122.66595923828639}
{"stage": "synthetic", "completed": 23, "expected": 32, "last_key": "slow_nonrest_r4", "error": null, "elapsed_s": 270.38954349188134, "estimated_remaining_s": 105.80460440274328}
{"stage": "synthetic", "completed": 24, "expected": 32, "last_key": "slow_nonrest_r3", "error": null, "elapsed_s": 271.5364692718722, "estimated_remaining_s": 90.51215672229107}
{"stage": "synthetic", "completed": 25, "expected": 32, "last_key": "slow_nonrest_r1", "error": null, "elapsed_s": 271.7873115311377, "estimated_remaining_s": 76.1004475190863}
{"stage": "synthetic", "completed": 26, "expected": 32, "last_key": "mixed_rest_r4", "error": null, "elapsed_s": 272.2922921148129, "estimated_remaining_s": 62.83668299678426}
{"stage": "synthetic", "completed": 27, "expected": 32, "last_key": "mixed_nonrest_r2", "error": null, "elapsed_s": 272.8996494221501, "estimated_remaining_s": 50.53697228630039}
{"stage": "synthetic", "completed": 28, "expected": 32, "last_key": "slow_rest_r1", "error": null, "elapsed_s": 273.07170150009915, "estimated_remaining_s": 39.01024318459843}
{"stage": "synthetic", "completed": 29, "expected": 32, "last_key": "slow_nonrest_r6", "error": null, "elapsed_s": 273.3001911570318, "estimated_remaining_s": 28.272433652992135}
{"stage": "synthetic", "completed": 30, "expected": 32, "last_key": "mixed_rest_r2", "error": null, "elapsed_s": 273.4162658411078, "estimated_remaining_s": 18.227751106675715}
{"stage": "synthetic", "completed": 31, "expected": 32, "last_key": "mixed_rest_r3", "error": null, "elapsed_s": 282.8471266310662, "estimated_remaining_s": 9.124100889319614}
{"stage": "synthetic", "completed": 32, "expected": 32, "last_key": "slow_rest_r2", "error": null, "elapsed_s": 299.18685027211905, "estimated_remaining_s": 0.0}
{"stage": "calibration", "completed": 1, "expected": 12, "last_key": "simultaneous_eeg_nirs__prefrontal__outer0", "error": null, "elapsed_s": 162.4368316535838, "estimated_remaining_s": 1786.8051543515176}
{"stage": "calibration", "completed": 2, "expected": 12, "last_key": "simultaneous_eeg_nirs__prefrontal__outer4", "error": null, "elapsed_s": 162.46553122485057, "estimated_remaining_s": 812.3276606947184}
{"stage": "calibration", "completed": 3, "expected": 12, "last_key": "simultaneous_eeg_nirs__prefrontal__outer2", "error": null, "elapsed_s": 163.77315010968596, "estimated_remaining_s": 491.3194539989345}
{"stage": "calibration", "completed": 4, "expected": 12, "last_key": "visual_cognitive_motivation__prefrontal__montage0__outer2", "error": null, "elapsed_s": 164.4574352935888, "estimated_remaining_s": 328.91487253364176}
{"stage": "calibration", "completed": 5, "expected": 12, "last_key": "visual_cognitive_motivation__prefrontal__montage0__outer3", "error": null, "elapsed_s": 164.46653551980853, "estimated_remaining_s": 230.2531508757733}
{"stage": "calibration", "completed": 6, "expected": 12, "last_key": "visual_cognitive_motivation__prefrontal__montage0__outer1", "error": null, "elapsed_s": 164.83297914173454, "estimated_remaining_s": 164.832980111707}
{"stage": "calibration", "completed": 7, "expected": 12, "last_key": "eeg_fnirs_single_trial__prefrontal__outer1", "error": null, "elapsed_s": 165.16718930657953, "estimated_remaining_s": 117.97656439843455}
{"stage": "calibration", "completed": 8, "expected": 12, "last_key": "visual_cognitive_motivation__prefrontal__montage0__outer0", "error": null, "elapsed_s": 165.28339992370456, "estimated_remaining_s": 82.6417003783863}
{"stage": "calibration", "completed": 9, "expected": 12, "last_key": "eeg_fnirs_single_trial__prefrontal__outer3", "error": null, "elapsed_s": 165.55578865669668, "estimated_remaining_s": 55.185263187624514}
{"stage": "calibration", "completed": 10, "expected": 12, "last_key": "eeg_fnirs_single_trial__prefrontal__outer4", "error": null, "elapsed_s": 166.40792756387964, "estimated_remaining_s": 33.28158568758518}
{"stage": "calibration", "completed": 11, "expected": 12, "last_key": "visual_cognitive_motivation__prefrontal__montage0__outer4", "error": null, "elapsed_s": 166.49610963184386, "estimated_remaining_s": 15.136010039089756}
{"stage": "calibration", "completed": 12, "expected": 12, "last_key": "eeg_fnirs_single_trial__prefrontal__outer0", "error": null, "elapsed_s": 166.58416797081009, "estimated_remaining_s": 0.0}
{"stage": "audit", "completed": 1, "expected": 72, "last_key": "simultaneous_eeg_nirs__VP019__cnt_nback__prefrontal__w11", "error": null, "elapsed_s": 23.95030712708831, "estimated_remaining_s": 1700.4719193596393}
{"stage": "audit", "completed": 2, "expected": 72, "last_key": "eeg_fnirs_single_trial__subject_08__session_00__prefrontal__w4", "error": null, "elapsed_s": 24.09541289601475, "estimated_remaining_s": 843.3395007438958}
{"stage": "audit", "completed": 3, "expected": 72, "last_key": "simultaneous_eeg_nirs__VP009__cnt_dsr__prefrontal__w10", "error": null, "elapsed_s": 24.212947170250118, "estimated_remaining_s": 556.8978132763878}
{"stage": "audit", "completed": 4, "expected": 72, "last_key": "simultaneous_eeg_nirs__VP009__cnt_dsr__prefrontal__w3", "error": null, "elapsed_s": 24.595314767211676, "estimated_remaining_s": 418.1203696061857}
{"stage": "audit", "completed": 5, "expected": 72, "last_key": "simultaneous_eeg_nirs__VP003__cnt_dsr__prefrontal__w10", "error": null, "elapsed_s": 24.722999406978488, "estimated_remaining_s": 331.288208951056}
{"stage": "audit", "completed": 6, "expected": 72, "last_key": "eeg_fnirs_single_trial__subject_24__session_02__prefrontal__w12", "error": null, "elapsed_s": 25.025738312397152, "estimated_remaining_s": 275.28313276171684}
{"stage": "audit", "completed": 7, "expected": 72, "last_key": "eeg_fnirs_single_trial__subject_05__session_00__prefrontal__w12", "error": null, "elapsed_s": 25.06738234637305, "estimated_remaining_s": 232.7685598935932}
{"stage": "audit", "completed": 8, "expected": 72, "last_key": "eeg_fnirs_single_trial__subject_08__session_02__prefrontal__w12", "error": null, "elapsed_s": 25.626758079975843, "estimated_remaining_s": 205.0140679627657}
{"stage": "audit", "completed": 9, "expected": 72, "last_key": "simultaneous_eeg_nirs__VP009__cnt_dsr__prefrontal__w22", "error": null, "elapsed_s": 25.648376980330795, "estimated_remaining_s": 179.53864395059645}
{"stage": "audit", "completed": 10, "expected": 72, "last_key": "simultaneous_eeg_nirs__VP009__cnt_dsr__prefrontal__w15", "error": null, "elapsed_s": 25.666855005081743, "estimated_remaining_s": 159.13450646214187}
{"stage": "audit", "completed": 11, "expected": 72, "last_key": "simultaneous_eeg_nirs__VP006__cnt_dsr__prefrontal__w10", "error": null, "elapsed_s": 25.736451846081764, "estimated_remaining_s": 142.72032965292138}
{"stage": "audit", "completed": 12, "expected": 72, "last_key": "eeg_fnirs_single_trial__subject_08__session_00__prefrontal__w12", "error": null, "elapsed_s": 25.782376682385802, "estimated_remaining_s": 128.9118888298981}
{"stage": "audit", "completed": 13, "expected": 72, "last_key": "simultaneous_eeg_nirs__VP003__cnt_dsr__prefrontal__w15", "error": null, "elapsed_s": 25.970576310064644, "estimated_remaining_s": 117.86646570075446}
{"stage": "audit", "completed": 14, "expected": 72, "last_key": "simultaneous_eeg_nirs__VP006__cnt_dsr__prefrontal__w22", "error": null, "elapsed_s": 26.052246096078306, "estimated_remaining_s": 107.93073772931737}
{"stage": "audit", "completed": 15, "expected": 72, "last_key": "eeg_fnirs_single_trial__subject_08__session_02__prefrontal__w4", "error": null, "elapsed_s": 26.104633807204664, "estimated_remaining_s": 99.1976122665219}
{"stage": "audit", "completed": 16, "expected": 72, "last_key": "eeg_fnirs_single_trial__subject_24__session_00__prefrontal__w12", "error": null, "elapsed_s": 26.183883831370622, "estimated_remaining_s": 91.64359677536413}
{"stage": "audit", "completed": 17, "expected": 72, "last_key": "simultaneous_eeg_nirs__VP020__cnt_dsr__prefrontal__w22", "error": null, "elapsed_s": 26.298469893168658, "estimated_remaining_s": 85.08328850997393}
{"stage": "audit", "completed": 18, "expected": 72, "last_key": "eeg_fnirs_single_trial__subject_19__session_00__prefrontal__w4", "error": null, "elapsed_s": 26.302702407352626, "estimated_remaining_s": 78.90810965420678}
{"stage": "audit", "completed": 19, "expected": 72, "last_key": "eeg_fnirs_single_trial__subject_05__session_00__prefrontal__w4", "error": null, "elapsed_s": 26.307990214321762, "estimated_remaining_s": 73.38544870724313}
{"stage": "audit", "completed": 20, "expected": 72, "last_key": "eeg_fnirs_single_trial__subject_24__session_02__prefrontal__w4", "error": null, "elapsed_s": 26.51463987538591, "estimated_remaining_s": 68.93806630447507}
{"stage": "audit", "completed": 21, "expected": 72, "last_key": "simultaneous_eeg_nirs__VP020__cnt_dsr__prefrontal__w3", "error": null, "elapsed_s": 26.805249006021768, "estimated_remaining_s": 65.09846436877602}
{"stage": "audit", "completed": 22, "expected": 72, "last_key": "eeg_fnirs_single_trial__subject_19__session_00__prefrontal__w12", "error": null, "elapsed_s": 27.08766698418185, "estimated_remaining_s": 61.56288140707395}
{"stage": "audit", "completed": 23, "expected": 72, "last_key": "simultaneous_eeg_nirs__VP020__cnt_dsr__prefrontal__w10", "error": null, "elapsed_s": 27.138439883012325, "estimated_remaining_s": 57.81667800464303}
{"stage": "audit", "completed": 24, "expected": 72, "last_key": "eeg_fnirs_single_trial__subject_19__session_02__prefrontal__w4", "error": null, "elapsed_s": 27.239193585235626, "estimated_remaining_s": 54.47838929668069}
{"stage": "audit", "completed": 25, "expected": 72, "last_key": "simultaneous_eeg_nirs__VP013__cnt_nback__prefrontal__w3", "error": null, "elapsed_s": 27.6294609233737, "estimated_remaining_s": 51.94338750768453}
{"stage": "audit", "completed": 26, "expected": 72, "last_key": "eeg_fnirs_single_trial__subject_19__session_02__prefrontal__w12", "error": null, "elapsed_s": 27.65362005494535, "estimated_remaining_s": 48.925636363359025}
{"stage": "audit", "completed": 27, "expected": 72, "last_key": "simultaneous_eeg_nirs__VP020__cnt_dsr__prefrontal__w15", "error": null, "elapsed_s": 27.847598442342132, "estimated_remaining_s": 46.41266500732551}
{"stage": "audit", "completed": 28, "expected": 72, "last_key": "eeg_fnirs_single_trial__subject_28__session_00__prefrontal__w12", "error": null, "elapsed_s": 28.026069723069668, "estimated_remaining_s": 44.04096758285804}
{"stage": "audit", "completed": 29, "expected": 72, "last_key": "eeg_fnirs_single_trial__subject_28__session_00__prefrontal__w4", "error": null, "elapsed_s": 28.04122834932059, "estimated_remaining_s": 41.57837388788125}
{"stage": "audit", "completed": 30, "expected": 72, "last_key": "simultaneous_eeg_nirs__VP013__cnt_nback__prefrontal__w8", "error": null, "elapsed_s": 28.25436509726569, "estimated_remaining_s": 39.55611184416339}
{"stage": "audit", "completed": 31, "expected": 72, "last_key": "simultaneous_eeg_nirs__VP019__cnt_nback__prefrontal__w3", "error": null, "elapsed_s": 28.404981720261276, "estimated_remaining_s": 37.56787957410298}
{"stage": "audit", "completed": 32, "expected": 72, "last_key": "eeg_fnirs_single_trial__subject_28__session_02__prefrontal__w4", "error": null, "elapsed_s": 28.454004704020917, "estimated_remaining_s": 35.567506513907574}
{"stage": "audit", "completed": 33, "expected": 72, "last_key": "simultaneous_eeg_nirs__VP013__cnt_nback__prefrontal__w16", "error": null, "elapsed_s": 28.459894264116883, "estimated_remaining_s": 33.634421070698984}
{"stage": "audit", "completed": 34, "expected": 72, "last_key": "eeg_fnirs_single_trial__subject_28__session_02__prefrontal__w12", "error": null, "elapsed_s": 28.579292530193925, "estimated_remaining_s": 31.94156296721057}
{"stage": "audit", "completed": 35, "expected": 72, "last_key": "eeg_fnirs_single_trial__subject_11__session_00__prefrontal__w4", "error": null, "elapsed_s": 28.6508148140274, "estimated_remaining_s": 30.288004798575173}
{"stage": "audit", "completed": 36, "expected": 72, "last_key": "simultaneous_eeg_nirs__VP019__cnt_nback__prefrontal__w16", "error": null, "elapsed_s": 28.821145743131638, "estimated_remaining_s": 28.821146277245134}
{"stage": "audit", "completed": 37, "expected": 72, "last_key": "simultaneous_eeg_nirs__VP013__cnt_nback__prefrontal__w11", "error": null, "elapsed_s": 28.90178629104048, "estimated_remaining_s": 27.33952804965697}
{"stage": "audit", "completed": 38, "expected": 72, "last_key": "eeg_fnirs_single_trial__subject_11__session_00__prefrontal__w12", "error": null, "elapsed_s": 28.927686624228954, "estimated_remaining_s": 25.88266749329571}
{"stage": "audit", "completed": 39, "expected": 72, "last_key": "simultaneous_eeg_nirs__VP019__cnt_nback__prefrontal__w8", "error": null, "elapsed_s": 29.082161999307573, "estimated_remaining_s": 24.60798375029117}
{"stage": "audit", "completed": 40, "expected": 72, "last_key": "eeg_fnirs_single_trial__subject_05__session_02__prefrontal__w4", "error": null, "elapsed_s": 29.87545971525833, "estimated_remaining_s": 23.900368224084378}
{"stage": "audit", "completed": 41, "expected": 72, "last_key": "simultaneous_eeg_nirs__VP006__cnt_dsr__prefrontal__w15", "error": null, "elapsed_s": 29.961443583015352, "estimated_remaining_s": 22.653775038208995}
{"stage": "audit", "completed": 42, "expected": 72, "last_key": "eeg_fnirs_single_trial__subject_11__session_02__prefrontal__w12", "error": null, "elapsed_s": 29.980923381168395, "estimated_remaining_s": 21.414945796464703}
{"stage": "audit", "completed": 43, "expected": 72, "last_key": "eeg_fnirs_single_trial__subject_11__session_02__prefrontal__w4", "error": null, "elapsed_s": 30.085730619262904, "estimated_remaining_s": 20.29037696318051}
{"stage": "audit", "completed": 44, "expected": 72, "last_key": "simultaneous_eeg_nirs__VP006__cnt_dsr__prefrontal__w3", "error": null, "elapsed_s": 30.248387013096362, "estimated_remaining_s": 19.24897403621369}
{"stage": "audit", "completed": 45, "expected": 72, "last_key": "simultaneous_eeg_nirs__VP003__cnt_dsr__prefrontal__w3", "error": null, "elapsed_s": 30.449081473983824, "estimated_remaining_s": 18.26944931047037}
{"stage": "audit", "completed": 46, "expected": 72, "last_key": "eeg_fnirs_single_trial__subject_24__session_00__prefrontal__w4", "error": null, "elapsed_s": 30.491790031082928, "estimated_remaining_s": 17.23449048395876}
{"stage": "audit", "completed": 47, "expected": 72, "last_key": "eeg_fnirs_single_trial__subject_05__session_02__prefrontal__w12", "error": null, "elapsed_s": 30.720681513193995, "estimated_remaining_s": 16.340788471898897}
{"stage": "audit", "completed": 48, "expected": 72, "last_key": "simultaneous_eeg_nirs__VP003__cnt_dsr__prefrontal__w22", "error": null, "elapsed_s": 30.892341795377433, "estimated_remaining_s": 15.44617126765661}
{"stage": "audit", "completed": 49, "expected": 72, "last_key": "visual_cognitive_motivation__S13__S13_Part1_Probe1__prefrontal__montage0__w3", "error": null, "elapsed_s": 45.750239895191044, "estimated_remaining_s": 21.474602777263797}
{"stage": "audit", "completed": 50, "expected": 72, "last_key": "visual_cognitive_motivation__S13__S13_Part2_Probe1__prefrontal__montage0__w3", "error": null, "elapsed_s": 45.831721977330744, "estimated_remaining_s": 20.165958017110825}
{"stage": "audit", "completed": 51, "expected": 72, "last_key": "visual_cognitive_motivation__S13__S13_Part1_Probe1__prefrontal__montage0__w22", "error": null, "elapsed_s": 45.973041830118746, "estimated_remaining_s": 18.93007637135794}
{"stage": "audit", "completed": 52, "expected": 72, "last_key": "visual_cognitive_motivation__S06__S06_Part2_Probe1__prefrontal__montage0__w3", "error": null, "elapsed_s": 46.087750082369894, "estimated_remaining_s": 17.72605799156456}
{"stage": "audit", "completed": 53, "expected": 72, "last_key": "visual_cognitive_motivation__S05__S05_Part2_Probe1__prefrontal__montage0__w3", "error": null, "elapsed_s": 46.22111595515162, "estimated_remaining_s": 16.569834296600366}
{"stage": "audit", "completed": 54, "expected": 72, "last_key": "visual_cognitive_motivation__S13__S13_Part2_Probe1__prefrontal__montage0__w22", "error": null, "elapsed_s": 46.375952183268964, "estimated_remaining_s": 15.458650972694159}
{"stage": "audit", "completed": 55, "expected": 72, "last_key": "visual_cognitive_motivation__S06__S06_Part2_Probe1__prefrontal__montage0__w31", "error": null, "elapsed_s": 46.39781046938151, "estimated_remaining_s": 14.341141619025306}
{"stage": "audit", "completed": 56, "expected": 72, "last_key": "visual_cognitive_motivation__S01__S01_Part2_Probe1__prefrontal__montage0__w3", "error": null, "elapsed_s": 46.474658511113375, "estimated_remaining_s": 13.27847407891282}
{"stage": "audit", "completed": 57, "expected": 72, "last_key": "visual_cognitive_motivation__S01__S01_Part1_Probe1__prefrontal__montage0__w22", "error": null, "elapsed_s": 46.51481449697167, "estimated_remaining_s": 12.240740835029436}
{"stage": "audit", "completed": 58, "expected": 72, "last_key": "visual_cognitive_motivation__S01__S01_Part2_Probe1__prefrontal__montage0__w22", "error": null, "elapsed_s": 46.659065261948854, "estimated_remaining_s": 11.26253318793044}
{"stage": "audit", "completed": 59, "expected": 72, "last_key": "visual_cognitive_motivation__S06__S06_Part2_Probe1__prefrontal__montage0__w21", "error": null, "elapsed_s": 46.792316664010286, "estimated_remaining_s": 10.310171646665845}
{"stage": "audit", "completed": 60, "expected": 72, "last_key": "visual_cognitive_motivation__S03__S03_Probe1__prefrontal__montage0__w22", "error": null, "elapsed_s": 46.81824178202078, "estimated_remaining_s": 9.363648514449597}
{"stage": "audit", "completed": 61, "expected": 72, "last_key": "visual_cognitive_motivation__S03__S03_Probe1__prefrontal__montage0__w62", "error": null, "elapsed_s": 46.8921379330568, "estimated_remaining_s": 8.45595943686537}
{"stage": "audit", "completed": 62, "expected": 72, "last_key": "visual_cognitive_motivation__S05__S05_Part1_Probe1__prefrontal__montage0__w3", "error": null, "elapsed_s": 46.89473885810003, "estimated_remaining_s": 7.563667667263578}
{"stage": "audit", "completed": 63, "expected": 72, "last_key": "visual_cognitive_motivation__S06__S06_Part2_Probe1__prefrontal__montage0__w11", "error": null, "elapsed_s": 46.91195712098852, "estimated_remaining_s": 6.701708267708974}
{"stage": "audit", "completed": 64, "expected": 72, "last_key": "visual_cognitive_motivation__S16__S16_Part1_Probe1__prefrontal__montage0__w3", "error": null, "elapsed_s": 47.1599556542933, "estimated_remaining_s": 5.8949945597560145}
{"stage": "audit", "completed": 65, "expected": 72, "last_key": "visual_cognitive_motivation__S03__S03_Probe1__prefrontal__montage0__w3", "error": null, "elapsed_s": 47.34748449502513, "estimated_remaining_s": 5.098959952191665}
{"stage": "audit", "completed": 66, "expected": 72, "last_key": "visual_cognitive_motivation__S03__S03_Probe1__prefrontal__montage0__w42", "error": null, "elapsed_s": 47.47568257432431, "estimated_remaining_s": 4.315971214027906}
{"stage": "audit", "completed": 67, "expected": 72, "last_key": "visual_cognitive_motivation__S16__S16_Part2_Probe1__prefrontal__montage0__w22", "error": null, "elapsed_s": 47.65759618394077, "estimated_remaining_s": 3.5565370860606875}
{"stage": "audit", "completed": 68, "expected": 72, "last_key": "visual_cognitive_motivation__S05__S05_Part1_Probe1__prefrontal__montage0__w22", "error": null, "elapsed_s": 47.7747259773314, "estimated_remaining_s": 2.810278041425216}
{"stage": "audit", "completed": 69, "expected": 72, "last_key": "visual_cognitive_motivation__S05__S05_Part2_Probe1__prefrontal__montage0__w22", "error": null, "elapsed_s": 47.83268253598362, "estimated_remaining_s": 2.0796818853072496}
{"stage": "audit", "completed": 70, "expected": 72, "last_key": "visual_cognitive_motivation__S16__S16_Part2_Probe1__prefrontal__montage0__w3", "error": null, "elapsed_s": 48.15573603939265, "estimated_remaining_s": 1.375878193256046}
{"stage": "audit", "completed": 71, "expected": 72, "last_key": "visual_cognitive_motivation__S16__S16_Part1_Probe1__prefrontal__montage0__w22", "error": null, "elapsed_s": 48.34778733411804, "estimated_remaining_s": 0.6809547607931243}
{"stage": "audit", "completed": 72, "expected": 72, "last_key": "visual_cognitive_motivation__S01__S01_Part1_Probe1__prefrontal__montage0__w3", "error": null, "elapsed_s": 49.94785789120942, "estimated_remaining_s": 0.0}
{"stage": "profiles", "completed": 1, "expected": 6, "last_key": "visual_cognitive_motivation__S01__S01_Part1_Probe1__prefrontal__montage0__w22", "error": null, "elapsed_s": 14.835105274338275, "estimated_remaining_s": 74.17553155682981}
{"stage": "profiles", "completed": 2, "expected": 6, "last_key": "simultaneous_eeg_nirs__VP006__cnt_dsr__prefrontal__w10", "error": null, "elapsed_s": 14.886546547990292, "estimated_remaining_s": 29.773095100186765}
{"stage": "profiles", "completed": 3, "expected": 6, "last_key": "simultaneous_eeg_nirs__VP003__cnt_dsr__prefrontal__w10", "error": null, "elapsed_s": 14.892395704053342, "estimated_remaining_s": 14.892396247014403}
{"stage": "profiles", "completed": 4, "expected": 6, "last_key": "visual_cognitive_motivation__S03__S03_Probe1__prefrontal__montage0__w22", "error": null, "elapsed_s": 14.947846152354032, "estimated_remaining_s": 7.473923437064514}
{"stage": "profiles", "completed": 5, "expected": 6, "last_key": "eeg_fnirs_single_trial__subject_08__session_00__prefrontal__w12", "error": null, "elapsed_s": 15.032626130152494, "estimated_remaining_s": 3.0065253686159847}
{"stage": "profiles", "completed": 6, "expected": 6, "last_key": "eeg_fnirs_single_trial__subject_05__session_00__prefrontal__w12", "error": null, "elapsed_s": 15.254441366065294, "estimated_remaining_s": 0.0}
{"stage": "measured", "completed": 1, "expected": 72, "last_key": "eeg_fnirs_single_trial__subject_08__session_00__prefrontal__w12", "error": null, "elapsed_s": 33.33963956311345, "estimated_remaining_s": 2367.114519738592}
{"stage": "measured", "completed": 2, "expected": 72, "last_key": "eeg_fnirs_single_trial__subject_08__session_00__prefrontal__w4", "error": null, "elapsed_s": 33.62078244192526, "estimated_remaining_s": 1176.7274400009774}
{"stage": "measured", "completed": 3, "expected": 72, "last_key": "eeg_fnirs_single_trial__subject_08__session_02__prefrontal__w12", "error": null, "elapsed_s": 34.10740851378068, "estimated_remaining_s": 784.4704172052443}
{"stage": "measured", "completed": 4, "expected": 72, "last_key": "eeg_fnirs_single_trial__subject_08__session_02__prefrontal__w4", "error": null, "elapsed_s": 34.78689685976133, "estimated_remaining_s": 591.3772621871904}
{"stage": "measured", "completed": 5, "expected": 72, "last_key": "eeg_fnirs_single_trial__subject_19__session_00__prefrontal__w4", "error": null, "elapsed_s": 35.146513470914215, "estimated_remaining_s": 470.9632934704423}
{"stage": "measured", "completed": 6, "expected": 72, "last_key": "eeg_fnirs_single_trial__subject_19__session_02__prefrontal__w4", "error": null, "elapsed_s": 36.29169379500672, "estimated_remaining_s": 399.20865116873756}
{"stage": "measured", "completed": 7, "expected": 72, "last_key": "simultaneous_eeg_nirs__VP009__cnt_dsr__prefrontal__w22", "error": null, "elapsed_s": 36.96902998909354, "estimated_remaining_s": 343.2838598136524}
{"stage": "measured", "completed": 8, "expected": 72, "last_key": "eeg_fnirs_single_trial__subject_28__session_00__prefrontal__w12", "error": null, "elapsed_s": 37.24599347496405, "estimated_remaining_s": 297.96795446425676}
{"stage": "measured", "completed": 9, "expected": 72, "last_key": "eeg_fnirs_single_trial__subject_11__session_02__prefrontal__w12", "error": null, "elapsed_s": 37.24871431896463, "estimated_remaining_s": 260.7410049852915}
{"stage": "measured", "completed": 10, "expected": 72, "last_key": "eeg_fnirs_single_trial__subject_28__session_02__prefrontal__w12", "error": null, "elapsed_s": 37.25668532913551, "estimated_remaining_s": 230.99145273324103}
{"stage": "measured", "completed": 11, "expected": 72, "last_key": "simultaneous_eeg_nirs__VP009__cnt_dsr__prefrontal__w3", "error": null, "elapsed_s": 37.518305180128664, "estimated_remaining_s": 208.05606179358438}
{"stage": "measured", "completed": 12, "expected": 72, "last_key": "eeg_fnirs_single_trial__subject_11__session_00__prefrontal__w12", "error": null, "elapsed_s": 37.52046374883503, "estimated_remaining_s": 187.6023228187114}
{"stage": "measured", "completed": 13, "expected": 72, "last_key": "eeg_fnirs_single_trial__subject_28__session_00__prefrontal__w4", "error": null, "elapsed_s": 37.77852770779282, "estimated_remaining_s": 171.45639853200947}
{"stage": "measured", "completed": 14, "expected": 72, "last_key": "simultaneous_eeg_nirs__VP009__cnt_dsr__prefrontal__w15", "error": null, "elapsed_s": 38.04292447073385, "estimated_remaining_s": 157.60640542229106}
{"stage": "measured", "completed": 15, "expected": 72, "last_key": "eeg_fnirs_single_trial__subject_11__session_00__prefrontal__w4", "error": null, "elapsed_s": 38.04505837196484, "estimated_remaining_s": 144.57122438279913}
{"stage": "measured", "completed": 16, "expected": 72, "last_key": "eeg_fnirs_single_trial__subject_19__session_00__prefrontal__w12", "error": null, "elapsed_s": 38.56646062480286, "estimated_remaining_s": 134.98261660034768}
{"stage": "measured", "completed": 17, "expected": 72, "last_key": "eeg_fnirs_single_trial__subject_24__session_00__prefrontal__w12", "error": null, "elapsed_s": 39.342329828068614, "estimated_remaining_s": 127.28401094291578}
{"stage": "measured", "completed": 18, "expected": 72, "last_key": "eeg_fnirs_single_trial__subject_24__session_02__prefrontal__w4", "error": null, "elapsed_s": 39.34453058289364, "estimated_remaining_s": 118.03359374636784}
{"stage": "measured", "completed": 19, "expected": 72, "last_key": "eeg_fnirs_single_trial__subject_05__session_02__prefrontal__w4", "error": null, "elapsed_s": 39.598485205788165, "estimated_remaining_s": 110.4589351530334}
{"stage": "measured", "completed": 20, "expected": 72, "last_key": "simultaneous_eeg_nirs__VP009__cnt_dsr__prefrontal__w10", "error": null, "elapsed_s": 39.61552256112918, "estimated_remaining_s": 103.00036107068881}
{"stage": "measured", "completed": 21, "expected": 72, "last_key": "eeg_fnirs_single_trial__subject_24__session_02__prefrontal__w12", "error": null, "elapsed_s": 39.63674153573811, "estimated_remaining_s": 96.2606598926442}
{"stage": "measured", "completed": 22, "expected": 72, "last_key": "eeg_fnirs_single_trial__subject_28__session_02__prefrontal__w4", "error": null, "elapsed_s": 39.825970109086484, "estimated_remaining_s": 90.51357059083371}
{"stage": "measured", "completed": 23, "expected": 72, "last_key": "simultaneous_eeg_nirs__VP013__cnt_nback__prefrontal__w3", "error": null, "elapsed_s": 40.03315571276471, "estimated_remaining_s": 85.28802929083695}
{"stage": "measured", "completed": 24, "expected": 72, "last_key": "simultaneous_eeg_nirs__VP019__cnt_nback__prefrontal__w16", "error": null, "elapsed_s": 40.035289770923555, "estimated_remaining_s": 80.07058096211404}
{"stage": "measured", "completed": 25, "expected": 72, "last_key": "simultaneous_eeg_nirs__VP013__cnt_nback__prefrontal__w11", "error": null, "elapsed_s": 41.107032370753586, "estimated_remaining_s": 77.28122240830213}
{"stage": "measured", "completed": 26, "expected": 72, "last_key": "simultaneous_eeg_nirs__VP013__cnt_nback__prefrontal__w8", "error": null, "elapsed_s": 41.307520748116076, "estimated_remaining_s": 73.08253810712351}
{"stage": "measured", "completed": 27, "expected": 72, "last_key": "simultaneous_eeg_nirs__VP019__cnt_nback__prefrontal__w8", "error": null, "elapsed_s": 41.76775733893737, "estimated_remaining_s": 69.61293029521282}
{"stage": "measured", "completed": 28, "expected": 72, "last_key": "simultaneous_eeg_nirs__VP019__cnt_nback__prefrontal__w11", "error": null, "elapsed_s": 42.164088970050216, "estimated_remaining_s": 66.25785515024992}
{"stage": "measured", "completed": 29, "expected": 72, "last_key": "eeg_fnirs_single_trial__subject_24__session_00__prefrontal__w4", "error": null, "elapsed_s": 42.39142428804189, "estimated_remaining_s": 62.85625091805284}
{"stage": "measured", "completed": 30, "expected": 72, "last_key": "eeg_fnirs_single_trial__subject_05__session_02__prefrontal__w12", "error": null, "elapsed_s": 42.57625300483778, "estimated_remaining_s": 59.606755232904106}
{"stage": "measured", "completed": 31, "expected": 72, "last_key": "eeg_fnirs_single_trial__subject_05__session_00__prefrontal__w12", "error": null, "elapsed_s": 43.10270434198901, "estimated_remaining_s": 57.006803606306356}
{"stage": "measured", "completed": 32, "expected": 72, "last_key": "simultaneous_eeg_nirs__VP020__cnt_dsr__prefrontal__w22", "error": null, "elapsed_s": 43.42904197284952, "estimated_remaining_s": 54.286303494591266}
{"stage": "measured", "completed": 33, "expected": 72, "last_key": "simultaneous_eeg_nirs__VP013__cnt_nback__prefrontal__w16", "error": null, "elapsed_s": 43.78954922268167, "estimated_remaining_s": 51.751286651854485}
{"stage": "measured", "completed": 34, "expected": 72, "last_key": "simultaneous_eeg_nirs__VP006__cnt_dsr__prefrontal__w10", "error": null, "elapsed_s": 43.853213724680245, "estimated_remaining_s": 49.012416315182826}
{"stage": "measured", "completed": 35, "expected": 72, "last_key": "eeg_fnirs_single_trial__subject_05__session_00__prefrontal__w4", "error": null, "elapsed_s": 44.01155959395692, "estimated_remaining_s": 46.52650698524501}
{"stage": "measured", "completed": 36, "expected": 72, "last_key": "simultaneous_eeg_nirs__VP020__cnt_dsr__prefrontal__w3", "error": null, "elapsed_s": 44.1128358617425, "estimated_remaining_s": 44.112836743704975}
{"stage": "measured", "completed": 37, "expected": 72, "last_key": "eeg_fnirs_single_trial__subject_19__session_02__prefrontal__w12", "error": null, "elapsed_s": 44.89396493183449, "estimated_remaining_s": 42.4672648457911}
{"stage": "measured", "completed": 38, "expected": 72, "last_key": "simultaneous_eeg_nirs__VP006__cnt_dsr__prefrontal__w22", "error": null, "elapsed_s": 44.90694444812834, "estimated_remaining_s": 40.179898266999146}
{"stage": "measured", "completed": 39, "expected": 72, "last_key": "eeg_fnirs_single_trial__subject_11__session_02__prefrontal__w4", "error": null, "elapsed_s": 45.1575691238977, "estimated_remaining_s": 38.21025149928979}
{"stage": "measured", "completed": 40, "expected": 72, "last_key": "simultaneous_eeg_nirs__VP003__cnt_dsr__prefrontal__w22", "error": null, "elapsed_s": 45.32770154811442, "estimated_remaining_s": 36.262161898985504}
{"stage": "measured", "completed": 41, "expected": 72, "last_key": "simultaneous_eeg_nirs__VP003__cnt_dsr__prefrontal__w3", "error": null, "elapsed_s": 45.331902134697884, "estimated_remaining_s": 34.27534109438065}
{"stage": "measured", "completed": 42, "expected": 72, "last_key": "simultaneous_eeg_nirs__VP020__cnt_dsr__prefrontal__w10", "error": null, "elapsed_s": 45.816764475777745, "estimated_remaining_s": 32.7262608770148}
{"stage": "measured", "completed": 43, "expected": 72, "last_key": "simultaneous_eeg_nirs__VP003__cnt_dsr__prefrontal__w15", "error": null, "elapsed_s": 46.582534128800035, "estimated_remaining_s": 31.416128313006443}
{"stage": "measured", "completed": 44, "expected": 72, "last_key": "simultaneous_eeg_nirs__VP019__cnt_nback__prefrontal__w3", "error": null, "elapsed_s": 47.17654646188021, "estimated_remaining_s": 30.021439252590593}
{"stage": "measured", "completed": 45, "expected": 72, "last_key": "simultaneous_eeg_nirs__VP006__cnt_dsr__prefrontal__w3", "error": null, "elapsed_s": 47.742554830852896, "estimated_remaining_s": 28.6455333346501}
{"stage": "measured", "completed": 46, "expected": 72, "last_key": "simultaneous_eeg_nirs__VP020__cnt_dsr__prefrontal__w15", "error": null, "elapsed_s": 47.77739325072616, "estimated_remaining_s": 27.004614060521934}
{"stage": "measured", "completed": 47, "expected": 72, "last_key": "simultaneous_eeg_nirs__VP003__cnt_dsr__prefrontal__w10", "error": null, "elapsed_s": 48.17979188403115, "estimated_remaining_s": 25.62754941544436}
{"stage": "measured", "completed": 48, "expected": 72, "last_key": "simultaneous_eeg_nirs__VP006__cnt_dsr__prefrontal__w15", "error": null, "elapsed_s": 50.11339019192383, "estimated_remaining_s": 25.056695465464145}
{"stage": "measured", "completed": 49, "expected": 72, "last_key": "visual_cognitive_motivation__S13__S13_Part2_Probe1__prefrontal__montage0__w3", "error": null, "elapsed_s": 63.77354195108637, "estimated_remaining_s": 29.93452008454395}
{"stage": "measured", "completed": 50, "expected": 72, "last_key": "visual_cognitive_motivation__S13__S13_Part1_Probe1__prefrontal__montage0__w3", "error": null, "elapsed_s": 64.69192954385653, "estimated_remaining_s": 28.464449425265194}
{"stage": "measured", "completed": 51, "expected": 72, "last_key": "visual_cognitive_motivation__S13__S13_Part1_Probe1__prefrontal__montage0__w22", "error": null, "elapsed_s": 65.60943273967132, "estimated_remaining_s": 27.015649188748178}
{"stage": "measured", "completed": 52, "expected": 72, "last_key": "visual_cognitive_motivation__S06__S06_Part2_Probe1__prefrontal__montage0__w3", "error": null, "elapsed_s": 66.30719204200432, "estimated_remaining_s": 25.502766526948946}
{"stage": "measured", "completed": 53, "expected": 72, "last_key": "visual_cognitive_motivation__S01__S01_Part1_Probe1__prefrontal__montage0__w3", "error": null, "elapsed_s": 67.16418526880443, "estimated_remaining_s": 24.077727083775724}
{"stage": "measured", "completed": 54, "expected": 72, "last_key": "visual_cognitive_motivation__S06__S06_Part2_Probe1__prefrontal__montage0__w21", "error": null, "elapsed_s": 67.4917465550825, "estimated_remaining_s": 22.497249101288617}
{"stage": "measured", "completed": 55, "expected": 72, "last_key": "visual_cognitive_motivation__S01__S01_Part1_Probe1__prefrontal__montage0__w22", "error": null, "elapsed_s": 67.5015343609266, "estimated_remaining_s": 20.86411085396328}
{"stage": "measured", "completed": 56, "expected": 72, "last_key": "visual_cognitive_motivation__S13__S13_Part2_Probe1__prefrontal__montage0__w22", "error": null, "elapsed_s": 67.61133606079966, "estimated_remaining_s": 19.31752480140754}
{"stage": "measured", "completed": 57, "expected": 72, "last_key": "visual_cognitive_motivation__S06__S06_Part2_Probe1__prefrontal__montage0__w11", "error": null, "elapsed_s": 67.71555954078212, "estimated_remaining_s": 17.81988433660253}
{"stage": "measured", "completed": 58, "expected": 72, "last_key": "visual_cognitive_motivation__S06__S06_Part2_Probe1__prefrontal__montage0__w31", "error": null, "elapsed_s": 67.7855563829653, "estimated_remaining_s": 16.362031035735434}
{"stage": "measured", "completed": 59, "expected": 72, "last_key": "visual_cognitive_motivation__S05__S05_Part1_Probe1__prefrontal__montage0__w3", "error": null, "elapsed_s": 68.10884058382362, "estimated_remaining_s": 15.007032848618357}
{"stage": "measured", "completed": 60, "expected": 72, "last_key": "visual_cognitive_motivation__S03__S03_Probe1__prefrontal__montage0__w3", "error": null, "elapsed_s": 68.13956791488454, "estimated_remaining_s": 13.62791373617947}
{"stage": "measured", "completed": 61, "expected": 72, "last_key": "visual_cognitive_motivation__S05__S05_Part2_Probe1__prefrontal__montage0__w3", "error": null, "elapsed_s": 68.21950027998537, "estimated_remaining_s": 12.301877246452037}
{"stage": "measured", "completed": 62, "expected": 72, "last_key": "visual_cognitive_motivation__S03__S03_Probe1__prefrontal__montage0__w62", "error": null, "elapsed_s": 68.44369176309556, "estimated_remaining_s": 11.039305249033797}
{"stage": "measured", "completed": 63, "expected": 72, "last_key": "visual_cognitive_motivation__S03__S03_Probe1__prefrontal__montage0__w42", "error": null, "elapsed_s": 68.4701338368468, "estimated_remaining_s": 9.781447800874178}
{"stage": "measured", "completed": 64, "expected": 72, "last_key": "visual_cognitive_motivation__S01__S01_Part2_Probe1__prefrontal__montage0__w3", "error": null, "elapsed_s": 68.91263179667294, "estimated_remaining_s": 8.614079091639724}
{"stage": "measured", "completed": 65, "expected": 72, "last_key": "visual_cognitive_motivation__S01__S01_Part2_Probe1__prefrontal__montage0__w22", "error": null, "elapsed_s": 69.18173194304109, "estimated_remaining_s": 7.4503404697116755}
{"stage": "measured", "completed": 66, "expected": 72, "last_key": "visual_cognitive_motivation__S16__S16_Part1_Probe1__prefrontal__montage0__w3", "error": null, "elapsed_s": 69.54930427484214, "estimated_remaining_s": 6.3226641057143835}
{"stage": "measured", "completed": 67, "expected": 72, "last_key": "visual_cognitive_motivation__S05__S05_Part2_Probe1__prefrontal__montage0__w22", "error": null, "elapsed_s": 69.80206489795819, "estimated_remaining_s": 5.209109385588221}
{"stage": "measured", "completed": 68, "expected": 72, "last_key": "visual_cognitive_motivation__S16__S16_Part2_Probe1__prefrontal__montage0__w3", "error": null, "elapsed_s": 69.8735733977519, "estimated_remaining_s": 4.110210252706619}
{"stage": "measured", "completed": 69, "expected": 72, "last_key": "visual_cognitive_motivation__S03__S03_Probe1__prefrontal__montage0__w22", "error": null, "elapsed_s": 70.04661453189328, "estimated_remaining_s": 3.045505027691631}
{"stage": "measured", "completed": 70, "expected": 72, "last_key": "visual_cognitive_motivation__S16__S16_Part2_Probe1__prefrontal__montage0__w22", "error": null, "elapsed_s": 70.17927400302142, "estimated_remaining_s": 2.0051221396774053}
{"stage": "measured", "completed": 71, "expected": 72, "last_key": "visual_cognitive_motivation__S05__S05_Part1_Probe1__prefrontal__montage0__w22", "error": null, "elapsed_s": 71.51196366688237, "estimated_remaining_s": 1.0072107702349378}
{"stage": "measured", "completed": 72, "expected": 72, "last_key": "visual_cognitive_motivation__S16__S16_Part1_Probe1__prefrontal__montage0__w22", "error": null, "elapsed_s": 73.41163177508861, "estimated_remaining_s": 0.0}
{"stage": "auxiliary", "completed": 1, "expected": 40, "last_key": "simultaneous_eeg_nirs__VP006__cnt_dsr", "error": null, "elapsed_s": 2.49504173360765, "estimated_remaining_s": 97.3066634600982}
{"stage": "auxiliary", "completed": 2, "expected": 40, "last_key": "simultaneous_eeg_nirs__VP003__cnt_dsr", "error": null, "elapsed_s": 2.496577500831336, "estimated_remaining_s": 47.43498594639823}
{"stage": "auxiliary", "completed": 3, "expected": 40, "last_key": "simultaneous_eeg_nirs__VP001__cnt_dsr", "error": null, "elapsed_s": 2.5655548027716577, "estimated_remaining_s": 31.64185474300757}
{"stage": "auxiliary", "completed": 4, "expected": 40, "last_key": "simultaneous_eeg_nirs__VP001__cnt_nback", "error": null, "elapsed_s": 2.6844441136345267, "estimated_remaining_s": 24.160003170836717}
{"stage": "auxiliary", "completed": 5, "expected": 40, "last_key": "simultaneous_eeg_nirs__VP003__cnt_nback", "error": null, "elapsed_s": 2.696003439836204, "estimated_remaining_s": 18.872029271442443}
{"stage": "auxiliary", "completed": 6, "expected": 40, "last_key": "simultaneous_eeg_nirs__VP003__cnt_wg", "error": null, "elapsed_s": 2.7176295346580446, "estimated_remaining_s": 15.399904295646897}
{"stage": "auxiliary", "completed": 7, "expected": 40, "last_key": "simultaneous_eeg_nirs__VP005__cnt_nback", "error": null, "elapsed_s": 2.736683798953891, "estimated_remaining_s": 12.90151258471555}
{"stage": "auxiliary", "completed": 8, "expected": 40, "last_key": "simultaneous_eeg_nirs__VP001__cnt_wg", "error": null, "elapsed_s": 2.7634002189151943, "estimated_remaining_s": 11.053603988140821}
{"stage": "auxiliary", "completed": 9, "expected": 40, "last_key": "simultaneous_eeg_nirs__VP008__cnt_dsr", "error": null, "elapsed_s": 5.105164493899792, "estimated_remaining_s": 17.584459278732538}
{"stage": "auxiliary", "completed": 10, "expected": 40, "last_key": "simultaneous_eeg_nirs__VP006__cnt_wg", "error": null, "elapsed_s": 5.10714500490576, "estimated_remaining_s": 15.321436892263591}
{"stage": "auxiliary", "completed": 11, "expected": 40, "last_key": "simultaneous_eeg_nirs__VP007__cnt_nback", "error": null, "elapsed_s": 5.130998080596328, "estimated_remaining_s": 13.52717857486145}
{"stage": "auxiliary", "completed": 12, "expected": 40, "last_key": "simultaneous_eeg_nirs__VP008__cnt_nback", "error": null, "elapsed_s": 5.295310423709452, "estimated_remaining_s": 12.355726084361473}
{"stage": "auxiliary", "completed": 13, "expected": 40, "last_key": "simultaneous_eeg_nirs__VP008__cnt_wg", "error": null, "elapsed_s": 5.379614893812686, "estimated_remaining_s": 11.173048006549765}
{"stage": "auxiliary", "completed": 14, "expected": 40, "last_key": "simultaneous_eeg_nirs__VP009__cnt_dsr", "error": null, "elapsed_s": 5.449582236818969, "estimated_remaining_s": 10.120654174060162}
{"stage": "auxiliary", "completed": 15, "expected": 40, "last_key": "simultaneous_eeg_nirs__VP010__cnt_wg", "error": null, "elapsed_s": 5.49881834583357, "estimated_remaining_s": 9.164698413417986}
{"stage": "auxiliary", "completed": 16, "expected": 40, "last_key": "simultaneous_eeg_nirs__VP009__cnt_wg", "error": null, "elapsed_s": 5.630338904913515, "estimated_remaining_s": 8.445509620243683}
{"stage": "auxiliary", "completed": 17, "expected": 40, "last_key": "simultaneous_eeg_nirs__VP014__cnt_dsr", "error": null, "elapsed_s": 7.393113927915692, "estimated_remaining_s": 10.002449272885261}
{"stage": "auxiliary", "completed": 18, "expected": 40, "last_key": "simultaneous_eeg_nirs__VP013__cnt_nback", "error": null, "elapsed_s": 7.54058127803728, "estimated_remaining_s": 9.216266996227205}
{"stage": "auxiliary", "completed": 19, "expected": 40, "last_key": "simultaneous_eeg_nirs__VP012__cnt_nback", "error": null, "elapsed_s": 7.5942646116018295, "estimated_remaining_s": 8.393661880351015}
{"stage": "auxiliary", "completed": 20, "expected": 40, "last_key": "simultaneous_eeg_nirs__VP014__cnt_nback", "error": null, "elapsed_s": 7.704068502876908, "estimated_remaining_s": 7.704069244675338}
{"stage": "auxiliary", "completed": 21, "expected": 40, "last_key": "simultaneous_eeg_nirs__VP017__cnt_dsr", "error": null, "elapsed_s": 7.849520520772785, "estimated_remaining_s": 7.101948043664119}
{"stage": "auxiliary", "completed": 22, "expected": 40, "last_key": "simultaneous_eeg_nirs__VP014__cnt_wg", "error": null, "elapsed_s": 7.862143805716187, "estimated_remaining_s": 6.432663744696501}
{"stage": "auxiliary", "completed": 23, "expected": 40, "last_key": "simultaneous_eeg_nirs__VP015__cnt_nback", "error": null, "elapsed_s": 8.052749981638044, "estimated_remaining_s": 5.952033315845967}
{"stage": "auxiliary", "completed": 24, "expected": 40, "last_key": "simultaneous_eeg_nirs__VP017__cnt_nback", "error": null, "elapsed_s": 8.253255149815232, "estimated_remaining_s": 5.50217071454972}
{"stage": "auxiliary", "completed": 25, "expected": 40, "last_key": "simultaneous_eeg_nirs__VP017__cnt_wg", "error": null, "elapsed_s": 9.812928956001997, "estimated_remaining_s": 5.887757843267172}
{"stage": "auxiliary", "completed": 26, "expected": 40, "last_key": "simultaneous_eeg_nirs__VP018__cnt_dsr", "error": null, "elapsed_s": 9.82469421159476, "estimated_remaining_s": 5.29022029081646}
{"stage": "auxiliary", "completed": 27, "expected": 40, "last_key": "simultaneous_eeg_nirs__VP018__cnt_nback", "error": null, "elapsed_s": 10.095349683891982, "estimated_remaining_s": 4.860724373427392}
{"stage": "auxiliary", "completed": 28, "expected": 40, "last_key": "simultaneous_eeg_nirs__VP018__cnt_wg", "error": null, "elapsed_s": 10.110162703786045, "estimated_remaining_s": 4.332927104950484}
{"stage": "auxiliary", "completed": 29, "expected": 40, "last_key": "simultaneous_eeg_nirs__VP020__cnt_dsr", "error": null, "elapsed_s": 10.221731636673212, "estimated_remaining_s": 3.877208712751624}
{"stage": "auxiliary", "completed": 30, "expected": 40, "last_key": "simultaneous_eeg_nirs__VP019__cnt_nback", "error": null, "elapsed_s": 10.408000173047185, "estimated_remaining_s": 3.4693335883008936}
{"stage": "auxiliary", "completed": 31, "expected": 40, "last_key": "simultaneous_eeg_nirs__VP020__cnt_nback", "error": null, "elapsed_s": 10.75183533784002, "estimated_remaining_s": 3.1215007950161255}
{"stage": "auxiliary", "completed": 32, "expected": 40, "last_key": "simultaneous_eeg_nirs__VP020__cnt_wg", "error": null, "elapsed_s": 10.992472914978862, "estimated_remaining_s": 2.7481184259522706}
{"stage": "auxiliary", "completed": 33, "expected": 40, "last_key": "simultaneous_eeg_nirs__VP021__cnt_dsr", "error": null, "elapsed_s": 12.160040971823037, "estimated_remaining_s": 2.579402808974864}
{"stage": "auxiliary", "completed": 34, "expected": 40, "last_key": "simultaneous_eeg_nirs__VP021__cnt_nback", "error": null, "elapsed_s": 12.333630514796823, "estimated_remaining_s": 2.176523205659845}
{"stage": "auxiliary", "completed": 35, "expected": 40, "last_key": "simultaneous_eeg_nirs__VP024__cnt_wg", "error": null, "elapsed_s": 12.566198769025505, "estimated_remaining_s": 1.7951713844335504}
{"stage": "auxiliary", "completed": 36, "expected": 40, "last_key": "simultaneous_eeg_nirs__VP021__cnt_wg", "error": null, "elapsed_s": 12.68070907285437, "estimated_remaining_s": 1.408967769653019}
{"stage": "auxiliary", "completed": 37, "expected": 40, "last_key": "simultaneous_eeg_nirs__VP025__cnt_nback", "error": null, "elapsed_s": 12.77042965684086, "estimated_remaining_s": 1.0354403028566692}
{"stage": "auxiliary", "completed": 38, "expected": 40, "last_key": "simultaneous_eeg_nirs__VP025__cnt_wg", "error": null, "elapsed_s": 12.96561020379886, "estimated_remaining_s": 0.682400582505292}
{"stage": "auxiliary", "completed": 39, "expected": 40, "last_key": "simultaneous_eeg_nirs__VP026__cnt_nback", "error": null, "elapsed_s": 13.388221163768321, "estimated_remaining_s": 0.343287742887743}
{"stage": "auxiliary", "completed": 40, "expected": 40, "last_key": "simultaneous_eeg_nirs__VP026__cnt_wg", "error": null, "elapsed_s": 13.607162399683148, "estimated_remaining_s": 0.0}
{"stage": "anchors", "completed": 1, "expected": 3, "last_key": "simultaneous_eeg_nirs__prefrontal__outer4", "error": null, "elapsed_s": 15.320461968891323, "estimated_remaining_s": 30.640926212072372}
{"stage": "anchors", "completed": 2, "expected": 3, "last_key": "simultaneous_eeg_nirs__prefrontal__outer2", "error": null, "elapsed_s": 15.919557757209986, "estimated_remaining_s": 7.9597795330919325}
{"stage": "anchors", "completed": 3, "expected": 3, "last_key": "simultaneous_eeg_nirs__prefrontal__outer0", "error": null, "elapsed_s": 17.867888860870153, "estimated_remaining_s": 0.0}
{"stage": "prototype", "completed": 1, "expected": 6, "last_key": "reconstruction_only_s22", "error": null, "elapsed_s": 27.570611925330013, "estimated_remaining_s": 137.85306699108332}
{"stage": "prototype", "completed": 2, "expected": 6, "last_key": "reconstruction_only_s11", "error": null, "elapsed_s": 27.76545241428539, "estimated_remaining_s": 55.530907538719475}
{"stage": "prototype", "completed": 3, "expected": 6, "last_key": "typed_supervision_s11", "error": null, "elapsed_s": 28.20251288730651, "estimated_remaining_s": 28.20251380512491}
{"stage": "prototype", "completed": 4, "expected": 6, "last_key": "typed_supervision_s22", "error": null, "elapsed_s": 28.391217584256083, "estimated_remaining_s": 14.19560933066532}
{"stage": "prototype", "completed": 5, "expected": 6, "last_key": "typed_supervision_s33", "error": null, "elapsed_s": 28.411997265182436, "estimated_remaining_s": 5.6823996374383565}
{"stage": "prototype", "completed": 6, "expected": 6, "last_key": "reconstruction_only_s33", "error": null, "elapsed_s": 35.41630416410044, "estimated_remaining_s": 0.0}
