{"stage": "synthetic", "completed": 1, "expected": 32, "last_key": "mixed_rest_r3", "error": null, "elapsed_s": 147.43381085107103, "estimated_remaining_s": 4570.448167318478}
{"stage": "synthetic", "completed": 2, "expected": 32, "last_key": "mixed_nonrest_r6", "error": null, "elapsed_s": 148.54255332285538, "estimated_remaining_s": 2228.138312269002}
{"stage": "synthetic", "completed": 3, "expected": 32, "last_key": "slow_rest_r7", "error": null, "elapsed_s": 148.6296276850626, "estimated_remaining_s": 1436.7530729969342}
{"stage": "synthetic", "completed": 4, "expected": 32, "last_key": "mixed_nonrest_r0", "error": null, "elapsed_s": 148.67164016794413, "estimated_remaining_s": 1040.7014842689969}
{"stage": "synthetic", "completed": 5, "expected": 32, "last_key": "mixed_nonrest_r4", "error": null, "elapsed_s": 149.16276193689555, "estimated_remaining_s": 805.4789183643646}
{"stage": "synthetic", "completed": 6, "expected": 32, "last_key": "slow_nonrest_r7", "error": null, "elapsed_s": 149.47568629309535, "estimated_remaining_s": 647.7279772561354}
{"stage": "synthetic", "completed": 7, "expected": 32, "last_key": "slow_rest_r3", "error": null, "elapsed_s": 151.28193213324994, "estimated_remaining_s": 540.292617367647}
{"stage": "synthetic", "completed": 8, "expected": 32, "last_key": "slow_nonrest_r3", "error": null, "elapsed_s": 152.114681661129, "estimated_remaining_s": 456.3440473470837}
{"stage": "synthetic", "completed": 9, "expected": 32, "last_key": "mixed_rest_r5", "error": null, "elapsed_s": 152.50775723718107, "estimated_remaining_s": 389.74204831130595}
{"stage": "synthetic", "completed": 10, "expected": 32, "last_key": "slow_nonrest_r4", "error": null, "elapsed_s": 152.64370868401602, "estimated_remaining_s": 335.8161608248949}
{"stage": "synthetic", "completed": 11, "expected": 32, "last_key": "slow_rest_r5", "error": null, "elapsed_s": 152.78202392626554, "estimated_remaining_s": 291.67477442586625}
{"stage": "synthetic", "completed": 12, "expected": 32, "last_key": "mixed_nonrest_r2", "error": null, "elapsed_s": 153.01805325923488, "estimated_remaining_s": 255.030090053721}
{"stage": "synthetic", "completed": 13, "expected": 32, "last_key": "mixed_rest_r4", "error": null, "elapsed_s": 153.09370856918395, "estimated_remaining_s": 223.75234437350613}
{"stage": "synthetic", "completed": 14, "expected": 32, "last_key": "slow_nonrest_r2", "error": null, "elapsed_s": 153.75725306291133, "estimated_remaining_s": 197.68789794109762}
{"stage": "synthetic", "completed": 15, "expected": 32, "last_key": "slow_rest_r6", "error": null, "elapsed_s": 154.35827702423558, "estimated_remaining_s": 174.93938159272074}
{"stage": "synthetic", "completed": 16, "expected": 32, "last_key": "mixed_rest_r6", "error": null, "elapsed_s": 155.0098913689144, "estimated_remaining_s": 155.00989216426387}
{"stage": "synthetic", "completed": 17, "expected": 32, "last_key": "mixed_nonrest_r3", "error": null, "elapsed_s": 155.0615836190991, "estimated_remaining_s": 136.81904501117327}
{"stage": "synthetic", "completed": 18, "expected": 32, "last_key": "slow_rest_r4", "error": null, "elapsed_s": 155.7762278681621, "estimated_remaining_s": 121.15928897354752}
{"stage": "synthetic", "completed": 19, "expected": 32, "last_key": "slow_nonrest_r6", "error": null, "elapsed_s": 156.01554507622495, "estimated_remaining_s": 106.7474787223741}
{"stage": "synthetic", "completed": 20, "expected": 32, "last_key": "slow_nonrest_r5", "error": null, "elapsed_s": 156.28329666424543, "estimated_remaining_s": 93.7699784969911}
{"stage": "synthetic", "completed": 21, "expected": 32, "last_key": "mixed_rest_r2", "error": null, "elapsed_s": 156.3210907522589, "estimated_remaining_s": 81.88247653396267}
{"stage": "synthetic", "completed": 22, "expected": 32, "last_key": "mixed_nonrest_r5", "error": null, "elapsed_s": 156.6861344492063, "estimated_remaining_s": 71.22097060782835}
{"stage": "synthetic", "completed": 23, "expected": 32, "last_key": "slow_nonrest_r1", "error": null, "elapsed_s": 157.00029083201662, "estimated_remaining_s": 61.43489671063245}
{"stage": "synthetic", "completed": 24, "expected": 32, "last_key": "mixed_nonrest_r1", "error": null, "elapsed_s": 157.21759068407118, "estimated_remaining_s": 52.40586382740488}
{"stage": "synthetic", "completed": 25, "expected": 32, "last_key": "slow_rest_r0", "error": null, "elapsed_s": 157.38503529317677, "estimated_remaining_s": 44.06781010804698}
{"stage": "synthetic", "completed": 26, "expected": 32, "last_key": "slow_nonrest_r0", "error": null, "elapsed_s": 157.47936599794775, "estimated_remaining_s": 36.34139233175665}
{"stage": "synthetic", "completed": 27, "expected": 32, "last_key": "mixed_nonrest_r7", "error": null, "elapsed_s": 157.9738034568727, "estimated_remaining_s": 29.254408193131287}
{"stage": "synthetic", "completed": 28, "expected": 32, "last_key": "slow_rest_r2", "error": null, "elapsed_s": 158.95193551806733, "estimated_remaining_s": 22.70741947427658}
{"stage": "synthetic", "completed": 29, "expected": 32, "last_key": "slow_rest_r1", "error": null, "elapsed_s": 159.03206211002544, "estimated_remaining_s": 16.45159271564977}
{"stage": "synthetic", "completed": 30, "expected": 32, "last_key": "mixed_rest_r0", "error": null, "elapsed_s": 159.3478481201455, "estimated_remaining_s": 10.62318992720296}
{"stage": "synthetic", "completed": 31, "expected": 32, "last_key": "mixed_rest_r1", "error": null, "elapsed_s": 160.84085406316444, "estimated_remaining_s": 5.1884146748381035}
{"stage": "synthetic", "completed": 32, "expected": 32, "last_key": "mixed_rest_r7", "error": null, "elapsed_s": 171.2858511232771, "estimated_remaining_s": 0.0}
{"stage": "calibration", "completed": 1, "expected": 12, "last_key": "visual_cognitive_motivation__prefrontal__montage0__outer1", "error": null, "elapsed_s": 103.06638431921601, "estimated_remaining_s": 1133.7302718958817}
{"stage": "calibration", "completed": 2, "expected": 12, "last_key": "simultaneous_eeg_nirs__prefrontal__outer2", "error": null, "elapsed_s": 103.77154844207689, "estimated_remaining_s": 518.8577483408153}
{"stage": "calibration", "completed": 3, "expected": 12, "last_key": "simultaneous_eeg_nirs__prefrontal__outer0", "error": null, "elapsed_s": 103.78304264228791, "estimated_remaining_s": 311.3491298519075}
{"stage": "calibration", "completed": 4, "expected": 12, "last_key": "eeg_fnirs_single_trial__prefrontal__outer1", "error": null, "elapsed_s": 103.79229328036308, "estimated_remaining_s": 207.58458796795458}
{"stage": "calibration", "completed": 5, "expected": 12, "last_key": "visual_cognitive_motivation__prefrontal__montage0__outer0", "error": null, "elapsed_s": 103.85787244327366, "estimated_remaining_s": 145.40102266641333}
{"stage": "calibration", "completed": 6, "expected": 12, "last_key": "visual_cognitive_motivation__prefrontal__montage0__outer3", "error": null, "elapsed_s": 104.29316607210785, "estimated_remaining_s": 104.29316695220768}
{"stage": "calibration", "completed": 7, "expected": 12, "last_key": "visual_cognitive_motivation__prefrontal__montage0__outer2", "error": null, "elapsed_s": 105.01368670724332, "estimated_remaining_s": 75.00977702072954}
{"stage": "calibration", "completed": 8, "expected": 12, "last_key": "eeg_fnirs_single_trial__prefrontal__outer4", "error": null, "elapsed_s": 105.70913750026375, "estimated_remaining_s": 52.85456920508295}
{"stage": "calibration", "completed": 9, "expected": 12, "last_key": "simultaneous_eeg_nirs__prefrontal__outer4", "error": null, "elapsed_s": 110.00464504398406, "estimated_remaining_s": 36.66821533146625}
{"stage": "calibration", "completed": 10, "expected": 12, "last_key": "visual_cognitive_motivation__prefrontal__montage0__outer4", "error": null, "elapsed_s": 113.2898436090909, "estimated_remaining_s": 22.657968926243484}
{"stage": "calibration", "completed": 11, "expected": 12, "last_key": "eeg_fnirs_single_trial__prefrontal__outer3", "error": null, "elapsed_s": 113.62210782803595, "estimated_remaining_s": 10.329282605554909}
{"stage": "calibration", "completed": 12, "expected": 12, "last_key": "eeg_fnirs_single_trial__prefrontal__outer0", "error": null, "elapsed_s": 114.06361032836139, "estimated_remaining_s": 0.0}
{"stage": "measured", "completed": 1, "expected": 72, "last_key": "eeg_fnirs_single_trial__subject_08__session_00__prefrontal__w12", "error": null, "elapsed_s": 148.41421515494585, "estimated_remaining_s": 10537.409341529943}
{"stage": "measured", "completed": 2, "expected": 72, "last_key": "eeg_fnirs_single_trial__subject_28__session_00__prefrontal__w4", "error": null, "elapsed_s": 148.71986218588427, "estimated_remaining_s": 5205.195204603951}
{"stage": "measured", "completed": 3, "expected": 72, "last_key": "eeg_fnirs_single_trial__subject_08__session_00__prefrontal__w4", "error": null, "elapsed_s": 148.96239746874198, "estimated_remaining_s": 3426.135158960242}
{"stage": "measured", "completed": 4, "expected": 72, "last_key": "eeg_fnirs_single_trial__subject_08__session_02__prefrontal__w4", "error": null, "elapsed_s": 149.24823871580884, "estimated_remaining_s": 2537.220067549497}
{"stage": "measured", "completed": 5, "expected": 72, "last_key": "eeg_fnirs_single_trial__subject_28__session_02__prefrontal__w12", "error": null, "elapsed_s": 150.42398057086393, "estimated_remaining_s": 2015.6813476490788}
{"stage": "measured", "completed": 6, "expected": 72, "last_key": "eeg_fnirs_single_trial__subject_11__session_02__prefrontal__w12", "error": null, "elapsed_s": 150.67399107664824, "estimated_remaining_s": 1657.4139166157693}
{"stage": "measured", "completed": 7, "expected": 72, "last_key": "eeg_fnirs_single_trial__subject_11__session_00__prefrontal__w4", "error": null, "elapsed_s": 150.67686600098386, "estimated_remaining_s": 1399.142330745235}
{"stage": "measured", "completed": 8, "expected": 72, "last_key": "eeg_fnirs_single_trial__subject_11__session_00__prefrontal__w12", "error": null, "elapsed_s": 152.66745770862326, "estimated_remaining_s": 1221.3396690450609}
{"stage": "measured", "completed": 9, "expected": 72, "last_key": "eeg_fnirs_single_trial__subject_24__session_02__prefrontal__w12", "error": null, "elapsed_s": 153.35224667470902, "estimated_remaining_s": 1073.4657336529344}
{"stage": "measured", "completed": 10, "expected": 72, "last_key": "simultaneous_eeg_nirs__VP009__cnt_dsr__prefrontal__w10", "error": null, "elapsed_s": 153.69125363975763, "estimated_remaining_s": 952.8857781097292}
{"stage": "measured", "completed": 11, "expected": 72, "last_key": "eeg_fnirs_single_trial__subject_28__session_00__prefrontal__w12", "error": null, "elapsed_s": 153.71623853268102, "estimated_remaining_s": 852.4264173532666}
{"stage": "measured", "completed": 12, "expected": 72, "last_key": "simultaneous_eeg_nirs__VP013__cnt_nback__prefrontal__w11", "error": null, "elapsed_s": 153.77903188485652, "estimated_remaining_s": 768.8951650098898}
{"stage": "measured", "completed": 13, "expected": 72, "last_key": "eeg_fnirs_single_trial__subject_24__session_00__prefrontal__w12", "error": null, "elapsed_s": 154.18871207674965, "estimated_remaining_s": 699.7795434639288}
{"stage": "measured", "completed": 14, "expected": 72, "last_key": "simultaneous_eeg_nirs__VP009__cnt_dsr__prefrontal__w22", "error": null, "elapsed_s": 154.2216096506454, "estimated_remaining_s": 638.9181011522056}
{"stage": "measured", "completed": 15, "expected": 72, "last_key": "simultaneous_eeg_nirs__VP009__cnt_dsr__prefrontal__w3", "error": null, "elapsed_s": 155.28203642973676, "estimated_remaining_s": 590.0717406448908}
{"stage": "measured", "completed": 16, "expected": 72, "last_key": "eeg_fnirs_single_trial__subject_19__session_00__prefrontal__w4", "error": null, "elapsed_s": 155.66596633801237, "estimated_remaining_s": 544.8308842300903}
{"stage": "measured", "completed": 17, "expected": 72, "last_key": "simultaneous_eeg_nirs__VP009__cnt_dsr__prefrontal__w15", "error": null, "elapsed_s": 155.982741644606, "estimated_remaining_s": 504.6500477913822}
{"stage": "measured", "completed": 18, "expected": 72, "last_key": "eeg_fnirs_single_trial__subject_19__session_00__prefrontal__w12", "error": null, "elapsed_s": 155.9854311766103, "estimated_remaining_s": 467.95629508187994}
{"stage": "measured", "completed": 19, "expected": 72, "last_key": "eeg_fnirs_single_trial__subject_19__session_02__prefrontal__w4", "error": null, "elapsed_s": 156.04163099778816, "estimated_remaining_s": 435.27402465403276}
{"stage": "measured", "completed": 20, "expected": 72, "last_key": "simultaneous_eeg_nirs__VP019__cnt_nback__prefrontal__w16", "error": null, "elapsed_s": 157.1864059176296, "estimated_remaining_s": 408.68465719828384}
{"stage": "measured", "completed": 21, "expected": 72, "last_key": "simultaneous_eeg_nirs__VP019__cnt_nback__prefrontal__w11", "error": null, "elapsed_s": 157.19322965061292, "estimated_remaining_s": 381.7549878583689}
{"stage": "measured", "completed": 22, "expected": 72, "last_key": "eeg_fnirs_single_trial__subject_05__session_02__prefrontal__w4", "error": null, "elapsed_s": 157.52887312462553, "estimated_remaining_s": 358.02016786130315}
{"stage": "measured", "completed": 23, "expected": 72, "last_key": "simultaneous_eeg_nirs__VP019__cnt_nback__prefrontal__w8", "error": null, "elapsed_s": 157.7758863819763, "estimated_remaining_s": 336.13123738265637}
{"stage": "measured", "completed": 24, "expected": 72, "last_key": "simultaneous_eeg_nirs__VP013__cnt_nback__prefrontal__w8", "error": null, "elapsed_s": 158.3114141416736, "estimated_remaining_s": 316.62282946985215}
{"stage": "measured", "completed": 25, "expected": 72, "last_key": "eeg_fnirs_single_trial__subject_28__session_02__prefrontal__w4", "error": null, "elapsed_s": 158.87247606087476, "estimated_remaining_s": 298.6802562148124}
{"stage": "measured", "completed": 26, "expected": 72, "last_key": "simultaneous_eeg_nirs__VP019__cnt_nback__prefrontal__w3", "error": null, "elapsed_s": 159.08194173360243, "estimated_remaining_s": 281.45266773659165}
{"stage": "measured", "completed": 27, "expected": 72, "last_key": "eeg_fnirs_single_trial__subject_05__session_00__prefrontal__w4", "error": null, "elapsed_s": 159.1326675969176, "estimated_remaining_s": 265.22111504493904}
{"stage": "measured", "completed": 28, "expected": 72, "last_key": "eeg_fnirs_single_trial__subject_24__session_02__prefrontal__w4", "error": null, "elapsed_s": 159.2236673887819, "estimated_remaining_s": 250.20862201175518}
{"stage": "measured", "completed": 29, "expected": 72, "last_key": "eeg_fnirs_single_trial__subject_24__session_00__prefrontal__w4", "error": null, "elapsed_s": 159.38859462970868, "estimated_remaining_s": 236.3348142126864}
{"stage": "measured", "completed": 30, "expected": 72, "last_key": "eeg_fnirs_single_trial__subject_05__session_00__prefrontal__w12", "error": null, "elapsed_s": 160.0253496109508, "estimated_remaining_s": 224.03549068421125}
{"stage": "measured", "completed": 31, "expected": 72, "last_key": "simultaneous_eeg_nirs__VP020__cnt_dsr__prefrontal__w10", "error": null, "elapsed_s": 160.68274702690542, "estimated_remaining_s": 212.5158927540385}
{"stage": "measured", "completed": 32, "expected": 72, "last_key": "eeg_fnirs_single_trial__subject_11__session_02__prefrontal__w4", "error": null, "elapsed_s": 160.87948786560446, "estimated_remaining_s": 201.09936095483135}
{"stage": "measured", "completed": 33, "expected": 72, "last_key": "simultaneous_eeg_nirs__VP013__cnt_nback__prefrontal__w3", "error": null, "elapsed_s": 160.9362915107049, "estimated_remaining_s": 190.19743669244716}
{"stage": "measured", "completed": 34, "expected": 72, "last_key": "simultaneous_eeg_nirs__VP006__cnt_dsr__prefrontal__w22", "error": null, "elapsed_s": 161.47001966973767, "estimated_remaining_s": 180.46649410893374}
{"stage": "measured", "completed": 35, "expected": 72, "last_key": "simultaneous_eeg_nirs__VP013__cnt_nback__prefrontal__w16", "error": null, "elapsed_s": 161.6425635619089, "estimated_remaining_s": 170.87928273551432}
{"stage": "measured", "completed": 36, "expected": 72, "last_key": "simultaneous_eeg_nirs__VP003__cnt_dsr__prefrontal__w22", "error": null, "elapsed_s": 162.3889158759266, "estimated_remaining_s": 162.3889167336747}
{"stage": "measured", "completed": 37, "expected": 72, "last_key": "simultaneous_eeg_nirs__VP020__cnt_dsr__prefrontal__w3", "error": null, "elapsed_s": 162.3927246700041, "estimated_remaining_s": 153.6147405940259}
{"stage": "measured", "completed": 38, "expected": 72, "last_key": "eeg_fnirs_single_trial__subject_19__session_02__prefrontal__w12", "error": null, "elapsed_s": 162.432672617957, "estimated_remaining_s": 145.3344973062018}
{"stage": "measured", "completed": 39, "expected": 72, "last_key": "simultaneous_eeg_nirs__VP006__cnt_dsr__prefrontal__w10", "error": null, "elapsed_s": 162.64306638995185, "estimated_remaining_s": 137.62105745116534}
{"stage": "measured", "completed": 40, "expected": 72, "last_key": "eeg_fnirs_single_trial__subject_05__session_02__prefrontal__w12", "error": null, "elapsed_s": 163.51715259067714, "estimated_remaining_s": 130.81372272372246}
{"stage": "measured", "completed": 41, "expected": 72, "last_key": "simultaneous_eeg_nirs__VP003__cnt_dsr__prefrontal__w3", "error": null, "elapsed_s": 163.69290962582454, "estimated_remaining_s": 123.76781035224884}
{"stage": "measured", "completed": 42, "expected": 72, "last_key": "simultaneous_eeg_nirs__VP020__cnt_dsr__prefrontal__w22", "error": null, "elapsed_s": 163.72517408896238, "estimated_remaining_s": 116.94655381775063}
{"stage": "measured", "completed": 43, "expected": 72, "last_key": "simultaneous_eeg_nirs__VP003__cnt_dsr__prefrontal__w15", "error": null, "elapsed_s": 164.42132990295067, "estimated_remaining_s": 110.88880443354246}
{"stage": "measured", "completed": 44, "expected": 72, "last_key": "simultaneous_eeg_nirs__VP003__cnt_dsr__prefrontal__w10", "error": null, "elapsed_s": 166.74266368802637, "estimated_remaining_s": 106.10896838790822}
{"stage": "measured", "completed": 45, "expected": 72, "last_key": "simultaneous_eeg_nirs__VP020__cnt_dsr__prefrontal__w15", "error": null, "elapsed_s": 169.78265070682392, "estimated_remaining_s": 101.86959091415629}
{"stage": "measured", "completed": 46, "expected": 72, "last_key": "simultaneous_eeg_nirs__VP006__cnt_dsr__prefrontal__w15", "error": null, "elapsed_s": 170.2408931669779, "estimated_remaining_s": 96.22311412978351}
{"stage": "measured", "completed": 47, "expected": 72, "last_key": "eeg_fnirs_single_trial__subject_08__session_02__prefrontal__w12", "error": null, "elapsed_s": 172.52625828189775, "estimated_remaining_s": 91.76928679498428}
{"stage": "measured", "completed": 48, "expected": 72, "last_key": "simultaneous_eeg_nirs__VP006__cnt_dsr__prefrontal__w3", "error": null, "elapsed_s": 172.9393224339001, "estimated_remaining_s": 86.46966165699996}
{"stage": "measured", "completed": 49, "expected": 72, "last_key": "visual_cognitive_motivation__S13__S13_Part1_Probe1__prefrontal__montage0__w22", "error": null, "elapsed_s": 270.822326567024, "estimated_remaining_s": 127.12068415738224}
{"stage": "measured", "completed": 50, "expected": 72, "last_key": "visual_cognitive_motivation__S06__S06_Part2_Probe1__prefrontal__montage0__w21", "error": null, "elapsed_s": 272.0610565566458, "estimated_remaining_s": 119.70686546005308}
{"stage": "measured", "completed": 51, "expected": 72, "last_key": "visual_cognitive_motivation__S13__S13_Part1_Probe1__prefrontal__montage0__w3", "error": null, "elapsed_s": 272.6558615597896, "estimated_remaining_s": 112.27006084033671}
{"stage": "measured", "completed": 52, "expected": 72, "last_key": "visual_cognitive_motivation__S06__S06_Part2_Probe1__prefrontal__montage0__w3", "error": null, "elapsed_s": 272.8744485420175, "estimated_remaining_s": 104.95171127446855}
{"stage": "measured", "completed": 53, "expected": 72, "last_key": "visual_cognitive_motivation__S13__S13_Part2_Probe1__prefrontal__montage0__w3", "error": null, "elapsed_s": 273.62793871294707, "estimated_remaining_s": 98.09303483476792}
{"stage": "measured", "completed": 54, "expected": 72, "last_key": "visual_cognitive_motivation__S06__S06_Part2_Probe1__prefrontal__montage0__w31", "error": null, "elapsed_s": 273.98488930566236, "estimated_remaining_s": 91.32829678896815}
{"stage": "measured", "completed": 55, "expected": 72, "last_key": "visual_cognitive_motivation__S06__S06_Part2_Probe1__prefrontal__montage0__w11", "error": null, "elapsed_s": 274.2197332936339, "estimated_remaining_s": 84.75882693074475}
{"stage": "measured", "completed": 56, "expected": 72, "last_key": "visual_cognitive_motivation__S13__S13_Part2_Probe1__prefrontal__montage0__w22", "error": null, "elapsed_s": 274.43094816384837, "estimated_remaining_s": 78.40884260314384}
{"stage": "measured", "completed": 57, "expected": 72, "last_key": "visual_cognitive_motivation__S01__S01_Part1_Probe1__prefrontal__montage0__w3", "error": null, "elapsed_s": 274.55593066476285, "estimated_remaining_s": 72.25156093763776}
{"stage": "measured", "completed": 58, "expected": 72, "last_key": "visual_cognitive_motivation__S01__S01_Part1_Probe1__prefrontal__montage0__w22", "error": null, "elapsed_s": 274.5668684998527, "estimated_remaining_s": 66.27476154108821}
{"stage": "measured", "completed": 59, "expected": 72, "last_key": "visual_cognitive_motivation__S05__S05_Part2_Probe1__prefrontal__montage0__w3", "error": null, "elapsed_s": 276.7394597167149, "estimated_remaining_s": 60.976491304090786}
{"stage": "measured", "completed": 60, "expected": 72, "last_key": "visual_cognitive_motivation__S01__S01_Part2_Probe1__prefrontal__montage0__w3", "error": null, "elapsed_s": 277.66410678392276, "estimated_remaining_s": 55.53282154155895}
{"stage": "measured", "completed": 61, "expected": 72, "last_key": "visual_cognitive_motivation__S16__S16_Part1_Probe1__prefrontal__montage0__w3", "error": null, "elapsed_s": 277.87155038071796, "estimated_remaining_s": 50.10798464838385}
{"stage": "measured", "completed": 62, "expected": 72, "last_key": "visual_cognitive_motivation__S05__S05_Part1_Probe1__prefrontal__montage0__w3", "error": null, "elapsed_s": 278.1134145106189, "estimated_remaining_s": 44.85700251241665}
{"stage": "measured", "completed": 63, "expected": 72, "last_key": "visual_cognitive_motivation__S03__S03_Probe1__prefrontal__montage0__w22", "error": null, "elapsed_s": 279.3540759026073, "estimated_remaining_s": 39.90772524928408}
{"stage": "measured", "completed": 64, "expected": 72, "last_key": "visual_cognitive_motivation__S01__S01_Part2_Probe1__prefrontal__montage0__w22", "error": null, "elapsed_s": 279.5709931026213, "estimated_remaining_s": 34.946374247199856}
{"stage": "measured", "completed": 65, "expected": 72, "last_key": "visual_cognitive_motivation__S05__S05_Part2_Probe1__prefrontal__montage0__w22", "error": null, "elapsed_s": 279.7110077627003, "estimated_remaining_s": 30.122724021025576}
{"stage": "measured", "completed": 66, "expected": 72, "last_key": "visual_cognitive_motivation__S05__S05_Part1_Probe1__prefrontal__montage0__w22", "error": null, "elapsed_s": 280.18307593883947, "estimated_remaining_s": 25.471188809257}
{"stage": "measured", "completed": 67, "expected": 72, "last_key": "visual_cognitive_motivation__S03__S03_Probe1__prefrontal__montage0__w42", "error": null, "elapsed_s": 280.2441812949255, "estimated_remaining_s": 20.913744946635926}
{"stage": "measured", "completed": 68, "expected": 72, "last_key": "visual_cognitive_motivation__S03__S03_Probe1__prefrontal__montage0__w3", "error": null, "elapsed_s": 281.66910611558706, "estimated_remaining_s": 16.568771017742726}
{"stage": "measured", "completed": 69, "expected": 72, "last_key": "visual_cognitive_motivation__S16__S16_Part2_Probe1__prefrontal__montage0__w22", "error": null, "elapsed_s": 282.4508751286194, "estimated_remaining_s": 12.280472870025298}
{"stage": "measured", "completed": 70, "expected": 72, "last_key": "visual_cognitive_motivation__S16__S16_Part1_Probe1__prefrontal__montage0__w22", "error": null, "elapsed_s": 284.57671736879274, "estimated_remaining_s": 8.130763376570705}
{"stage": "measured", "completed": 71, "expected": 72, "last_key": "visual_cognitive_motivation__S16__S16_Part2_Probe1__prefrontal__montage0__w3", "error": null, "elapsed_s": 285.02632400393486, "estimated_remaining_s": 4.014455279728896}
{"stage": "measured", "completed": 72, "expected": 72, "last_key": "visual_cognitive_motivation__S03__S03_Probe1__prefrontal__montage0__w62", "error": null, "elapsed_s": 292.3886739728041, "estimated_remaining_s": 0.0}
{"stage": "profiles", "completed": 1, "expected": 6, "last_key": "eeg_fnirs_single_trial__subject_08__session_00__prefrontal__w12", "error": null, "elapsed_s": 34.9133228152059, "estimated_remaining_s": 174.56662244396284}
{"stage": "profiles", "completed": 2, "expected": 6, "last_key": "visual_cognitive_motivation__S01__S01_Part1_Probe1__prefrontal__montage0__w22", "error": null, "elapsed_s": 34.96869146684185, "estimated_remaining_s": 69.93738525826484}
{"stage": "profiles", "completed": 3, "expected": 6, "last_key": "simultaneous_eeg_nirs__VP006__cnt_dsr__prefrontal__w10", "error": null, "elapsed_s": 35.03927366482094, "estimated_remaining_s": 35.039274401031435}
{"stage": "profiles", "completed": 4, "expected": 6, "last_key": "visual_cognitive_motivation__S03__S03_Probe1__prefrontal__montage0__w22", "error": null, "elapsed_s": 35.1016011191532, "estimated_remaining_s": 17.550801001954824}
{"stage": "profiles", "completed": 5, "expected": 6, "last_key": "simultaneous_eeg_nirs__VP003__cnt_dsr__prefrontal__w10", "error": null, "elapsed_s": 35.10345243103802, "estimated_remaining_s": 7.0206906059756875}
{"stage": "profiles", "completed": 6, "expected": 6, "last_key": "eeg_fnirs_single_trial__subject_05__session_00__prefrontal__w12", "error": null, "elapsed_s": 35.979876342229545, "estimated_remaining_s": 0.0}
