pilot 9 / 52 neural_only__seed01__free__full__paired__standard completed stationary_feasible 0.7
pilot 10 / 52 neural_only__seed01__free__middle_Hb__paired__standard completed stationary_feasible 0.71
pilot 11 / 52 neural_only__seed01__free__middle_HbR__paired__standard completed stationary_feasible 0.76
pilot 12 / 52 neural_only__seed00__chain_first__middle_HbR__paired__standard completed stationary_feasible 0.86
pilot 13 / 52 neural_only__seed01__chain_matched__middle_Hb__paired__standard completed stationary_feasible 0.88
pilot 14 / 52 neural_only__seed00__chain_matched__middle_Hb__Hb_only__standard completed stationary_feasible 0.96
pilot 15 / 52 neural_only__seed01__chain_matched__middle_HbR__paired__standard completed stationary_feasible 0.95
pilot 16 / 52 neural_only__seed01__chain_matched__full__paired__standard completed stationary_feasible 0.96
pilot 17 / 52 nonrest_common__seed00__free__middle_HbR__paired__standard completed stationary_feasible 0.96
pilot 18 / 52 nonrest_common__seed00__free__full__paired__standard completed stationary_feasible 0.97
pilot 19 / 52 nonrest_common__seed00__free__middle_Hb__paired__standard completed stationary_feasible 0.99
pilot 20 / 52 neural_only__seed00__chain_matched__middle_HbR__Hb_only__standard completed stationary_feasible 1.02
pilot 21 / 52 nonrest_common__seed00__chain_matched__full__paired__standard completed stationary_feasible 1.05
pilot 22 / 52 neural_only__seed00__chain_matched__middle_HbR__wrong_pair__standard completed stationary_feasible 1.06
pilot 23 / 52 nonrest_common__seed00__chain_matched__middle_HbR__Hb_only__standard completed stationary_feasible 1.13
pilot 24 / 52 neural_only__seed00__chain_matched__middle_Hb__wrong_pair__standard completed stationary_feasible 1.15
pilot 25 / 52 nonrest_common__seed00__chain_matched__middle_Hb__paired__standard completed stationary_feasible 1.15
pilot 26 / 52 neural_only__seed01__chain_first__middle_Hb__paired__standard completed stationary_feasible 0.46
pilot 27 / 52 nonrest_common__seed00__chain_matched__middle_HbR__paired__standard completed stationary_feasible 1.17
pilot 28 / 52 neural_only__seed01__chain_first__full__paired__standard completed stationary_feasible 0.47
pilot 29 / 52 neural_only__seed01__chain_first__middle_HbR__paired__standard completed stationary_feasible 0.47
pilot 30 / 52 nonrest_common__seed01__free__middle_Hb__paired__standard completed stationary_feasible 0.37
pilot 31 / 52 neural_only__seed01__chain_matched__middle_Hb__Hb_only__standard completed stationary_feasible 0.45
pilot 32 / 52 nonrest_common__seed00__chain_first__full__paired__standard completed stationary_feasible 1.36
pilot 33 / 52 nonrest_common__seed00__chain_matched__middle_Hb__Hb_only__standard completed stationary_feasible 1.37
pilot 34 / 52 nonrest_common__seed00__chain_matched__middle_Hb__wrong_pair__standard completed stationary_feasible 1.37
pilot 35 / 52 nonrest_common__seed00__chain_first__middle_HbR__paired__standard completed stationary_feasible 1.38
pilot 36 / 52 neural_only__seed01__chain_matched__middle_HbR__Hb_only__standard completed stationary_feasible 0.46
pilot 37 / 52 nonrest_common__seed00__chain_matched__middle_HbR__wrong_pair__standard completed stationary_feasible 1.39
pilot 38 / 52 nonrest_common__seed01__free__middle_HbR__paired__standard completed stationary_feasible 0.44
pilot 39 / 52 nonrest_common__seed01__free__full__paired__standard completed stationary_feasible 0.44
pilot 40 / 52 nonrest_common__seed00__chain_first__middle_Hb__paired__standard completed stationary_feasible 1.45
pilot 41 / 52 nonrest_common__seed01__chain_matched__middle_Hb__paired__standard completed stationary_feasible 0.55
pilot 42 / 52 nonrest_common__seed01__chain_matched__full__paired__standard completed stationary_feasible 0.6
pilot 43 / 52 nonrest_common__seed01__chain_first__full__paired__standard completed stationary_feasible 0.54
pilot 44 / 52 nonrest_common__seed01__chain_first__middle_Hb__paired__standard completed stationary_feasible 0.53
pilot 45 / 52 neural_only__seed01__chain_matched__middle_Hb__wrong_pair__standard completed stationary_feasible 0.81
pilot 46 / 52 nonrest_common__seed01__chain_matched__middle_HbR__paired__standard completed stationary_feasible 0.64
pilot 47 / 52 nonrest_common__seed01__chain_matched__middle_HbR__Hb_only__standard completed stationary_feasible 0.6
pilot 48 / 52 nonrest_common__seed01__chain_first__middle_HbR__paired__standard completed stationary_feasible 0.62
pilot 49 / 52 nonrest_common__seed01__chain_matched__middle_Hb__Hb_only__standard completed stationary_feasible 0.6
pilot 50 / 52 neural_only__seed01__chain_matched__middle_HbR__wrong_pair__standard completed stationary_feasible 0.92
pilot 51 / 52 nonrest_common__seed01__chain_matched__middle_Hb__wrong_pair__standard completed stationary_feasible 0.83
pilot 52 / 52 nonrest_common__seed01__chain_matched__middle_HbR__wrong_pair__standard completed stationary_feasible 0.98
{"status": "completed", "planned": 52, "task_failures": 0, "converged": 52, "max_closure": 6.938893903907228e-18, "software_and_synthetic_pass": true, "measured_arrays_read": 0}
