prepare_worker: 1/55 completed
prepare_worker: 2/55 completed
prepare_worker: 3/55 completed
prepare_worker: 4/55 completed
prepare_worker: 5/55 completed
prepare_worker: 6/55 completed
prepare_worker: 7/55 completed
prepare_worker: 8/55 completed
prepare_worker: 9/55 completed
prepare_worker: 10/55 completed
prepare_worker: 11/55 completed
prepare_worker: 12/55 completed
prepare_worker: 13/55 completed
prepare_worker: 14/55 completed
prepare_worker: 15/55 completed
prepare_worker: 16/55 completed
prepare_worker: 17/55 completed
prepare_worker: 18/55 completed
prepare_worker: 19/55 completed
prepare_worker: 20/55 completed
prepare_worker: 21/55 completed
prepare_worker: 22/55 completed
prepare_worker: 23/55 completed
prepare_worker: 24/55 completed
prepare_worker: 25/55 completed
prepare_worker: 26/55 completed
prepare_worker: 27/55 completed
prepare_worker: 28/55 completed
prepare_worker: 29/55 completed
prepare_worker: 30/55 completed
prepare_worker: 31/55 completed
prepare_worker: 32/55 completed
prepare_worker: 33/55 completed
prepare_worker: 34/55 completed
prepare_worker: 35/55 completed
prepare_worker: 36/55 completed
prepare_worker: 37/55 completed
prepare_worker: 38/55 completed
prepare_worker: 39/55 completed
prepare_worker: 40/55 completed
prepare_worker: 41/55 completed
prepare_worker: 42/55 completed
prepare_worker: 43/55 completed
prepare_worker: 44/55 completed
prepare_worker: 45/55 completed
prepare_worker: 46/55 completed
prepare_worker: 47/55 completed
prepare_worker: 48/55 completed
prepare_worker: 49/55 completed
prepare_worker: 50/55 completed
prepare_worker: 51/55 completed
prepare_worker: 52/55 completed
prepare_worker: 53/55 completed
prepare_worker: 54/55 completed
prepare_worker: 55/55 completed
stability_worker: 1/72 completed
stability_worker: 2/72 completed
stability_worker: 3/72 completed
stability_worker: 4/72 completed
stability_worker: 5/72 completed
stability_worker: 6/72 completed
stability_worker: 7/72 completed
stability_worker: 8/72 completed
stability_worker: 9/72 completed
stability_worker: 10/72 completed
stability_worker: 11/72 completed
stability_worker: 12/72 completed
stability_worker: 13/72 completed
stability_worker: 14/72 completed
stability_worker: 15/72 completed
stability_worker: 16/72 completed
stability_worker: 17/72 completed
stability_worker: 18/72 completed
stability_worker: 19/72 completed
stability_worker: 20/72 completed
stability_worker: 21/72 completed
stability_worker: 22/72 completed
stability_worker: 23/72 completed
stability_worker: 24/72 completed
stability_worker: 25/72 completed
stability_worker: 26/72 completed
stability_worker: 27/72 completed
stability_worker: 28/72 completed
stability_worker: 29/72 completed
stability_worker: 30/72 completed
stability_worker: 31/72 completed
stability_worker: 32/72 completed
stability_worker: 33/72 completed
stability_worker: 34/72 completed
stability_worker: 35/72 completed
stability_worker: 36/72 completed
stability_worker: 37/72 completed
stability_worker: 38/72 completed
stability_worker: 39/72 completed
stability_worker: 40/72 completed
stability_worker: 41/72 completed
stability_worker: 42/72 completed
stability_worker: 43/72 completed
stability_worker: 44/72 completed
stability_worker: 45/72 completed
stability_worker: 46/72 completed
stability_worker: 47/72 completed
stability_worker: 48/72 completed
stability_worker: 49/72 completed
stability_worker: 50/72 completed
stability_worker: 51/72 completed
stability_worker: 52/72 completed
stability_worker: 53/72 completed
stability_worker: 54/72 completed
stability_worker: 55/72 completed
stability_worker: 56/72 completed
stability_worker: 57/72 completed
stability_worker: 58/72 completed
stability_worker: 59/72 completed
stability_worker: 60/72 completed
stability_worker: 61/72 completed
stability_worker: 62/72 completed
stability_worker: 63/72 completed
stability_worker: 64/72 completed
stability_worker: 65/72 completed
stability_worker: 66/72 completed
stability_worker: 67/72 completed
stability_worker: 68/72 completed
stability_worker: 69/72 completed
stability_worker: 70/72 completed
stability_worker: 71/72 completed
stability_worker: 72/72 completed
mechanism_worker: 1/128 completed
mechanism_worker: 2/128 completed
mechanism_worker: 3/128 completed
mechanism_worker: 4/128 completed
mechanism_worker: 5/128 completed
mechanism_worker: 6/128 completed
mechanism_worker: 7/128 completed
mechanism_worker: 8/128 completed
mechanism_worker: 9/128 completed
mechanism_worker: 10/128 completed
mechanism_worker: 11/128 completed
mechanism_worker: 12/128 completed
mechanism_worker: 13/128 completed
mechanism_worker: 14/128 completed
mechanism_worker: 15/128 completed
mechanism_worker: 16/128 completed
mechanism_worker: 17/128 completed
mechanism_worker: 18/128 completed
mechanism_worker: 19/128 completed
mechanism_worker: 20/128 completed
mechanism_worker: 21/128 completed
mechanism_worker: 22/128 completed
mechanism_worker: 23/128 completed
mechanism_worker: 24/128 completed
mechanism_worker: 25/128 completed
mechanism_worker: 26/128 completed
mechanism_worker: 27/128 completed
mechanism_worker: 28/128 completed
mechanism_worker: 29/128 completed
mechanism_worker: 30/128 completed
mechanism_worker: 31/128 completed
mechanism_worker: 32/128 completed
mechanism_worker: 33/128 completed
mechanism_worker: 34/128 completed
mechanism_worker: 35/128 completed
mechanism_worker: 36/128 completed
mechanism_worker: 37/128 completed
mechanism_worker: 38/128 completed
mechanism_worker: 39/128 completed
mechanism_worker: 40/128 completed
mechanism_worker: 41/128 completed
mechanism_worker: 42/128 completed
mechanism_worker: 43/128 completed
mechanism_worker: 44/128 completed
mechanism_worker: 45/128 completed
mechanism_worker: 46/128 completed
mechanism_worker: 47/128 completed
mechanism_worker: 48/128 completed
mechanism_worker: 49/128 completed
mechanism_worker: 50/128 completed
mechanism_worker: 51/128 completed
mechanism_worker: 52/128 completed
mechanism_worker: 53/128 completed
mechanism_worker: 54/128 completed
mechanism_worker: 55/128 completed
mechanism_worker: 56/128 completed
mechanism_worker: 57/128 completed
mechanism_worker: 58/128 completed
mechanism_worker: 59/128 completed
mechanism_worker: 60/128 completed
mechanism_worker: 61/128 completed
mechanism_worker: 62/128 completed
mechanism_worker: 63/128 completed
mechanism_worker: 64/128 completed
mechanism_worker: 65/128 completed
mechanism_worker: 66/128 completed
mechanism_worker: 67/128 completed
mechanism_worker: 68/128 completed
mechanism_worker: 69/128 completed
mechanism_worker: 70/128 completed
mechanism_worker: 71/128 completed
mechanism_worker: 72/128 completed
mechanism_worker: 73/128 completed
mechanism_worker: 74/128 completed
mechanism_worker: 75/128 completed
mechanism_worker: 76/128 completed
mechanism_worker: 77/128 completed
mechanism_worker: 78/128 completed
mechanism_worker: 79/128 completed
mechanism_worker: 80/128 completed
mechanism_worker: 81/128 completed
mechanism_worker: 82/128 completed
mechanism_worker: 83/128 completed
mechanism_worker: 84/128 completed
mechanism_worker: 85/128 completed
mechanism_worker: 86/128 completed
mechanism_worker: 87/128 completed
mechanism_worker: 88/128 completed
mechanism_worker: 89/128 completed
mechanism_worker: 90/128 completed
mechanism_worker: 91/128 completed
mechanism_worker: 92/128 completed
mechanism_worker: 93/128 completed
mechanism_worker: 94/128 completed
mechanism_worker: 95/128 completed
mechanism_worker: 96/128 completed
mechanism_worker: 97/128 completed
mechanism_worker: 98/128 completed
mechanism_worker: 99/128 completed
mechanism_worker: 100/128 completed
mechanism_worker: 101/128 completed
mechanism_worker: 102/128 completed
mechanism_worker: 103/128 completed
mechanism_worker: 104/128 completed
mechanism_worker: 105/128 completed
mechanism_worker: 106/128 completed
mechanism_worker: 107/128 completed
mechanism_worker: 108/128 completed
mechanism_worker: 109/128 completed
mechanism_worker: 110/128 completed
mechanism_worker: 111/128 completed
mechanism_worker: 112/128 completed
mechanism_worker: 113/128 completed
mechanism_worker: 114/128 completed
mechanism_worker: 115/128 completed
mechanism_worker: 116/128 completed
mechanism_worker: 117/128 completed
mechanism_worker: 118/128 completed
mechanism_worker: 119/128 completed
mechanism_worker: 120/128 completed
mechanism_worker: 121/128 completed
mechanism_worker: 122/128 completed
mechanism_worker: 123/128 completed
mechanism_worker: 124/128 completed
mechanism_worker: 125/128 completed
mechanism_worker: 126/128 completed
mechanism_worker: 127/128 completed
mechanism_worker: 128/128 completed
{
  "experiment_id": "OBSERVATION-SEMANTICS-v1",
  "execution": "completed",
  "updated_at": "2026-10-09T10:30:22.448722+00:00",
  "scientific_verdict": "exploratory_component_specific_evidence",
  "A": {
    "planned_windows": 72,
    "available_windows": 72,
    "metrics": "stability_summary.csv"
  },
  "B": {
    "status": "completed",
    "rows": 3584,
    "event_count": 7185,
    "datasets": {
      "eeg_fnirs_single_trial": {
        "status": "completed",
        "training_windows": 120,
        "evaluation_windows": 112,
        "training_subjects": [
          "subject_01",
          "subject_03",
          "subject_05",
          "subject_07",
          "subject_09",
          "subject_11",
          "subject_13",
          "subject_15",
          "subject_17",
          "subject_19",
          "subject_21",
          "subject_23",
          "subject_25",
          "subject_27",
          "subject_29"
        ],
        "evaluation_subjects": [
          "subject_02",
          "subject_04",
          "subject_06",
          "subject_08",
          "subject_10",
          "subject_12",
          "subject_14",
          "subject_16",
          "subject_18",
          "subject_20",
          "subject_22",
          "subject_24",
          "subject_26",
          "subject_28"
        ]
      },
      "simultaneous_eeg_nirs": {
        "status": "completed",
        "training_windows": 104,
        "evaluation_windows": 104,
        "training_subjects": [
          "VP001",
          "VP003",
          "VP005",
          "VP007",
          "VP009",
          "VP011",
          "VP013",
          "VP015",
          "VP017",
          "VP019",
          "VP021",
          "VP023",
          "VP025"
        ],
        "evaluation_subjects": [
          "VP002",
          "VP004",
          "VP006",
          "VP008",
          "VP010",
          "VP012",
          "VP014",
          "VP016",
          "VP018",
          "VP020",
          "VP022",
          "VP024",
          "VP026"
        ]
      }
    }
  },
  "C": {
    "status": "completed",
    "target_count": 36,
    "available_targets": 36,
    "rows": 40320,
    "planned_target_windows": 4032,
    "available_target_windows": 4032,
    "planned_subjects": 14,
    "available_subjects": 14,
    "other_dataset_status": "Simultaneous_montage_has_no_verified_source_detector_ids"
  },
  "D": {
    "planned_identities": 128,
    "available_identities": 128,
    "cells": 6144,
    "metrics": "mechanism_summary.csv"
  },
  "E": {
    "status": "not_run",
    "reason": "no_independent_short_separation_or_peripheral_validation_dataset_supplied"
  },
  "measured": {
    "planned_records": 55,
    "available_records": 55,
    "planned_windows": 440,
    "available_windows": 440
  },
  "failures": [],
  "claims": "observation_physical_coordinates_and_tested_associations_only_no_tissue_or_unique_source_labels"
}
